{'Categories': [{'Code': 10000,
                 'CodeName': '장비',
                 'Subs': [{'Code': 170300, 'CodeName': '아뮬렛'},
                          {'Code': 180000, 'CodeName': '무기'},
                          {'Code': 190010, 'CodeName': '투구'},
                          {'Code': 190020, 'CodeName': '상의'},
                          {'Code': 190030, 'CodeName': '하의'},
                          {'Code': 190040, 'CodeName': '장갑'},
                          {'Code': 190050, 'CodeName': '어깨'}]},
                {'Code': 30000, 'CodeName': '어빌리티 스톤', 'Subs': []},
                {'Code': 200000,
                 'CodeName': '장신구',
                 'Subs': [{'Code': 200010, 'CodeName': '목걸이'},
                          {'Code': 200020, 'CodeName': '귀걸이'},
                          {'Code': 200030, 'CodeName': '반지'},
                          {'Code': 200040, 'CodeName': '팔찌'}]},
                {'Code': 210000, 'CodeName': '보석', 'Subs': []}],
 'Classes': ['버서커',
             '디스트로이어',
             '워로드',
             '홀리나이트',
             '아르카나',
             '서머너',
             '바드',
             '소서리스',
             '배틀마스터',
             '인파이터',
             '기공사',
             '창술사',
             '스트라이커',
             '블레이드',
             '데모닉',
             '리퍼',
             '호크아이',
             '데빌헌터',
             '블래스터',
             '스카우터',
             '건슬링어',
             '도화가',
             '기상술사'],
 'EtcOptions': [{'EtcSubs': [{'Class': '', 'Text': '치명', 'Value': 15},
                             {'Class': '', 'Text': '특화', 'Value': 16},
                             {'Class': '', 'Text': '제압', 'Value': 17},
                             {'Class': '', 'Text': '신속', 'Value': 18},
                             {'Class': '', 'Text': '인내', 'Value': 19},
                             {'Class': '', 'Text': '숙련', 'Value': 20}],
                 'Text': '전투 특성',
                 'Value': 2},
                {'EtcSubs': [{'Class': '', 'Text': '원한', 'Value': 118},
                             {'Class': '', 'Text': '굳은 의지', 'Value': 123},
                             {'Class': '', 'Text': '실드 관통', 'Value': 237},
                             {'Class': '', 'Text': '강령술', 'Value': 243},
                             {'Class': '', 'Text': '저주받은 인형', 'Value': 247},
                             {'Class': '', 'Text': '각성', 'Value': 255},
                             {'Class': '', 'Text': '안정된 상태', 'Value': 111},
                             {'Class': '', 'Text': '위기 모면', 'Value': 140},
                             {'Class': '', 'Text': '달인의 저력', 'Value': 238},
                             {'Class': '', 'Text': '중갑 착용', 'Value': 240},
                             {'Class': '', 'Text': '강화 방패', 'Value': 242},
                             {'Class': '', 'Text': '부러진 뼈', 'Value': 245},
                             {'Class': '', 'Text': '승부사', 'Value': 248},
                             {'Class': '', 'Text': '기습의 대가', 'Value': 249},
                             {'Class': '', 'Text': '마나의 흐름', 'Value': 251},
                             {'Class': '', 'Text': '돌격대장', 'Value': 254},
                             {'Class': '', 'Text': '약자 무시', 'Value': 107},
                             {'Class': '', 'Text': '정기 흡수', 'Value': 109},
                             {'Class': '', 'Text': '에테르 포식자', 'Value': 110},
                             {'Class': '', 'Text': '슈퍼 차지', 'Value': 121},
                             {'Class': '', 'Text': '구슬동자', 'Value': 134},
                             {'Class': '', 'Text': '예리한 둔기', 'Value': 141},
                             {'Class': '', 'Text': '불굴', 'Value': 235},
                             {'Class': '', 'Text': '여신의 가호', 'Value': 239},
                             {'Class': '', 'Text': '선수필승', 'Value': 244},
                             {'Class': '', 'Text': '급소 타격', 'Value': 142},
                             {'Class': '', 'Text': '분쇄의 주먹', 'Value': 236},
                             {'Class': '', 'Text': '폭발물 전문가', 'Value': 241},
                             {'Class': '', 'Text': '번개의 분노', 'Value': 246},
                             {'Class': '', 'Text': '바리케이드', 'Value': 253},
                             {'Class': '', 'Text': '마나 효율 증가', 'Value': 168},
                             {'Class': '', 'Text': '최대 마나 증가', 'Value': 167},
                             {'Class': '', 'Text': '탈출의 명수', 'Value': 202},
                             {'Class': '', 'Text': '결투의 대가', 'Value': 288},
                             {'Class': '', 'Text': '질량 증가', 'Value': 295},
                             {'Class': '', 'Text': '추진력', 'Value': 296},
                             {'Class': '', 'Text': '타격의 대가', 'Value': 297},
                             {'Class': '', 'Text': '시선 집중', 'Value': 298},
                             {'Class': '', 'Text': '아드레날린', 'Value': 299},
                             {'Class': '', 'Text': '속전속결', 'Value': 300},
                             {'Class': '', 'Text': '전문의', 'Value': 301},
                             {'Class': '', 'Text': '긴급구조', 'Value': 302},
                             {'Class': '', 'Text': '정밀 단도', 'Value': 303},
                             {'Class': '', 'Text': '공격력 감소', 'Value': 800},
                             {'Class': '', 'Text': '방어력 감소', 'Value': 801},
                             {'Class': '', 'Text': '공격속도 감소', 'Value': 802},
                             {'Class': '', 'Text': '이동속도 감소', 'Value': 803},
                             {'Class': '버서커', 'Text': '광기', 'Value': 125},
                             {'Class': '배틀마스터', 'Text': '오의 강화', 'Value': 127},
                             {'Class': '데빌헌터', 'Text': '강화 무기', 'Value': 129},
                             {'Class': '블래스터', 'Text': '화력 강화', 'Value': 130},
                             {'Class': '버서커', 'Text': '광전사의 비기', 'Value': 188},
                             {'Class': '배틀마스터', 'Text': '초심', 'Value': 189},
                             {'Class': '인파이터', 'Text': '극의: 체술', 'Value': 190},
                             {'Class': '인파이터', 'Text': '충격 단련', 'Value': 191},
                             {'Class': '데빌헌터', 'Text': '핸드거너', 'Value': 192},
                             {'Class': '블래스터', 'Text': '포격 강화', 'Value': 193},
                             {'Class': '바드', 'Text': '진실된 용맹', 'Value': 194},
                             {'Class': '바드', 'Text': '절실한 구원', 'Value': 195},
                             {'Class': '소서리스', 'Text': '점화', 'Value': 293},
                             {'Class': '소서리스', 'Text': '환류', 'Value': 294},
                             {'Class': '디스트로이어',
                              'Text': '분노의 망치',
                              'Value': 196},
                             {'Class': '디스트로이어', 'Text': '중력 수련', 'Value': 197},
                             {'Class': '서머너', 'Text': '상급 소환사', 'Value': 198},
                             {'Class': '서머너', 'Text': '넘치는 교감', 'Value': 199},
                             {'Class': '아르카나', 'Text': '황후의 은총', 'Value': 200},
                             {'Class': '아르카나', 'Text': '황제의 칙령', 'Value': 201},
                             {'Class': '워로드', 'Text': '전투 태세', 'Value': 224},
                             {'Class': '워로드', 'Text': '고독한 기사', 'Value': 225},
                             {'Class': '기공사', 'Text': '세맥타통', 'Value': 256},
                             {'Class': '기공사', 'Text': '역천지체', 'Value': 257},
                             {'Class': '호크아이', 'Text': '두 번째 동료', 'Value': 258},
                             {'Class': '호크아이', 'Text': '죽음의 습격', 'Value': 259},
                             {'Class': '창술사', 'Text': '절정', 'Value': 276},
                             {'Class': '창술사', 'Text': '절제', 'Value': 277},
                             {'Class': '블레이드', 'Text': '잔재된 기운', 'Value': 278},
                             {'Class': '블레이드', 'Text': '버스트', 'Value': 279},
                             {'Class': '데모닉', 'Text': '완벽한 억제', 'Value': 280},
                             {'Class': '데모닉',
                              'Text': '멈출 수 없는 충동',
                              'Value': 281},
                             {'Class': '홀리나이트', 'Text': '심판자', 'Value': 282},
                             {'Class': '홀리나이트', 'Text': '축복의 오라', 'Value': 283},
                             {'Class': '스카우터',
                              'Text': '아르데타인의 기술',
                              'Value': 284},
                             {'Class': '스카우터', 'Text': '진화의 유산', 'Value': 285},
                             {'Class': '리퍼', 'Text': '갈증', 'Value': 286},
                             {'Class': '리퍼', 'Text': '달의 소리', 'Value': 287},
                             {'Class': '건슬링어', 'Text': '피스메이커', 'Value': 289},
                             {'Class': '건슬링어', 'Text': '사냥의 시간', 'Value': 290},
                             {'Class': '스트라이커', 'Text': '일격필살', 'Value': 291},
                             {'Class': '스트라이커', 'Text': '오의난무', 'Value': 292},
                             {'Class': '도화가', 'Text': '회귀', 'Value': 305},
                             {'Class': '도화가', 'Text': '만개', 'Value': 306},
                             {'Class': '기상술사', 'Text': '질풍노도', 'Value': 307},
                             {'Class': '기상술사', 'Text': '이슬비', 'Value': 308}],
                 'Text': '각인 효과',
                 'Value': 3},
                {'EtcSubs': [{'Class': '', 'Text': '공격력 감소', 'Value': 800},
                             {'Class': '', 'Text': '공격속도 감소', 'Value': 802},
                             {'Class': '', 'Text': '방어력 감소', 'Value': 801},
                             {'Class': '', 'Text': '이동속도 감소', 'Value': 803}],
                 'Text': "<font color='#c24b46'>감소 효과</font>",
                 'Value': 6},
                {'EtcSubs': [{'Class': '', 'Text': '힘', 'Value': 3},
                             {'Class': '', 'Text': '민첩', 'Value': 4},
                             {'Class': '', 'Text': '지능', 'Value': 5},
                             {'Class': '', 'Text': '체력', 'Value': 6}],
                 'Text': '팔찌 기본 효과',
                 'Value': 1},
                {'EtcSubs': [{'Class': '', 'Text': '강타', 'Value': 39},
                             {'Class': '', 'Text': '긴급 수혈', 'Value': 33},
                             {'Class': '', 'Text': '돌진', 'Value': 38},
                             {'Class': '', 'Text': '마나회수', 'Value': 36},
                             {'Class': '', 'Text': '마법 방어력', 'Value': 2},
                             {'Class': '', 'Text': '멸시', 'Value': 29},
                             {'Class': '', 'Text': '무시', 'Value': 30},
                             {'Class': '', 'Text': '물리 방어력', 'Value': 1},
                             {'Class': '', 'Text': '반격', 'Value': 28},
                             {'Class': '', 'Text': '반전', 'Value': 31},
                             {'Class': '', 'Text': '속공', 'Value': 26},
                             {'Class': '', 'Text': '앵콜', 'Value': 35},
                             {'Class': '', 'Text': '오뚝이', 'Value': 37},
                             {'Class': '', 'Text': '응급 처치', 'Value': 34},
                             {'Class': '', 'Text': '전투 중 생명력 회복량', 'Value': 6},
                             {'Class': '', 'Text': '최대 마나', 'Value': 4},
                             {'Class': '', 'Text': '최대 생명력', 'Value': 3},
                             {'Class': '', 'Text': '타격', 'Value': 40},
                             {'Class': '', 'Text': '투자', 'Value': 27},
                             {'Class': '', 'Text': '회생', 'Value': 32}],
                 'Text': '팔찌 특수 효과',
                 'Value': 5},
                {'EtcSubs': [{'Class': '', 'Text': '고정 효과 수량', 'Value': 1},
                             {'Class': '', 'Text': '부여 효과 수량', 'Value': 2}],
                 'Text': '팔찌 옵션 수량',
                 'Value': 4}],
 'ItemGradeQualities': [10, 20, 30, 40, 50, 60, 70, 80, 90],
 'ItemGrades': ['일반', '고급', '희귀', '영웅', '전설', '유물', '고대', '에스더'],
 'ItemTiers': [1, 2, 3],
 'MaxItemLevel': 1700,
 'SkillOptions': [{'Class': '데빌헌터',
                   'IsSkillGroup': False,
                   'Text': 'AT02 유탄',
                   'Tripods': [{'IsGem': False, 'Text': '원거리 투척', 'Value': 1},
                               {'IsGem': False, 'Text': '강화 수류탄', 'Value': 4},
                               {'IsGem': False, 'Text': '세열 수류탄', 'Value': 5},
                               {'IsGem': False, 'Text': '빙결 수류탄', 'Value': 6},
                               {'IsGem': False, 'Text': '불꽃놀이', 'Value': 7},
                               {'IsGem': False, 'Text': '내부 발화', 'Value': 8},
                               {'IsGem': True,
                                'Text': '스킬 공격력 증가',
                                'Value': 500},
                               {'IsGem': True,
                                'Text': '스킬 쿨타임 감소',
                                'Value': 2700}],
                   'Value': 29120},
                  {'Class': '건슬링어',
                   'IsSkillGroup': False,
                   'Text': 'AT02 유탄',
                   'Tripods': [{'IsGem': False, 'Text': '원거리 투척', 'Value': 1},
                               {'IsGem': False, 'Text': '마력 조절', 'Value': 3},
                               {'IsGem': False, 'Text': '강화 수류탄', 'Value': 4},
                               {'IsGem': False, 'Text': '세열 수류탄', 'Value': 5},
                               {'IsGem': False, 'Text': '빙결 수류탄', 'Value': 6},
                               {'IsGem': False, 'Text': '불꽃놀이', 'Value': 7},
                               {'IsGem': False, 'Text': '내부 발화', 'Value': 8},
                               {'IsGem': True,
                                'Text': '스킬 공격력 증가',
                                'Value': 500},
                               {'IsGem': True,
                                'Text': '스킬 쿨타임 감소',
                                'Value': 2700}],
                   'Value': 38120},
                  {'Class': '호크아이',
                   'IsSkillGroup': False,
                   'Text': 'DM-42',
                   'Tripods': [{'IsGem': False, 'Text': '마력 조절', 'Value': 1},
                               {'IsGem': False, 'Text': '약육강식', 'Value': 2},
                               {'IsGem': False, 'Text': '원거리 설치', 'Value': 4},
                               {'IsGem': False, 'Text': '충격 지뢰', 'Value': 5},
                               {'IsGem': False, 'Text': '화염 지뢰', 'Value': 7},
                               {'IsGem': False, 'Text': '분산 설치', 'Value': 8},
                               {'IsGem': True,
                                'Text': '스킬 공격력 증가',
                                'Value': 500},
                               {'IsGem': True,
                                'Text': '스킬 쿨타임 감소',
                                'Value': 2700}],
                   'Value': 28120},
                  {'Class': '워로드',
                   'IsSkillGroup': False,
                   'Text': '가디언의 낙뢰',
                   'Tripods': [{'IsGem': False, 'Text': '마력 조절', 'Value': 1},
                               {'IsGem': False, 'Text': '식지않는 열기', 'Value': 2},
                               {'IsGem': False, 'Text': '피해 행운', 'Value': 3},
                               {'IsGem': False, 'Text': '강인한 일격', 'Value': 5},
                               {'IsGem': False, 'Text': '번개 줄기', 'Value': 7},
                               {'IsGem': True,
                                'Text': '스킬 공격력 증가',
                                'Value': 500},
                               {'IsGem': True,
                                'Text': '스킬 쿨타임 감소',
                                'Value': 2700}],
                   'Value': 17140},
                  {'Class': '워로드',
                   'IsSkillGroup': False,
                   'Text': '가디언의 수호',
                   'Tripods': [{'IsGem': True,
                                'Text': '스킬 공격력 증가',
                                'Value': 500},
                               {'IsGem': True,
                                'Text': '스킬 쿨타임 감소',
                                'Value': 2700}],
                   'Value': 17170},
                  {'Class': '워로드',
                   'IsSkillGroup': False,
                   'Text': '갈고리 사슬',
                   'Tripods': [{'IsGem': False, 'Text': '빠른 준비', 'Value': 1},
                               {'IsGem': False, 'Text': '마력 조절', 'Value': 2},
                               {'IsGem': False, 'Text': '강화된 일격', 'Value': 3},
                               {'IsGem': False, 'Text': '날카로운 사슬', 'Value': 4},
                               {'IsGem': False, 'Text': '족쇄', 'Value': 5},
                               {'IsGem': False, 'Text': '공격 준비', 'Value': 6},
                               {'IsGem': False, 'Text': '도발', 'Value': 8},
                               {'IsGem': True,
                                'Text': '스킬 공격력 증가',
                                'Value': 500},
                               {'IsGem': True,
                                'Text': '스킬 쿨타임 감소',
                                'Value': 2700}],
                   'Value': 17090},
                  {'Class': '블래스터',
                   'IsSkillGroup': False,
                   'Text': '강화탄',
                   'Tripods': [{'IsGem': False, 'Text': '급소 포격', 'Value': 2},
                               {'IsGem': False, 'Text': '포탄 강화', 'Value': 4},
                               {'IsGem': False, 'Text': '장전', 'Value': 5},
                               {'IsGem': False, 'Text': '재빠른 손놀림', 'Value': 6},
                               {'IsGem': False, 'Text': '내부 발화', 'Value': 8},
                               {'IsGem': True,
                                'Text': '스킬 공격력 증가',
                                'Value': 500},
                               {'IsGem': True,
                                'Text': '스킬 쿨타임 감소',
                                'Value': 2700}],
                   'Value': 30050},
                  {'Class': '블래스터',
                   'IsSkillGroup': False,
                   'Text': '개틀링건',
                   'Tripods': [{'IsGem': False, 'Text': '강화된 사격', 'Value': 1},
                               {'IsGem': False, 'Text': '빠른 준비', 'Value': 2},
                               {'IsGem': False, 'Text': '마무리 사격', 'Value': 3},
                               {'IsGem': False, 'Text': '성장 탄환', 'Value': 4},
                               {'IsGem': False, 'Text': '단단한 갑옷', 'Value': 6},
                               {'IsGem': False, 'Text': '파괴자의 의지', 'Value': 7},
                               {'IsGem': False, 'Text': '조준 사격', 'Value': 8},
                               {'IsGem': True,
                                'Text': '스킬 공격력 증가',
                                'Value': 500},
                               {'IsGem': True,
                                'Text': '스킬 쿨타임 감소',
                                'Value': 2700}],
                   'Value': 30170},
                  {'Class': '스트라이커',
                   'IsSkillGroup': False,
                   'Text': '격호각',
                   'Tripods': [{'IsGem': False, 'Text': '공격 집중', 'Value': 1},
                               {'IsGem': False, 'Text': '급소타격', 'Value': 3},
                               {'IsGem': False, 'Text': '내려차기', 'Value': 4},
                               {'IsGem': False, 'Text': '집중 타격', 'Value': 6},
                               {'IsGem': False, 'Text': '효율적인 타격', 'Value': 7},
                               {'IsGem': False, 'Text': '호왕아', 'Value': 8},
                               {'IsGem': True,
                                'Text': '스킬 공격력 증가',
                                'Value': 500},
                               {'IsGem': True,
                                'Text': '스킬 쿨타임 감소',
                                'Value': 2700}],
                   'Value': 39290},
                  {'Class': '서머너',
                   'IsSkillGroup': False,
                   'Text': '고대의 창',
                   'Tripods': [{'IsGem': False, 'Text': '고대의 심판', 'Value': 1},
                               {'IsGem': False, 'Text': '재빠른 시전', 'Value': 2},
                               {'IsGem': False, 'Text': '빠른 준비', 'Value': 3},
                               {'IsGem': False, 'Text': '폭열의 창', 'Value': 4},
                               {'IsGem': False, 'Text': '빙결의 창', 'Value': 5},
                               {'IsGem': False, 'Text': '응축된 힘', 'Value': 7},
                               {'IsGem': False, 'Text': '고대의 힘', 'Value': 8},
                               {'IsGem': True,
                                'Text': '스킬 공격력 증가',
                                'Value': 500},
                               {'IsGem': True,
                                'Text': '스킬 쿨타임 감소',
                                'Value': 2700}],
                   'Value': 20260},
                  {'Class': '블래스터',
                   'IsSkillGroup': False,
                   'Text': '고압열탄',
                   'Tripods': [{'IsGem': False, 'Text': '응축', 'Value': 1},
                               {'IsGem': False, 'Text': '확산탄', 'Value': 4},
                               {'IsGem': False, 'Text': '연발 포격', 'Value': 5},
                               {'IsGem': False, 'Text': '집속탄', 'Value': 6},
                               {'IsGem': False, 'Text': '치명적인 포격', 'Value': 7},
                               {'IsGem': False, 'Text': '화약 추가', 'Value': 8},
                               {'IsGem': True,
                                'Text': '스킬 공격력 증가',
                                'Value': 500},
                               {'IsGem': True,
                                'Text': '스킬 쿨타임 감소',
                                'Value': 2700}],
                   'Value': 30060},
                  {'Class': '스카우터',
                   'IsSkillGroup': False,
                   'Text': '고전압탄',
                   'Tripods': [{'IsGem': False, 'Text': '급소 사격', 'Value': 1},
                               {'IsGem': False, 'Text': '배터리 충전', 'Value': 2},
                               {'IsGem': False, 'Text': '빠른 준비', 'Value': 3},
                               {'IsGem': False, 'Text': '강력 감전', 'Value': 4},
                               {'IsGem': False, 'Text': '날렵한 움직임', 'Value': 5},
                               {'IsGem': False, 'Text': '전류 방출', 'Value': 6},
                               {'IsGem': False, 'Text': '압축 사격', 'Value': 8},
                               {'IsGem': True,
                                'Text': '스킬 공격력 증가',
                                'Value': 500},
                               {'IsGem': True,
                                'Text': '스킬 쿨타임 감소',
                                'Value': 2700}],
                   'Value': 35160},
                  {'Class': '블래스터',
                   'IsSkillGroup': False,
                   'Text': '곡사포',
                   'Tripods': [{'IsGem': False, 'Text': '재빠른 손놀림', 'Value': 2},
                               {'IsGem': False, 'Text': '마력 조절', 'Value': 3},
                               {'IsGem': False, 'Text': '비열한 공격', 'Value': 4},
                               {'IsGem': False, 'Text': '마무리 포격', 'Value': 5},
                               {'IsGem': False, 'Text': '집중 포격', 'Value': 6},
                               {'IsGem': False, 'Text': '섬광 포탄', 'Value': 7},
                               {'IsGem': False, 'Text': '불꽃놀이', 'Value': 8},
                               {'IsGem': True,
                                'Text': '스킬 공격력 증가',
                                'Value': 500},
                               {'IsGem': True,
                                'Text': '스킬 쿨타임 감소',
                                'Value': 2700}],
                   'Value': 30090},
                  {'Class': '인파이터',
                   'IsSkillGroup': False,
                   'Text': '공명의 사슬',
                   'Tripods': [{'IsGem': False, 'Text': '빠른 준비', 'Value': 1},
                               {'IsGem': False, 'Text': '집중', 'Value': 2},
                               {'IsGem': False, 'Text': '재빠른 손놀림', 'Value': 3},
                               {'IsGem': False, 'Text': '강화된 일격', 'Value': 4},
                               {'IsGem': False, 'Text': '거친 사슬', 'Value': 5},
                               {'IsGem': False, 'Text': '꿰뚫는 일격', 'Value': 6},
                               {'IsGem': True,
                                'Text': '스킬 공격력 증가',
                                'Value': 500},
                               {'IsGem': True,
                                'Text': '스킬 쿨타임 감소',
                                'Value': 2700}],
                   'Value': 23080},
                  {'Class': '창술사',
                   'IsSkillGroup': False,
                   'Text': '공의연무',
                   'Tripods': [{'IsGem': False, 'Text': '마력 조절', 'Value': 1},
                               {'IsGem': False, 'Text': '습격', 'Value': 2},
                               {'IsGem': False, 'Text': '단단한 갑옷', 'Value': 5},
                               {'IsGem': False, 'Text': '신속한 대응', 'Value': 7},
                               {'IsGem': False, 'Text': '날이 선 일격', 'Value': 8},
                               {'IsGem': True,
                                'Text': '스킬 공격력 증가',
                                'Value': 500},
                               {'IsGem': True,
                                'Text': '스킬 쿨타임 감소',
                                'Value': 2700}],
                   'Value': 34160},
                  {'Class': '블래스터',
                   'IsSkillGroup': False,
                   'Text': '공중 폭격',
                   'Tripods': [{'IsGem': False, 'Text': '발포 준비', 'Value': 1},
                               {'IsGem': False, 'Text': '빠른 발사', 'Value': 2},
                               {'IsGem': False, 'Text': '화염 폭격', 'Value': 4},
                               {'IsGem': False, 'Text': '냉기 폭격', 'Value': 5},
                               {'IsGem': False, 'Text': '전기 폭격', 'Value': 6},
                               {'IsGem': False, 'Text': '무자비한 폭격', 'Value': 7},
                               {'IsGem': False, 'Text': '핵폭탄', 'Value': 8},
                               {'IsGem': True,
                                'Text': '스킬 공격력 증가',
                                'Value': 500},
                               {'IsGem': True,
                                'Text': '스킬 쿨타임 감소',
                                'Value': 2700}],
                   'Value': 30110},
                  {'Class': '스카우터',
                   'IsSkillGroup': False,
                   'Text': '과충전 배터리',
                   'Tripods': [{'IsGem': False, 'Text': '배터리 충전', 'Value': 1},
                               {'IsGem': False, 'Text': '폭발성 배터리', 'Value': 4},
                               {'IsGem': False, 'Text': '진탕 배터리', 'Value': 5},
                               {'IsGem': False, 'Text': '연속 폭발', 'Value': 6},
                               {'IsGem': False, 'Text': '즉시 폭발', 'Value': 7},
                               {'IsGem': True,
                                'Text': '스킬 공격력 증가',
                                'Value': 500},
                               {'IsGem': True,
                                'Text': '스킬 쿨타임 감소',
                                'Value': 2700}],
                   'Value': 35050},
                  {'Class': '스트라이커',
                   'IsSkillGroup': False,
                   'Text': '광폭진',
                   'Tripods': [{'IsGem': False, 'Text': '공격 집중', 'Value': 1},
                               {'IsGem': False, 'Text': '마력 조절', 'Value': 2},
                               {'IsGem': False, 'Text': '약점 포착', 'Value': 5},
                               {'IsGem': False, 'Text': '빙하폭발', 'Value': 7},
                               {'IsGem': False, 'Text': '화산폭발', 'Value': 8},
                               {'IsGem': True,
                                'Text': '스킬 공격력 증가',
                                'Value': 500},
                               {'IsGem': True,
                                'Text': '스킬 쿨타임 감소',
                                'Value': 2700}],
                   'Value': 39090},
                  {'Class': '창술사',
                   'IsSkillGroup': False,
                   'Text': '굉열파',
                   'Tripods': [{'IsGem': False, 'Text': '빠른 준비', 'Value': 1},
                               {'IsGem': False, 'Text': '보호막', 'Value': 2},
                               {'IsGem': False, 'Text': '재빠른 손놀림', 'Value': 3},
                               {'IsGem': False, 'Text': '파괴하는 창', 'Value': 4},
                               {'IsGem': False, 'Text': '약점 포착', 'Value': 5},
                               {'IsGem': False, 'Text': '공파섬', 'Value': 7},
                               {'IsGem': False, 'Text': '공진참', 'Value': 8},
                               {'IsGem': True,
                                'Text': '스킬 공격력 증가',
                                'Value': 500},
                               {'IsGem': True,
                                'Text': '스킬 쿨타임 감소',
                                'Value': 2700}],
                   'Value': 34560},
                  {'Class': '디스트로이어',
                   'IsSkillGroup': False,
                   'Text': '그라비티 임팩트',
                   'Tripods': [{'IsGem': False, 'Text': '충전 강화', 'Value': 1},
                               {'IsGem': False, 'Text': '중력 강화', 'Value': 2},
                               {'IsGem': False, 'Text': '재빠른 움직임', 'Value': 3},
                               {'IsGem': False, 'Text': '단단한 정신', 'Value': 4},
                               {'IsGem': False, 'Text': '냉혹한 복수', 'Value': 5},
                               {'IsGem': True,
                                'Text': '스킬 공격력 증가',
                                'Value': 500},
                               {'IsGem': True,
                                'Text': '스킬 쿨타임 감소',
                                'Value': 2700}],
                   'Value': 18060},
                  {'Class': '디스트로이어',
                   'IsSkillGroup': False,
                   'Text': '그라비티 컴프레이션',
                   'Tripods': [{'IsGem': False, 'Text': '단단한 심장', 'Value': 1},
                               {'IsGem': False, 'Text': '합리적인 선택', 'Value': 2},
                               {'IsGem': False,
                                'Text': '견딜 수 없는 힘',
                                'Value': 3},
                               {'IsGem': False, 'Text': '강력한 마무리', 'Value': 5},
                               {'IsGem': False, 'Text': '절대적인 힘', 'Value': 6},
                               {'IsGem': False, 'Text': '자기장 강화', 'Value': 8},
                               {'IsGem': True,
                                'Text': '스킬 공격력 증가',
                                'Value': 500},
                               {'IsGem': True,
                                'Text': '스킬 쿨타임 감소',
                                'Value': 2700}],
                   'Value': 18190},
                  {'Class': '디스트로이어',
                   'IsSkillGroup': False,
                   'Text': '그라비티 포스',
                   'Tripods': [{'IsGem': False, 'Text': '충전 강화', 'Value': 1},
                               {'IsGem': False, 'Text': '단단한 신체', 'Value': 2},
                               {'IsGem': False, 'Text': '치명적인 힘', 'Value': 3},
                               {'IsGem': False, 'Text': '재빠른 움직임', 'Value': 4},
                               {'IsGem': False, 'Text': '단일 공격', 'Value': 5},
                               {'IsGem': False, 'Text': '기동성 약화', 'Value': 6},
                               {'IsGem': False, 'Text': '방출되는 본능', 'Value': 7},
                               {'IsGem': True,
                                'Text': '스킬 공격력 증가',
                                'Value': 500},
                               {'IsGem': True,
                                'Text': '스킬 쿨타임 감소',
                                'Value': 2700}],
                   'Value': 18200},
                  {'Class': '데모닉',
                   'IsSkillGroup': False,
                   'Text': '그라인드 체인',
                   'Tripods': [{'IsGem': False, 'Text': '강화된 일격', 'Value': 1},
                               {'IsGem': False, 'Text': '급소 타격', 'Value': 4},
                               {'IsGem': False, 'Text': '기동성 약화', 'Value': 5},
                               {'IsGem': False, 'Text': '연속 공격', 'Value': 7},
                               {'IsGem': False, 'Text': '그라인드 존', 'Value': 8},
                               {'IsGem': True,
                                'Text': '스킬 공격력 증가',
                                'Value': 500},
                               {'IsGem': True,
                                'Text': '스킬 쿨타임 감소',
                                'Value': 2700}],
                   'Value': 27130},
                  {'Class': '호크아이',
                   'IsSkillGroup': False,
                   'Text': '그림자 화살',
                   'Tripods': [{'IsGem': False, 'Text': '고속 충전', 'Value': 1},
                               {'IsGem': False, 'Text': '마력 조절', 'Value': 3},
                               {'IsGem': False, 'Text': '저주 강화', 'Value': 5},
                               {'IsGem': False, 'Text': '그림자 추적', 'Value': 7},
                               {'IsGem': True,
                                'Text': '스킬 공격력 증가',
                                'Value': 500},
                               {'IsGem': True,
                                'Text': '스킬 쿨타임 감소',
                                'Value': 2700}],
                   'Value': 28200},
                  {'Class': '호크아이',
                   'IsSkillGroup': False,
                   'Text': '급소 베기',
                   'Tripods': [{'IsGem': False, 'Text': '마력 조절', 'Value': 1},
                               {'IsGem': False, 'Text': '실버 마스터', 'Value': 2},
                               {'IsGem': False, 'Text': '급소 타격', 'Value': 3},
                               {'IsGem': False, 'Text': '불의의 일격', 'Value': 5},
                               {'IsGem': False, 'Text': '상처 악화', 'Value': 6},
                               {'IsGem': False, 'Text': '이중 베기', 'Value': 7},
                               {'IsGem': False, 'Text': '은밀한 움직임', 'Value': 8},
                               {'IsGem': True,
                                'Text': '스킬 공격력 증가',
                                'Value': 500},
                               {'IsGem': True,
                                'Text': '스킬 쿨타임 감소',
                                'Value': 2700}],
                   'Value': 28130},
                  {'Class': '기공사',
                   'IsSkillGroup': False,
                   'Text': '기공장',
                   'Tripods': [{'IsGem': False, 'Text': '빠른 준비', 'Value': 1},
                               {'IsGem': False, 'Text': '인내 강화', 'Value': 2},
                               {'IsGem': False, 'Text': '속도 강화', 'Value': 3},
                               {'IsGem': False, 'Text': '성장 파동', 'Value': 4},
                               {'IsGem': False, 'Text': '기동성 약화', 'Value': 5},
                               {'IsGem': False, 'Text': '강화된 파동', 'Value': 6},
                               {'IsGem': False, 'Text': '공간 팽창', 'Value': 7},
                               {'IsGem': False, 'Text': '공간 수축', 'Value': 8},
                               {'IsGem': True,
                                'Text': '스킬 공격력 증가',
                                'Value': 500},
                               {'IsGem': True,
                                'Text': '스킬 쿨타임 감소',
                                'Value': 2700}],
                   'Value': 24230},
                  {'Class': '스카우터',
                   'IsSkillGroup': False,
                   'Text': '기동 타격',
                   'Tripods': [{'IsGem': False, 'Text': '입체 기동', 'Value': 2},
                               {'IsGem': False, 'Text': '빠른 준비', 'Value': 3},
                               {'IsGem': False, 'Text': '배터리 충전', 'Value': 4},
                               {'IsGem': False, 'Text': '날렵함', 'Value': 5},
                               {'IsGem': False, 'Text': '섬광 사격', 'Value': 6},
                               {'IsGem': True,
                                'Text': '스킬 공격력 증가',
                                'Value': 500},
                               {'IsGem': True,
                                'Text': '스킬 쿨타임 감소',
                                'Value': 2700}],
                   'Value': 35180},
                  {'Class': '서머너',
                   'IsSkillGroup': False,
                   'Text': '끈적이는 이끼늪',
                   'Tripods': [{'IsGem': False, 'Text': '정신 강화', 'Value': 1},
                               {'IsGem': False, 'Text': '빠른 준비', 'Value': 2},
                               {'IsGem': False, 'Text': '공격 준비', 'Value': 3},
                               {'IsGem': False, 'Text': '맹독 이끼늪', 'Value': 5},
                               {'IsGem': True,
                                'Text': '스킬 공격력 증가',
                                'Value': 500},
                               {'IsGem': True,
                                'Text': '스킬 쿨타임 감소',
                                'Value': 2700}],
                   'Value': 20180},
                  {'Class': '데빌헌터',
                   'IsSkillGroup': False,
                   'Text': '나선의 추적자',
                   'Tripods': [{'IsGem': False, 'Text': '통찰력', 'Value': 1},
                               {'IsGem': False, 'Text': '재빠른 손놀림', 'Value': 3},
                               {'IsGem': False, 'Text': '가벼운 발걸음', 'Value': 4},
                               {'IsGem': False, 'Text': '성장 탄환', 'Value': 5},
                               {'IsGem': False, 'Text': '집중 사격', 'Value': 6},
                               {'IsGem': True,
                                'Text': '스킬 공격력 증가',
                                'Value': 500},
                               {'IsGem': True,
                                'Text': '스킬 쿨타임 감소',
                                'Value': 2700}],
                   'Value': 29180},
                  {'Class': '건슬링어',
                   'IsSkillGroup': False,
                   'Text': '나선의 추적자',
                   'Tripods': [{'IsGem': False, 'Text': '통찰력', 'Value': 1},
                               {'IsGem': False, 'Text': '재빠른 손놀림', 'Value': 3},
                               {'IsGem': False, 'Text': '가벼운 발걸음', 'Value': 4},
                               {'IsGem': False, 'Text': '성장 탄환', 'Value': 5},
                               {'IsGem': False, 'Text': '집중 사격', 'Value': 6},
                               {'IsGem': True,
                                'Text': '스킬 공격력 증가',
                                'Value': 500},
                               {'IsGem': True,
                                'Text': '스킬 쿨타임 감소',
                                'Value': 2700}],
                   'Value': 38180},
                  {'Class': '창술사',
                   'IsSkillGroup': False,
                   'Text': '나선창',
                   'Tripods': [{'IsGem': False, 'Text': '화력 조절', 'Value': 1},
                               {'IsGem': False, 'Text': '급소 타격', 'Value': 2},
                               {'IsGem': False, 'Text': '어깨 치기', 'Value': 3},
                               {'IsGem': False, 'Text': '연속 찌르기', 'Value': 4},
                               {'IsGem': False, 'Text': '나선 찌르기', 'Value': 5},
                               {'IsGem': False, 'Text': '모아 찌르기', 'Value': 6},
                               {'IsGem': False, 'Text': '기합 찌르기', 'Value': 7},
                               {'IsGem': True,
                                'Text': '스킬 공격력 증가',
                                'Value': 500},
                               {'IsGem': True,
                                'Text': '스킬 쿨타임 감소',
                                'Value': 2700}],
                   'Value': 34540},
                  {'Class': '리퍼',
                   'IsSkillGroup': False,
                   'Text': '나이트메어',
                   'Tripods': [{'IsGem': False, 'Text': '비열한 일격', 'Value': 4},
                               {'IsGem': False, 'Text': '암수', 'Value': 5},
                               {'IsGem': False, 'Text': '빠른 준비', 'Value': 6},
                               {'IsGem': False, 'Text': '배후 공격', 'Value': 7},
                               {'IsGem': True,
                                'Text': '스킬 공격력 증가',
                                'Value': 500},
                               {'IsGem': True,
                                'Text': '스킬 쿨타임 감소',
                                'Value': 2700}],
                   'Value': 26090},
                  {'Class': '기공사',
                   'IsSkillGroup': False,
                   'Text': '낙영장',
                   'Tripods': [{'IsGem': False, 'Text': '인내 강화', 'Value': 1},
                               {'IsGem': False, 'Text': '기밀한 공격', 'Value': 2},
                               {'IsGem': False, 'Text': '무방비 표적', 'Value': 4},
                               {'IsGem': False, 'Text': '약점 포착', 'Value': 5},
                               {'IsGem': False, 'Text': '무도가의 육감', 'Value': 7},
                               {'IsGem': True,
                                'Text': '스킬 공격력 증가',
                                'Value': 500},
                               {'IsGem': True,
                                'Text': '스킬 쿨타임 감소',
                                'Value': 2700}],
                   'Value': 24200},
                  {'Class': '인파이터',
                   'IsSkillGroup': False,
                   'Text': '난타연권',
                   'Tripods': [{'IsGem': False, 'Text': '빈틈포착', 'Value': 1},
                               {'IsGem': False, 'Text': '정의로운 약탈', 'Value': 2},
                               {'IsGem': False, 'Text': '붉은 폭발', 'Value': 5},
                               {'IsGem': False, 'Text': '단일 타격', 'Value': 6},
                               {'IsGem': False, 'Text': '광폭화', 'Value': 7},
                               {'IsGem': False, 'Text': '역회전 타격', 'Value': 8},
                               {'IsGem': True,
                                'Text': '스킬 공격력 증가',
                                'Value': 500},
                               {'IsGem': True,
                                'Text': '스킬 쿨타임 감소',
                                'Value': 2700}],
                   'Value': 23220},
                  {'Class': '기공사',
                   'IsSkillGroup': False,
                   'Text': '난화격',
                   'Tripods': [{'IsGem': False, 'Text': '공격 강화', 'Value': 1},
                               {'IsGem': False, 'Text': '훔쳐오기', 'Value': 2},
                               {'IsGem': False, 'Text': '후회없는 공격', 'Value': 5},
                               {'IsGem': False, 'Text': '냉정한 움직임', 'Value': 6},
                               {'IsGem': False, 'Text': '전이되는 화상', 'Value': 7},
                               {'IsGem': False, 'Text': '잔상 공격', 'Value': 8},
                               {'IsGem': True,
                                'Text': '스킬 공격력 증가',
                                'Value': 500},
                               {'IsGem': True,
                                'Text': '스킬 쿨타임 감소',
                                'Value': 2700}],
                   'Value': 24210},
                  {'Class': '기상술사',
                   'IsSkillGroup': False,
                   'Text': '날아가기',
                   'Tripods': [{'IsGem': False, 'Text': '빠른 준비', 'Value': 2},
                               {'IsGem': False, 'Text': '증기 획득', 'Value': 3},
                               {'IsGem': False, 'Text': '성장 공격', 'Value': 4},
                               {'IsGem': False, 'Text': '한기', 'Value': 5},
                               {'IsGem': False, 'Text': '낙뢰', 'Value': 6},
                               {'IsGem': False, 'Text': '기류 강화', 'Value': 8},
                               {'IsGem': True,
                                'Text': '스킬 공격력 증가',
                                'Value': 500},
                               {'IsGem': True,
                                'Text': '스킬 쿨타임 감소',
                                'Value': 2700}],
                   'Value': 32200},
                  {'Class': '워로드',
                   'IsSkillGroup': False,
                   'Text': '날카로운 창',
                   'Tripods': [{'IsGem': False, 'Text': '상처', 'Value': 4},
                               {'IsGem': False, 'Text': '무방비 표적', 'Value': 5},
                               {'IsGem': False,
                                'Text': '멈추지 않는 창격',
                                'Value': 7},
                               {'IsGem': False, 'Text': '창격 강화', 'Value': 8},
                               {'IsGem': True,
                                'Text': '스킬 공격력 증가',
                                'Value': 500},
                               {'IsGem': True,
                                'Text': '스킬 쿨타임 감소',
                                'Value': 2700}],
                   'Value': 17030},
                  {'Class': '기공사',
                   'IsSkillGroup': False,
                   'Text': '내공 방출',
                   'Tripods': [{'IsGem': False, 'Text': '재빠른 손놀림', 'Value': 1},
                               {'IsGem': False, 'Text': '빠른 준비', 'Value': 2},
                               {'IsGem': False, 'Text': '내공 방출 강화', 'Value': 5},
                               {'IsGem': False, 'Text': '공격 준비', 'Value': 7},
                               {'IsGem': False, 'Text': '무도가의 함성', 'Value': 8},
                               {'IsGem': True,
                                'Text': '스킬 공격력 증가',
                                'Value': 500},
                               {'IsGem': True,
                                'Text': '스킬 쿨타임 감소',
                                'Value': 2700}],
                   'Value': 24250},
                  {'Class': '배틀마스터',
                   'IsSkillGroup': False,
                   'Text': '내공연소',
                   'Tripods': [{'IsGem': False, 'Text': '연소 갑옷', 'Value': 1},
                               {'IsGem': False, 'Text': '가벼운 발걸음', 'Value': 2},
                               {'IsGem': False, 'Text': '엘리멘탈 갈취', 'Value': 3},
                               {'IsGem': False, 'Text': '연소 유지', 'Value': 4},
                               {'IsGem': False, 'Text': '기술 감량', 'Value': 5},
                               {'IsGem': False, 'Text': '격렬한 전투', 'Value': 6},
                               {'IsGem': False, 'Text': '수련의 힘', 'Value': 7},
                               {'IsGem': False, 'Text': '최후의 속삭임', 'Value': 8},
                               {'IsGem': True,
                                'Text': '스킬 공격력 증가',
                                'Value': 500},
                               {'IsGem': True,
                                'Text': '스킬 쿨타임 감소',
                                'Value': 2700}],
                   'Value': 22290},
                  {'Class': '기상술사',
                   'IsSkillGroup': False,
                   'Text': '내려찍기',
                   'Tripods': [{'IsGem': False, 'Text': '증기 획득', 'Value': 3},
                               {'IsGem': False, 'Text': '튼튼한 우산', 'Value': 4},
                               {'IsGem': False, 'Text': '낙뢰', 'Value': 5},
                               {'IsGem': False, 'Text': '햇살 방출', 'Value': 6},
                               {'IsGem': False, 'Text': '꿰뚫는 일격', 'Value': 7},
                               {'IsGem': True,
                                'Text': '스킬 공격력 증가',
                                'Value': 500},
                               {'IsGem': True,
                                'Text': '스킬 쿨타임 감소',
                                'Value': 2700}],
                   'Value': 32130},
                  {'Class': '블래스터',
                   'IsSkillGroup': False,
                   'Text': '네이팜탄',
                   'Tripods': [{'IsGem': False, 'Text': '급소 포격', 'Value': 4},
                               {'IsGem': False, 'Text': '뜨거운 열기', 'Value': 5},
                               {'IsGem': False, 'Text': '섬광 폭발', 'Value': 6},
                               {'IsGem': False, 'Text': '연쇄 폭발', 'Value': 7},
                               {'IsGem': False, 'Text': '춤추는 화염', 'Value': 8},
                               {'IsGem': True,
                                'Text': '스킬 공격력 증가',
                                'Value': 500},
                               {'IsGem': True,
                                'Text': '스킬 쿨타임 감소',
                                'Value': 2700}],
                   'Value': 30180},
                  {'Class': '워로드',
                   'IsSkillGroup': False,
                   'Text': '넬라시아의 기운',
                   'Tripods': [{'IsGem': False, 'Text': '가벼운 발걸음', 'Value': 1},
                               {'IsGem': False, 'Text': '마력 조절', 'Value': 2},
                               {'IsGem': False, 'Text': '빠른 준비', 'Value': 3},
                               {'IsGem': False, 'Text': '효과 증대', 'Value': 4},
                               {'IsGem': False, 'Text': '효과 유지', 'Value': 6},
                               {'IsGem': False, 'Text': '리더쉽', 'Value': 7},
                               {'IsGem': False, 'Text': '생존', 'Value': 8},
                               {'IsGem': True,
                                'Text': '스킬 공격력 증가',
                                'Value': 500},
                               {'IsGem': True,
                                'Text': '스킬 쿨타임 감소',
                                'Value': 2700}],
                   'Value': 17130},
                  {'Class': '배틀마스터',
                   'IsSkillGroup': False,
                   'Text': '뇌명각',
                   'Tripods': [{'IsGem': False, 'Text': '날카로운 움직임', 'Value': 1},
                               {'IsGem': False, 'Text': '엘리멘탈 갈취', 'Value': 2},
                               {'IsGem': False, 'Text': '무자비', 'Value': 3},
                               {'IsGem': False, 'Text': '벼락차기', 'Value': 4},
                               {'IsGem': False, 'Text': '가벼운 표적', 'Value': 5},
                               {'IsGem': False, 'Text': '강렬한 전격', 'Value': 6},
                               {'IsGem': False, 'Text': '천뢰', 'Value': 7},
                               {'IsGem': False, 'Text': '섬뢰', 'Value': 8},
                               {'IsGem': True,
                                'Text': '스킬 공격력 증가',
                                'Value': 500},
                               {'IsGem': True,
                                'Text': '스킬 쿨타임 감소',
                                'Value': 2700}],
                   'Value': 22170},
                  {'Class': '스트라이커',
                   'IsSkillGroup': False,
                   'Text': '뇌명각',
                   'Tripods': [{'IsGem': False, 'Text': '날카로운 움직임', 'Value': 1},
                               {'IsGem': False, 'Text': '엘리멘탈 갈취', 'Value': 2},
                               {'IsGem': False, 'Text': '무자비', 'Value': 3},
                               {'IsGem': False, 'Text': '벼락차기', 'Value': 4},
                               {'IsGem': False, 'Text': '가벼운 표적', 'Value': 5},
                               {'IsGem': False, 'Text': '강렬한 전격', 'Value': 6},
                               {'IsGem': False, 'Text': '천뢰', 'Value': 7},
                               {'IsGem': False, 'Text': '섬뢰', 'Value': 8},
                               {'IsGem': True,
                                'Text': '스킬 공격력 증가',
                                'Value': 500},
                               {'IsGem': True,
                                'Text': '스킬 쿨타임 감소',
                                'Value': 2700}],
                   'Value': 39170},
                  {'Class': '디스트로이어',
                   'IsSkillGroup': False,
                   'Text': '뉴트럴라이저',
                   'Tripods': [{'IsGem': False, 'Text': '중력 충전', 'Value': 1},
                               {'IsGem': False, 'Text': '대지의 기운', 'Value': 2},
                               {'IsGem': False, 'Text': '강한 충격', 'Value': 3},
                               {'IsGem': False, 'Text': '성장하는 중력', 'Value': 6},
                               {'IsGem': False, 'Text': '중력 조절', 'Value': 8},
                               {'IsGem': True,
                                'Text': '스킬 공격력 증가',
                                'Value': 500},
                               {'IsGem': True,
                                'Text': '스킬 쿨타임 감소',
                                'Value': 2700}],
                   'Value': 18100},
                  {'Class': '데모닉',
                   'IsSkillGroup': False,
                   'Text': '님블컷',
                   'Tripods': [{'IsGem': False, 'Text': '마력 조절', 'Value': 1},
                               {'IsGem': False, 'Text': '빠른 준비', 'Value': 2},
                               {'IsGem': False, 'Text': '뇌전 공격', 'Value': 4},
                               {'IsGem': False, 'Text': '암흑 공격', 'Value': 6},
                               {'IsGem': False, 'Text': '치명적인 일격', 'Value': 7},
                               {'IsGem': False, 'Text': '잠식 해방', 'Value': 8},
                               {'IsGem': True,
                                'Text': '스킬 공격력 증가',
                                'Value': 500},
                               {'IsGem': True,
                                'Text': '스킬 쿨타임 감소',
                                'Value': 2700}],
                   'Value': 27060},
                  {'Class': '블래스터',
                   'IsSkillGroup': False,
                   'Text': '다연장로켓포',
                   'Tripods': [{'IsGem': False, 'Text': '화염 로켓', 'Value': 1},
                               {'IsGem': False, 'Text': '냉기 로켓', 'Value': 2},
                               {'IsGem': False, 'Text': '고속 연사', 'Value': 4},
                               {'IsGem': False, 'Text': '기절 효과', 'Value': 5},
                               {'IsGem': False, 'Text': '재빠른 포격', 'Value': 6},
                               {'IsGem': False, 'Text': '레이저 포', 'Value': 7},
                               {'IsGem': False, 'Text': '접근 불가', 'Value': 8},
                               {'IsGem': True,
                                'Text': '스킬 공격력 증가',
                                'Value': 500},
                               {'IsGem': True,
                                'Text': '스킬 쿨타임 감소',
                                'Value': 2700}],
                   'Value': 30080},
                  {'Class': '버서커',
                   'IsSkillGroup': False,
                   'Text': '다이빙 슬래쉬',
                   'Tripods': [{'IsGem': False, 'Text': '탁월한 기동성', 'Value': 1},
                               {'IsGem': False, 'Text': '조절', 'Value': 2},
                               {'IsGem': False, 'Text': '빠른 준비', 'Value': 3},
                               {'IsGem': False, 'Text': '신속한 이동', 'Value': 4},
                               {'IsGem': False, 'Text': '대검풍', 'Value': 5},
                               {'IsGem': False, 'Text': '파워 슬래쉬', 'Value': 7},
                               {'IsGem': False, 'Text': '검파편', 'Value': 8},
                               {'IsGem': True,
                                'Text': '스킬 공격력 증가',
                                'Value': 500},
                               {'IsGem': True,
                                'Text': '스킬 쿨타임 감소',
                                'Value': 2700}],
                   'Value': 16210},
                  {'Class': '버서커',
                   'IsSkillGroup': False,
                   'Text': '다크 러쉬',
                   'Tripods': [{'IsGem': True,
                                'Text': '스킬 공격력 증가',
                                'Value': 500},
                               {'IsGem': True,
                                'Text': '스킬 쿨타임 감소',
                                'Value': 2700}],
                   'Value': 16141},
                  {'Class': '아르카나',
                   'IsSkillGroup': False,
                   'Text': '다크 리저렉션',
                   'Tripods': [{'IsGem': False, 'Text': '날렵한 움직임', 'Value': 1},
                               {'IsGem': False, 'Text': '꿰뚫는 일격', 'Value': 2},
                               {'IsGem': False, 'Text': '정신 강화', 'Value': 3},
                               {'IsGem': False, 'Text': '퀵 드로', 'Value': 4},
                               {'IsGem': False, 'Text': '치명적 카드', 'Value': 5},
                               {'IsGem': False, 'Text': '강렬한 카드', 'Value': 6},
                               {'IsGem': False, 'Text': '죽음의 공포', 'Value': 7},
                               {'IsGem': False, 'Text': '분노의 일격', 'Value': 8},
                               {'IsGem': True,
                                'Text': '스킬 공격력 증가',
                                'Value': 500},
                               {'IsGem': True,
                                'Text': '스킬 쿨타임 감소',
                                'Value': 2700}],
                   'Value': 19050},
                  {'Class': '블레이드',
                   'IsSkillGroup': False,
                   'Text': '다크 악셀',
                   'Tripods': [{'IsGem': False, 'Text': '재빠른 손놀림', 'Value': 1},
                               {'IsGem': False, 'Text': '가벼운 발걸음', 'Value': 2},
                               {'IsGem': False, 'Text': '마력 조절', 'Value': 3},
                               {'IsGem': False, 'Text': '강회전', 'Value': 5},
                               {'IsGem': False, 'Text': '급소 타격', 'Value': 6},
                               {'IsGem': False, 'Text': '어퍼 악셀', 'Value': 7},
                               {'IsGem': True,
                                'Text': '스킬 공격력 증가',
                                'Value': 500},
                               {'IsGem': True,
                                'Text': '스킬 쿨타임 감소',
                                'Value': 2700}],
                   'Value': 25150},
                  {'Class': '워로드',
                   'IsSkillGroup': False,
                   'Text': '대쉬 어퍼 파이어',
                   'Tripods': [{'IsGem': False, 'Text': '빠른 준비', 'Value': 1},
                               {'IsGem': False, 'Text': '공격 준비', 'Value': 3},
                               {'IsGem': False, 'Text': '강화된 일격', 'Value': 4},
                               {'IsGem': False, 'Text': '약점 포착', 'Value': 5},
                               {'IsGem': False, 'Text': '창격 강화', 'Value': 7},
                               {'IsGem': False,
                                'Text': '멈추지 않는 포성',
                                'Value': 8},
                               {'IsGem': True,
                                'Text': '스킬 공격력 증가',
                                'Value': 500},
                               {'IsGem': True,
                                'Text': '스킬 쿨타임 감소',
                                'Value': 2700}],
                   'Value': 17080},
                  {'Class': '데빌헌터',
                   'IsSkillGroup': False,
                   'Text': '대재앙',
                   'Tripods': [{'IsGem': False, 'Text': '재빠른 조준', 'Value': 3},
                               {'IsGem': False, 'Text': '마무리 사격', 'Value': 4},
                               {'IsGem': False, 'Text': '무방비 표적', 'Value': 5},
                               {'IsGem': False, 'Text': '영원한 재앙', 'Value': 8},
                               {'IsGem': True,
                                'Text': '스킬 공격력 증가',
                                'Value': 500},
                               {'IsGem': True,
                                'Text': '스킬 쿨타임 감소',
                                'Value': 2700}],
                   'Value': 29080},
                  {'Class': '건슬링어',
                   'IsSkillGroup': False,
                   'Text': '대재앙',
                   'Tripods': [{'IsGem': False, 'Text': '재빠른 조준', 'Value': 3},
                               {'IsGem': False, 'Text': '숨통 끊기', 'Value': 4},
                               {'IsGem': False, 'Text': '무방비 표적', 'Value': 5},
                               {'IsGem': False, 'Text': '영원한 재앙', 'Value': 8},
                               {'IsGem': True,
                                'Text': '스킬 공격력 증가',
                                'Value': 500},
                               {'IsGem': True,
                                'Text': '스킬 쿨타임 감소',
                                'Value': 2700}],
                   'Value': 38080},
                  {'Class': '서머너',
                   'IsSkillGroup': False,
                   'Text': '대지 붕괴',
                   'Tripods': [{'IsGem': False, 'Text': '화염 붕괴', 'Value': 1},
                               {'IsGem': False, 'Text': '빙하 붕괴', 'Value': 2},
                               {'IsGem': False, 'Text': '여진', 'Value': 4},
                               {'IsGem': False, 'Text': '흔들림', 'Value': 5},
                               {'IsGem': False, 'Text': '대지 조작', 'Value': 7},
                               {'IsGem': False, 'Text': '대지진', 'Value': 8},
                               {'IsGem': True,
                                'Text': '스킬 공격력 증가',
                                'Value': 500},
                               {'IsGem': True,
                                'Text': '스킬 쿨타임 감소',
                                'Value': 2700}],
                   'Value': 20240},
                  {'Class': '아르카나',
                   'IsSkillGroup': False,
                   'Text': '댄싱 오브 스파인플라워',
                   'Tripods': [{'IsGem': False, 'Text': '치명적인 꽃', 'Value': 1},
                               {'IsGem': False, 'Text': '격렬한 춤', 'Value': 2},
                               {'IsGem': False, 'Text': '가벼운 발걸음', 'Value': 3},
                               {'IsGem': False, 'Text': '짜릿한 춤', 'Value': 5},
                               {'IsGem': False, 'Text': '밤에 피는 꽃', 'Value': 6},
                               {'IsGem': False, 'Text': '가시 집약', 'Value': 7},
                               {'IsGem': False, 'Text': '페이크 플립', 'Value': 8},
                               {'IsGem': True,
                                'Text': '스킬 공격력 증가',
                                'Value': 500},
                               {'IsGem': True,
                                'Text': '스킬 쿨타임 감소',
                                'Value': 2700}],
                   'Value': 19200},
                  {'Class': '리퍼',
                   'IsSkillGroup': False,
                   'Text': '댄싱 오브 퓨리',
                   'Tripods': [{'IsGem': False, 'Text': '날렵한 움직임', 'Value': 1},
                               {'IsGem': False, 'Text': '꿰뚫는 일격', 'Value': 2},
                               {'IsGem': False, 'Text': '혼돈 강화', 'Value': 4},
                               {'IsGem': False, 'Text': '신속한 준비', 'Value': 5},
                               {'IsGem': False, 'Text': '치명적인 단검', 'Value': 6},
                               {'IsGem': False, 'Text': '그림자의 춤', 'Value': 7},
                               {'IsGem': False, 'Text': '절제된 동작', 'Value': 8},
                               {'IsGem': True,
                                'Text': '스킬 공격력 증가',
                                'Value': 500},
                               {'IsGem': True,
                                'Text': '스킬 쿨타임 감소',
                                'Value': 2700}],
                   'Value': 26830},
                  {'Class': '버서커',
                   'IsSkillGroup': False,
                   'Text': '더블 슬래쉬',
                   'Tripods': [{'IsGem': False, 'Text': '강화된 일격', 'Value': 1},
                               {'IsGem': False, 'Text': '어깨치기', 'Value': 2},
                               {'IsGem': False, 'Text': '양단', 'Value': 5},
                               {'IsGem': False, 'Text': '난도질', 'Value': 7},
                               {'IsGem': False, 'Text': '공간 베기', 'Value': 8},
                               {'IsGem': True,
                                'Text': '스킬 공격력 증가',
                                'Value': 500},
                               {'IsGem': True,
                                'Text': '스킬 쿨타임 감소',
                                'Value': 2700}],
                   'Value': 16100},
                  {'Class': '데모닉',
                   'IsSkillGroup': False,
                   'Text': '데모닉 슬래쉬',
                   'Tripods': [{'IsGem': False, 'Text': '강화된 일격', 'Value': 3},
                               {'IsGem': False, 'Text': '둔화 효과', 'Value': 5},
                               {'IsGem': False, 'Text': '날렵한 움직임', 'Value': 6},
                               {'IsGem': False, 'Text': '스핀 킥', 'Value': 8},
                               {'IsGem': True,
                                'Text': '스킬 공격력 증가',
                                'Value': 500},
                               {'IsGem': True,
                                'Text': '스킬 쿨타임 감소',
                                'Value': 2700}],
                   'Value': 27050},
                  {'Class': '데모닉',
                   'IsSkillGroup': False,
                   'Text': '데몬 그랩',
                   'Tripods': [{'IsGem': False, 'Text': '빠른 준비', 'Value': 1},
                               {'IsGem': False, 'Text': '마력 조절', 'Value': 2},
                               {'IsGem': False, 'Text': '재빠른 손놀림', 'Value': 3},
                               {'IsGem': False, 'Text': '둔화 효과', 'Value': 4},
                               {'IsGem': False, 'Text': '잠식하는 힘', 'Value': 5},
                               {'IsGem': False, 'Text': '꿰뚫는 손', 'Value': 6},
                               {'IsGem': False, 'Text': '거대한 손아귀', 'Value': 7},
                               {'IsGem': False, 'Text': '뻗어 나가는 손', 'Value': 8},
                               {'IsGem': True,
                                'Text': '스킬 공격력 증가',
                                'Value': 500},
                               {'IsGem': True,
                                'Text': '스킬 쿨타임 감소',
                                'Value': 2700}],
                   'Value': 27090},
                  {'Class': '데모닉',
                   'IsSkillGroup': False,
                   'Text': '데몬 비전',
                   'Tripods': [{'IsGem': False, 'Text': '집중 방출', 'Value': 2},
                               {'IsGem': False, 'Text': '마력 조절', 'Value': 3},
                               {'IsGem': False, 'Text': '전격 방출', 'Value': 4},
                               {'IsGem': False, 'Text': '암흑 방출', 'Value': 5},
                               {'IsGem': False, 'Text': '잠식하는 힘', 'Value': 6},
                               {'IsGem': False, 'Text': '넘치는 힘', 'Value': 8},
                               {'IsGem': True,
                                'Text': '스킬 공격력 증가',
                                'Value': 500},
                               {'IsGem': True,
                                'Text': '스킬 쿨타임 감소',
                                'Value': 2700}],
                   'Value': 27120},
                  {'Class': '데모닉',
                   'IsSkillGroup': False,
                   'Text': '데몰리션',
                   'Tripods': [{'IsGem': False, 'Text': '마력 조절', 'Value': 2},
                               {'IsGem': False, 'Text': '약점 포착', 'Value': 3},
                               {'IsGem': False, 'Text': '파상 공격', 'Value': 5},
                               {'IsGem': False, 'Text': '빠른 공격', 'Value': 6},
                               {'IsGem': False, 'Text': '잠식 해방', 'Value': 7},
                               {'IsGem': False, 'Text': '돌진 베기', 'Value': 8},
                               {'IsGem': True,
                                'Text': '스킬 공격력 증가',
                                'Value': 500},
                               {'IsGem': True,
                                'Text': '스킬 쿨타임 감소',
                                'Value': 2700}],
                   'Value': 27220},
                  {'Class': '리퍼',
                   'IsSkillGroup': False,
                   'Text': '데스 사이드',
                   'Tripods': [{'IsGem': False, 'Text': '기습', 'Value': 4},
                               {'IsGem': False, 'Text': '약육강식', 'Value': 5},
                               {'IsGem': False, 'Text': '치명적인 단검', 'Value': 6},
                               {'IsGem': False, 'Text': '데스 콜', 'Value': 7},
                               {'IsGem': True,
                                'Text': '스킬 공격력 증가',
                                'Value': 500},
                               {'IsGem': True,
                                'Text': '스킬 쿨타임 감소',
                                'Value': 2700}],
                   'Value': 26120},
                  {'Class': '블레이드',
                   'IsSkillGroup': False,
                   'Text': '데스 센텐스',
                   'Tripods': [{'IsGem': False, 'Text': '탁월한 기동성', 'Value': 1},
                               {'IsGem': False, 'Text': '빠른 준비', 'Value': 2},
                               {'IsGem': False, 'Text': '확인 사살', 'Value': 4},
                               {'IsGem': False, 'Text': '무자비', 'Value': 5},
                               {'IsGem': False, 'Text': '냉기 지대', 'Value': 6},
                               {'IsGem': False, 'Text': '회심의 일격', 'Value': 7},
                               {'IsGem': False, 'Text': '폭발', 'Value': 8},
                               {'IsGem': True,
                                'Text': '스킬 공격력 증가',
                                'Value': 500},
                               {'IsGem': True,
                                'Text': '스킬 쿨타임 감소',
                                'Value': 2700}],
                   'Value': 25080},
                  {'Class': '데빌헌터',
                   'IsSkillGroup': False,
                   'Text': '데스파이어',
                   'Tripods': [{'IsGem': False, 'Text': '재빠른 손놀림', 'Value': 1},
                               {'IsGem': False, 'Text': '예리한 일격', 'Value': 3},
                               {'IsGem': False, 'Text': '화염 폭탄', 'Value': 4},
                               {'IsGem': False, 'Text': '냉기 폭탄', 'Value': 5},
                               {'IsGem': False, 'Text': '무한 섬멸', 'Value': 8},
                               {'IsGem': True,
                                'Text': '스킬 공격력 증가',
                                'Value': 500},
                               {'IsGem': True,
                                'Text': '스킬 쿨타임 감소',
                                'Value': 2700}],
                   'Value': 29090},
                  {'Class': '건슬링어',
                   'IsSkillGroup': False,
                   'Text': '데스파이어',
                   'Tripods': [{'IsGem': False, 'Text': '재빠른 손놀림', 'Value': 1},
                               {'IsGem': False, 'Text': '예리한 일격', 'Value': 3},
                               {'IsGem': False, 'Text': '화염 폭탄', 'Value': 4},
                               {'IsGem': False, 'Text': '냉기 폭탄', 'Value': 5},
                               {'IsGem': False, 'Text': '무한 섬멸', 'Value': 8},
                               {'IsGem': True,
                                'Text': '스킬 공격력 증가',
                                'Value': 500},
                               {'IsGem': True,
                                'Text': '스킬 쿨타임 감소',
                                'Value': 2700}],
                   'Value': 38090},
                  {'Class': '데모닉',
                   'IsSkillGroup': False,
                   'Text': '데시메이트',
                   'Tripods': [{'IsGem': False, 'Text': '출혈 효과', 'Value': 1},
                               {'IsGem': False, 'Text': '재빠른 손놀림', 'Value': 2},
                               {'IsGem': False, 'Text': '빠른 준비', 'Value': 3},
                               {'IsGem': False, 'Text': '약점 포착', 'Value': 4},
                               {'IsGem': False, 'Text': '잠식 방출', 'Value': 5},
                               {'IsGem': False, 'Text': '치명적인 일격', 'Value': 6},
                               {'IsGem': False, 'Text': '냉혹한 손', 'Value': 7},
                               {'IsGem': False, 'Text': '집중 공략', 'Value': 8},
                               {'IsGem': True,
                                'Text': '스킬 공격력 증가',
                                'Value': 500},
                               {'IsGem': True,
                                'Text': '스킬 쿨타임 감소',
                                'Value': 2700}],
                   'Value': 27240},
                  {'Class': '기공사',
                   'IsSkillGroup': False,
                   'Text': '독마권',
                   'Tripods': [{'IsGem': False, 'Text': '충전 강화', 'Value': 1},
                               {'IsGem': False, 'Text': '공격 강화', 'Value': 2},
                               {'IsGem': False, 'Text': '인내 강화', 'Value': 3},
                               {'IsGem': False, 'Text': '성공적인 변화', 'Value': 4},
                               {'IsGem': False, 'Text': '꿰뚫는 일격', 'Value': 5},
                               {'IsGem': False, 'Text': '치명적인 독', 'Value': 8},
                               {'IsGem': True,
                                'Text': '스킬 공격력 증가',
                                'Value': 500},
                               {'IsGem': True,
                                'Text': '스킬 쿨타임 감소',
                                'Value': 2700}],
                   'Value': 24070},
                  {'Class': '기상술사',
                   'IsSkillGroup': False,
                   'Text': '돌개바람',
                   'Tripods': [{'IsGem': False, 'Text': '마력 조절', 'Value': 2},
                               {'IsGem': False, 'Text': '약육강식', 'Value': 4},
                               {'IsGem': False, 'Text': '약점 포착', 'Value': 5},
                               {'IsGem': False, 'Text': '부메랑 우산', 'Value': 7},
                               {'IsGem': False, 'Text': '우산 복제', 'Value': 8},
                               {'IsGem': True,
                                'Text': '스킬 공격력 증가',
                                'Value': 500},
                               {'IsGem': True,
                                'Text': '스킬 쿨타임 감소',
                                'Value': 2700}],
                   'Value': 32170},
                  {'Class': '홀리나이트',
                   'IsSkillGroup': False,
                   'Text': '돌진',
                   'Tripods': [{'IsGem': False, 'Text': '탁월한 기동성', 'Value': 1},
                               {'IsGem': False, 'Text': '빠른 준비', 'Value': 2},
                               {'IsGem': False, 'Text': '강화된 일격', 'Value': 4},
                               {'IsGem': False, 'Text': '날렵한 움직임', 'Value': 5},
                               {'IsGem': False, 'Text': '빛의 보호', 'Value': 6},
                               {'IsGem': False, 'Text': '기습 공격', 'Value': 7},
                               {'IsGem': False, 'Text': '약육강식', 'Value': 8},
                               {'IsGem': True,
                                'Text': '스킬 공격력 증가',
                                'Value': 500},
                               {'IsGem': True,
                                'Text': '스킬 쿨타임 감소',
                                'Value': 2700}],
                   'Value': 36070},
                  {'Class': '소서리스',
                   'IsSkillGroup': False,
                   'Text': '돌풍',
                   'Tripods': [{'IsGem': False, 'Text': '정신 강화', 'Value': 1},
                               {'IsGem': False, 'Text': '빠른 준비', 'Value': 2},
                               {'IsGem': False, 'Text': '날렵한 시전', 'Value': 3},
                               {'IsGem': False, 'Text': '화염 회오리', 'Value': 4},
                               {'IsGem': False, 'Text': '냉기 회오리', 'Value': 5},
                               {'IsGem': False, 'Text': '번개 회오리', 'Value': 6},
                               {'IsGem': False, 'Text': '싹쓸바람', 'Value': 8},
                               {'IsGem': True,
                                'Text': '스킬 공격력 증가',
                                'Value': 500},
                               {'IsGem': True,
                                'Text': '스킬 쿨타임 감소',
                                'Value': 2700}],
                   'Value': 37310},
                  {'Class': '디스트로이어',
                   'IsSkillGroup': False,
                   'Text': '드레드노트',
                   'Tripods': [{'IsGem': False,
                                'Text': '견딜 수 없는 힘',
                                'Value': 2},
                               {'IsGem': False, 'Text': '단단한 신체', 'Value': 4},
                               {'IsGem': False, 'Text': '강화된 일격', 'Value': 5},
                               {'IsGem': False, 'Text': '광분한 해머', 'Value': 6},
                               {'IsGem': False, 'Text': '빛나는 공격', 'Value': 7},
                               {'IsGem': False, 'Text': '몰아치는 해머', 'Value': 8},
                               {'IsGem': True,
                                'Text': '스킬 공격력 증가',
                                'Value': 500},
                               {'IsGem': True,
                                'Text': '스킬 쿨타임 감소',
                                'Value': 2700}],
                   'Value': 18110},
                  {'Class': '리퍼',
                   'IsSkillGroup': False,
                   'Text': '디스토션',
                   'Tripods': [{'IsGem': False, 'Text': '그림자 충전', 'Value': 1},
                               {'IsGem': False, 'Text': '치명적인 그림자', 'Value': 2},
                               {'IsGem': False, 'Text': '빠른 준비', 'Value': 3},
                               {'IsGem': False, 'Text': '순풍', 'Value': 5},
                               {'IsGem': False, 'Text': '약육강식', 'Value': 6},
                               {'IsGem': False, 'Text': '그림자 질주', 'Value': 7},
                               {'IsGem': True,
                                'Text': '스킬 공격력 증가',
                                'Value': 500},
                               {'IsGem': True,
                                'Text': '스킬 쿨타임 감소',
                                'Value': 2700}],
                   'Value': 26510},
                  {'Class': '기상술사',
                   'IsSkillGroup': False,
                   'Text': '뙤약볕',
                   'Tripods': [{'IsGem': False, 'Text': '빠른 준비', 'Value': 1},
                               {'IsGem': False, 'Text': '마력 조절', 'Value': 3},
                               {'IsGem': False, 'Text': '증기 조절', 'Value': 4},
                               {'IsGem': False, 'Text': '뇌진탕', 'Value': 5},
                               {'IsGem': False, 'Text': '가벼운 표적', 'Value': 6},
                               {'IsGem': False, 'Text': '빛의 부름', 'Value': 7},
                               {'IsGem': False, 'Text': '흑점 폭발', 'Value': 8},
                               {'IsGem': True,
                                'Text': '스킬 공격력 증가',
                                'Value': 500},
                               {'IsGem': True,
                                'Text': '스킬 쿨타임 감소',
                                'Value': 2700}],
                   'Value': 32240},
                  {'Class': '리퍼',
                   'IsSkillGroup': False,
                   'Text': '라스트 그래피티',
                   'Tripods': [{'IsGem': False, 'Text': '급소 타격', 'Value': 2},
                               {'IsGem': False, 'Text': '신속한 준비', 'Value': 4},
                               {'IsGem': False, 'Text': '급습 강화', 'Value': 5},
                               {'IsGem': False, 'Text': '혼돈 강화', 'Value': 6},
                               {'IsGem': False, 'Text': '유언', 'Value': 7},
                               {'IsGem': False, 'Text': '그림자 올가미', 'Value': 8},
                               {'IsGem': True,
                                'Text': '스킬 공격력 증가',
                                'Value': 500},
                               {'IsGem': True,
                                'Text': '스킬 쿨타임 감소',
                                'Value': 2700}],
                   'Value': 26800},
                  {'Class': '워로드',
                   'IsSkillGroup': False,
                   'Text': '라이징 스피어',
                   'Tripods': [{'IsGem': False, 'Text': '돌진', 'Value': 1},
                               {'IsGem': False, 'Text': '강화된 일격', 'Value': 4},
                               {'IsGem': False, 'Text': '화염창', 'Value': 5},
                               {'IsGem': False, 'Text': '대지파편', 'Value': 7},
                               {'IsGem': False, 'Text': '연쇄폭발', 'Value': 8},
                               {'IsGem': True,
                                'Text': '스킬 공격력 증가',
                                'Value': 500},
                               {'IsGem': True,
                                'Text': '스킬 쿨타임 감소',
                                'Value': 2700}],
                   'Value': 17070},
                  {'Class': '데모닉',
                   'IsSkillGroup': False,
                   'Text': '라이징 클로',
                   'Tripods': [{'IsGem': False, 'Text': '빠른 준비', 'Value': 1},
                               {'IsGem': False, 'Text': '약점 포착', 'Value': 3},
                               {'IsGem': False, 'Text': '치명적인 일격', 'Value': 5},
                               {'IsGem': False, 'Text': '착취의 손아귀', 'Value': 7},
                               {'IsGem': False, 'Text': '죽음의 손아귀', 'Value': 8},
                               {'IsGem': True,
                                'Text': '스킬 공격력 증가',
                                'Value': 500},
                               {'IsGem': True,
                                'Text': '스킬 쿨타임 감소',
                                'Value': 2700}],
                   'Value': 27100},
                  {'Class': '소서리스',
                   'IsSkillGroup': False,
                   'Text': '라이트닝 볼텍스',
                   'Tripods': [{'IsGem': False, 'Text': '정신 강화', 'Value': 3},
                               {'IsGem': False, 'Text': '가벼운 발걸음', 'Value': 5},
                               {'IsGem': False, 'Text': '사나운 번개', 'Value': 8},
                               {'IsGem': True,
                                'Text': '스킬 공격력 증가',
                                'Value': 500},
                               {'IsGem': True,
                                'Text': '스킬 쿨타임 감소',
                                'Value': 2700}],
                   'Value': 37210},
                  {'Class': '소서리스',
                   'IsSkillGroup': False,
                   'Text': '라이트닝 볼트',
                   'Tripods': [{'IsGem': False, 'Text': '마비', 'Value': 1},
                               {'IsGem': False, 'Text': '빠른 준비', 'Value': 3},
                               {'IsGem': False, 'Text': '강화된 일격', 'Value': 4},
                               {'IsGem': False, 'Text': '급소 타격', 'Value': 6},
                               {'IsGem': False, 'Text': '갈래 번개', 'Value': 7},
                               {'IsGem': False, 'Text': '전압 상승', 'Value': 8},
                               {'IsGem': True,
                                'Text': '스킬 공격력 증가',
                                'Value': 500},
                               {'IsGem': True,
                                'Text': '스킬 쿨타임 감소',
                                'Value': 2700}],
                   'Value': 37300},
                  {'Class': '호크아이',
                   'IsSkillGroup': False,
                   'Text': '래피드 샷',
                   'Tripods': [{'IsGem': False, 'Text': '마력 조절', 'Value': 2},
                               {'IsGem': False, 'Text': '더블 샷', 'Value': 4},
                               {'IsGem': False, 'Text': '쇼크 샷', 'Value': 5},
                               {'IsGem': False, 'Text': '가벼운 발걸음', 'Value': 6},
                               {'IsGem': False, 'Text': '마지막 일격', 'Value': 7},
                               {'IsGem': True,
                                'Text': '스킬 공격력 증가',
                                'Value': 500},
                               {'IsGem': True,
                                'Text': '스킬 쿨타임 감소',
                                'Value': 2700}],
                   'Value': 28020},
                  {'Class': '디스트로이어',
                   'IsSkillGroup': False,
                   'Text': '러닝 크래쉬',
                   'Tripods': [{'IsGem': False, 'Text': '재빠른 움직임', 'Value': 1},
                               {'IsGem': False, 'Text': '중력 강화', 'Value': 2},
                               {'IsGem': False, 'Text': '단단한 신체', 'Value': 3},
                               {'IsGem': False, 'Text': '반중력', 'Value': 4},
                               {'IsGem': False, 'Text': '치밀한 계획', 'Value': 5},
                               {'IsGem': False, 'Text': '강화된 전진', 'Value': 8},
                               {'IsGem': True,
                                'Text': '스킬 공격력 증가',
                                'Value': 500},
                               {'IsGem': True,
                                'Text': '스킬 쿨타임 감소',
                                'Value': 2700}],
                   'Value': 18210},
                  {'Class': '버서커',
                   'IsSkillGroup': False,
                   'Text': '레드 더스트',
                   'Tripods': [{'IsGem': False, 'Text': '날렵한 움직임', 'Value': 2},
                               {'IsGem': False, 'Text': '정신 강화', 'Value': 3},
                               {'IsGem': False, 'Text': '급소 타격', 'Value': 4},
                               {'IsGem': False, 'Text': '혈파참', 'Value': 6},
                               {'IsGem': False, 'Text': '붉은 파도', 'Value': 7},
                               {'IsGem': False, 'Text': '붉은 충격', 'Value': 8},
                               {'IsGem': True,
                                'Text': '스킬 공격력 증가',
                                'Value': 500},
                               {'IsGem': True,
                                'Text': '스킬 쿨타임 감소',
                                'Value': 2700}],
                   'Value': 16120},
                  {'Class': '서머너',
                   'IsSkillGroup': False,
                   'Text': '레이네의 가호',
                   'Tripods': [{'IsGem': False, 'Text': '가벼운 발걸음', 'Value': 3},
                               {'IsGem': False, 'Text': '보호막 강화', 'Value': 4},
                               {'IsGem': False, 'Text': '보호막 유지', 'Value': 5},
                               {'IsGem': False, 'Text': '공진', 'Value': 7},
                               {'IsGem': True,
                                'Text': '스킬 공격력 증가',
                                'Value': 500},
                               {'IsGem': True,
                                'Text': '스킬 쿨타임 감소',
                                'Value': 2700}],
                   'Value': 20040},
                  {'Class': '리퍼',
                   'IsSkillGroup': False,
                   'Text': '레이지 스피어',
                   'Tripods': [{'IsGem': False, 'Text': '치명적인 단검', 'Value': 1},
                               {'IsGem': False, 'Text': '빠른 준비', 'Value': 2},
                               {'IsGem': False, 'Text': '학살', 'Value': 3},
                               {'IsGem': False, 'Text': '고립', 'Value': 5},
                               {'IsGem': False, 'Text': '기습', 'Value': 6},
                               {'IsGem': False, 'Text': '집중 공격', 'Value': 7},
                               {'IsGem': False, 'Text': '처형', 'Value': 8},
                               {'IsGem': True,
                                'Text': '스킬 공격력 증가',
                                'Value': 500},
                               {'IsGem': True,
                                'Text': '스킬 쿨타임 감소',
                                'Value': 2700}],
                   'Value': 26810},
                  {'Class': '건슬링어',
                   'IsSkillGroup': False,
                   'Text': '레인 오브 불릿',
                   'Tripods': [{'IsGem': False, 'Text': '기습', 'Value': 1},
                               {'IsGem': False, 'Text': '사면초가', 'Value': 3},
                               {'IsGem': False, 'Text': '원거리 사격', 'Value': 4},
                               {'IsGem': False, 'Text': '속사', 'Value': 6},
                               {'IsGem': False, 'Text': '화염 사격', 'Value': 7},
                               {'IsGem': False, 'Text': '빠른 준비', 'Value': 8},
                               {'IsGem': True,
                                'Text': '스킬 공격력 증가',
                                'Value': 500},
                               {'IsGem': True,
                                'Text': '스킬 쿨타임 감소',
                                'Value': 2700}],
                   'Value': 38190},
                  {'Class': '바드',
                   'IsSkillGroup': False,
                   'Text': '리듬 벅샷',
                   'Tripods': [{'IsGem': False, 'Text': '선율 증가', 'Value': 1},
                               {'IsGem': False, 'Text': '정신 강화', 'Value': 2},
                               {'IsGem': False, 'Text': '샷 강화', 'Value': 6},
                               {'IsGem': False, 'Text': '날렵한 시전', 'Value': 7},
                               {'IsGem': False, 'Text': '샷 집중', 'Value': 8},
                               {'IsGem': True,
                                'Text': '스킬 공격력 증가',
                                'Value': 500},
                               {'IsGem': True,
                                'Text': '스킬 쿨타임 감소',
                                'Value': 2700}],
                   'Value': 21150},
                  {'Class': '소서리스',
                   'IsSkillGroup': False,
                   'Text': '리버스 그래비티',
                   'Tripods': [{'IsGem': False, 'Text': '빠른 준비', 'Value': 1},
                               {'IsGem': False, 'Text': '용암 지대', 'Value': 4},
                               {'IsGem': False, 'Text': '전격 지대', 'Value': 6},
                               {'IsGem': False, 'Text': '약점 포착', 'Value': 7},
                               {'IsGem': False, 'Text': '약육강식', 'Value': 8},
                               {'IsGem': True,
                                'Text': '스킬 공격력 증가',
                                'Value': 500},
                               {'IsGem': True,
                                'Text': '스킬 쿨타임 감소',
                                'Value': 2700}],
                   'Value': 37280},
                  {'Class': '아르카나',
                   'IsSkillGroup': False,
                   'Text': '리턴',
                   'Tripods': [{'IsGem': False, 'Text': '정신 집중', 'Value': 2},
                               {'IsGem': False, 'Text': '노출된 표적', 'Value': 4},
                               {'IsGem': False, 'Text': '약점 포착', 'Value': 5},
                               {'IsGem': False, 'Text': '집중된 카드', 'Value': 6},
                               {'IsGem': False, 'Text': '연속 공격', 'Value': 7},
                               {'IsGem': False, 'Text': '노출된 어둠', 'Value': 8},
                               {'IsGem': True,
                                'Text': '스킬 공격력 증가',
                                'Value': 500},
                               {'IsGem': True,
                                'Text': '스킬 쿨타임 감소',
                                'Value': 2700}],
                   'Value': 19260},
                  {'Class': '워로드',
                   'IsSkillGroup': False,
                   'Text': '리프 어택',
                   'Tripods': [{'IsGem': False, 'Text': '직접타격', 'Value': 1},
                               {'IsGem': False, 'Text': '빠른 준비', 'Value': 2},
                               {'IsGem': False, 'Text': '탁월한 기동성', 'Value': 3},
                               {'IsGem': False, 'Text': '전류지대', 'Value': 5},
                               {'IsGem': False, 'Text': '충격파', 'Value': 6},
                               {'IsGem': False, 'Text': '낮은 충격', 'Value': 7},
                               {'IsGem': False, 'Text': '도약', 'Value': 8},
                               {'IsGem': True,
                                'Text': '스킬 공격력 증가',
                                'Value': 500},
                               {'IsGem': True,
                                'Text': '스킬 쿨타임 감소',
                                'Value': 2700}],
                   'Value': 17110},
                  {'Class': '서머너',
                   'IsSkillGroup': False,
                   'Text': '마력의 결정체',
                   'Tripods': [{'IsGem': False, 'Text': '정신 강화', 'Value': 1},
                               {'IsGem': False, 'Text': '원거리 발사', 'Value': 2},
                               {'IsGem': False, 'Text': '화염 결정', 'Value': 4},
                               {'IsGem': False, 'Text': '얼음 결정', 'Value': 5},
                               {'IsGem': False, 'Text': '번개 결정', 'Value': 6},
                               {'IsGem': False, 'Text': '연쇄 폭발', 'Value': 7},
                               {'IsGem': False, 'Text': '광역 폭발', 'Value': 8},
                               {'IsGem': True,
                                'Text': '스킬 공격력 증가',
                                'Value': 500},
                               {'IsGem': True,
                                'Text': '스킬 쿨타임 감소',
                                'Value': 2700}],
                   'Value': 20020},
                  {'Class': '서머너',
                   'IsSkillGroup': False,
                   'Text': '마력의 질주',
                   'Tripods': [{'IsGem': False, 'Text': '불타는 질주', 'Value': 1},
                               {'IsGem': False, 'Text': '폭풍의 질주', 'Value': 2},
                               {'IsGem': False, 'Text': '얼어붙은 질주', 'Value': 3},
                               {'IsGem': False, 'Text': '붕괴의 질주', 'Value': 4},
                               {'IsGem': False, 'Text': '쾌속마', 'Value': 5},
                               {'IsGem': False, 'Text': '약점 포착', 'Value': 6},
                               {'IsGem': False, 'Text': '파괴전차', 'Value': 7},
                               {'IsGem': False, 'Text': '승천', 'Value': 8},
                               {'IsGem': True,
                                'Text': '스킬 공격력 증가',
                                'Value': 500},
                               {'IsGem': True,
                                'Text': '스킬 쿨타임 감소',
                                'Value': 2700}],
                   'Value': 20030},
                  {'Class': '서머너',
                   'IsSkillGroup': False,
                   'Text': '마리린',
                   'Tripods': [{'IsGem': False, 'Text': '공격력 강화', 'Value': 1},
                               {'IsGem': False, 'Text': '두꺼운 피부', 'Value': 2},
                               {'IsGem': False, 'Text': '도발 명령', 'Value': 4},
                               {'IsGem': False, 'Text': '돌진 명령', 'Value': 5},
                               {'IsGem': False, 'Text': '무력화 명령', 'Value': 6},
                               {'IsGem': False, 'Text': '교감', 'Value': 7},
                               {'IsGem': True,
                                'Text': '스킬 공격력 증가',
                                'Value': 500},
                               {'IsGem': True,
                                'Text': '스킬 쿨타임 감소',
                                'Value': 2700}],
                   'Value': 20130},
                  {'Class': '블레이드',
                   'IsSkillGroup': False,
                   'Text': '마엘스톰',
                   'Tripods': [{'IsGem': False, 'Text': '차가운 접촉', 'Value': 1},
                               {'IsGem': False, 'Text': '오브 조절', 'Value': 2},
                               {'IsGem': False, 'Text': '다크 오더', 'Value': 4},
                               {'IsGem': False, 'Text': '윈드 스톰', 'Value': 6},
                               {'IsGem': False, 'Text': '위압', 'Value': 8},
                               {'IsGem': True,
                                'Text': '스킬 공격력 증가',
                                'Value': 500},
                               {'IsGem': True,
                                'Text': '스킬 쿨타임 감소',
                                'Value': 2700}],
                   'Value': 25160},
                  {'Class': '버서커',
                   'IsSkillGroup': False,
                   'Text': '마운틴 크래쉬',
                   'Tripods': [{'IsGem': False, 'Text': '빠른 준비', 'Value': 1},
                               {'IsGem': False, 'Text': '집중', 'Value': 2},
                               {'IsGem': False, 'Text': '강화된 일격', 'Value': 4},
                               {'IsGem': False, 'Text': '속공 준비', 'Value': 5},
                               {'IsGem': False, 'Text': '둔화 효과', 'Value': 6},
                               {'IsGem': False, 'Text': '지진파', 'Value': 7},
                               {'IsGem': False, 'Text': '대지 충돌', 'Value': 8},
                               {'IsGem': True,
                                'Text': '스킬 공격력 증가',
                                'Value': 500},
                               {'IsGem': True,
                                'Text': '스킬 쿨타임 감소',
                                'Value': 2700}],
                   'Value': 16220},
                  {'Class': '기상술사',
                   'IsSkillGroup': False,
                   'Text': '마주바람',
                   'Tripods': [{'IsGem': False, 'Text': '마력 조절', 'Value': 1},
                               {'IsGem': False, 'Text': '빠른 준비', 'Value': 2},
                               {'IsGem': False, 'Text': '마주바람 강화', 'Value': 4},
                               {'IsGem': True,
                                'Text': '스킬 공격력 증가',
                                'Value': 500},
                               {'IsGem': True,
                                'Text': '스킬 쿨타임 감소',
                                'Value': 2700}],
                   'Value': 32230},
                  {'Class': '건슬링어',
                   'IsSkillGroup': False,
                   'Text': '마탄의 사수',
                   'Tripods': [{'IsGem': False, 'Text': '사면초가', 'Value': 3},
                               {'IsGem': False, 'Text': '특수 탄환', 'Value': 4},
                               {'IsGem': False, 'Text': '영혼의 일발', 'Value': 6},
                               {'IsGem': False, 'Text': '가디언의 숨결', 'Value': 7},
                               {'IsGem': False, 'Text': '혹한의 안식처', 'Value': 8},
                               {'IsGem': True,
                                'Text': '스킬 공격력 증가',
                                'Value': 500},
                               {'IsGem': True,
                                'Text': '스킬 쿨타임 감소',
                                'Value': 2700}],
                   'Value': 38110},
                  {'Class': '창술사',
                   'IsSkillGroup': False,
                   'Text': '맹룡열파',
                   'Tripods': [{'IsGem': False, 'Text': '화염참', 'Value': 1},
                               {'IsGem': False, 'Text': '냉기참', 'Value': 2},
                               {'IsGem': False, 'Text': '빠른 준비', 'Value': 3},
                               {'IsGem': False, 'Text': '추가 베기', 'Value': 4},
                               {'IsGem': False, 'Text': '우회 베기', 'Value': 5},
                               {'IsGem': False, 'Text': '정교한 베기', 'Value': 6},
                               {'IsGem': False, 'Text': '불굴의 용기', 'Value': 7},
                               {'IsGem': False, 'Text': '각성', 'Value': 8},
                               {'IsGem': True,
                                'Text': '스킬 공격력 증가',
                                'Value': 500},
                               {'IsGem': True,
                                'Text': '스킬 쿨타임 감소',
                                'Value': 2700}],
                   'Value': 34150},
                  {'Class': '인파이터',
                   'IsSkillGroup': False,
                   'Text': '맹호격',
                   'Tripods': [{'IsGem': False, 'Text': '복식 강화', 'Value': 3},
                               {'IsGem': False, 'Text': '약점 포착', 'Value': 5},
                               {'IsGem': False, 'Text': '집중', 'Value': 6},
                               {'IsGem': False, 'Text': '거친 분쇄', 'Value': 7},
                               {'IsGem': False, 'Text': '광란한 폭격', 'Value': 8},
                               {'IsGem': True,
                                'Text': '스킬 공격력 증가',
                                'Value': 500},
                               {'IsGem': True,
                                'Text': '스킬 쿨타임 감소',
                                'Value': 2700}],
                   'Value': 23180},
                  {'Class': '버서커',
                   'IsSkillGroup': False,
                   'Text': '메일스톰',
                   'Tripods': [{'IsGem': False, 'Text': '날렵한 움직임', 'Value': 1},
                               {'IsGem': False, 'Text': '정신 강화', 'Value': 2},
                               {'IsGem': False, 'Text': '집중', 'Value': 3},
                               {'IsGem': False, 'Text': '강화된 일격', 'Value': 5},
                               {'IsGem': False, 'Text': '급소 타격', 'Value': 6},
                               {'IsGem': False, 'Text': '화염 소용돌이', 'Value': 7},
                               {'IsGem': False, 'Text': '함몰', 'Value': 8},
                               {'IsGem': True,
                                'Text': '스킬 공격력 증가',
                                'Value': 500},
                               {'IsGem': True,
                                'Text': '스킬 쿨타임 감소',
                                'Value': 2700}],
                   'Value': 16620},
                  {'Class': '데빌헌터',
                   'IsSkillGroup': False,
                   'Text': '메테오 스트림',
                   'Tripods': [{'IsGem': False, 'Text': '마력 조절', 'Value': 1},
                               {'IsGem': False, 'Text': '약점 포착', 'Value': 3},
                               {'IsGem': False, 'Text': '비열한 공격', 'Value': 5},
                               {'IsGem': False, 'Text': '꿰뚫는 폭발', 'Value': 6},
                               {'IsGem': False, 'Text': '폭격 지원', 'Value': 7},
                               {'IsGem': False, 'Text': '혜성 낙하', 'Value': 8},
                               {'IsGem': True,
                                'Text': '스킬 공격력 증가',
                                'Value': 500},
                               {'IsGem': True,
                                'Text': '스킬 쿨타임 감소',
                                'Value': 2700}],
                   'Value': 29100},
                  {'Class': '건슬링어',
                   'IsSkillGroup': False,
                   'Text': '메테오 스트림',
                   'Tripods': [{'IsGem': False, 'Text': '마력 조절', 'Value': 1},
                               {'IsGem': False, 'Text': '약점 포착', 'Value': 3},
                               {'IsGem': False, 'Text': '비열한 공격', 'Value': 5},
                               {'IsGem': False, 'Text': '꿰뚫는 폭발', 'Value': 6},
                               {'IsGem': False, 'Text': '폭격 지원', 'Value': 7},
                               {'IsGem': False, 'Text': '혜성 낙하', 'Value': 8},
                               {'IsGem': True,
                                'Text': '스킬 공격력 증가',
                                'Value': 500},
                               {'IsGem': True,
                                'Text': '스킬 쿨타임 감소',
                                'Value': 2700}],
                   'Value': 38100},
                  {'Class': '스카우터',
                   'IsSkillGroup': False,
                   'Text': '명령 : M143 기관총',
                   'Tripods': [{'IsGem': False, 'Text': '급소 사격', 'Value': 1},
                               {'IsGem': False, 'Text': '빠른 준비', 'Value': 2},
                               {'IsGem': False, 'Text': '정교한 명령', 'Value': 3},
                               {'IsGem': False, 'Text': '치명적인 사격', 'Value': 5},
                               {'IsGem': False, 'Text': '약육 사격', 'Value': 7},
                               {'IsGem': False, 'Text': '대구경 탄환', 'Value': 8},
                               {'IsGem': True,
                                'Text': '스킬 공격력 증가',
                                'Value': 500},
                               {'IsGem': True,
                                'Text': '스킬 쿨타임 감소',
                                'Value': 2700}],
                   'Value': 35140},
                  {'Class': '스카우터',
                   'IsSkillGroup': False,
                   'Text': '명령 : 레이드 미사일',
                   'Tripods': [{'IsGem': False, 'Text': '정교한 명령', 'Value': 1},
                               {'IsGem': False,
                                'Text': '코어 에너지 충전',
                                'Value': 2},
                               {'IsGem': False, 'Text': '배터리 방출', 'Value': 3},
                               {'IsGem': False, 'Text': '오르간 미사일', 'Value': 6},
                               {'IsGem': False, 'Text': '약점 포착', 'Value': 7},
                               {'IsGem': False, 'Text': '대형 미사일', 'Value': 8},
                               {'IsGem': True,
                                'Text': '스킬 공격력 증가',
                                'Value': 500},
                               {'IsGem': True,
                                'Text': '스킬 쿨타임 감소',
                                'Value': 2700}],
                   'Value': 35110},
                  {'Class': '스카우터',
                   'IsSkillGroup': False,
                   'Text': '명령 : 베이비 드론',
                   'Tripods': [{'IsGem': False, 'Text': '정교한 명령', 'Value': 1},
                               {'IsGem': False, 'Text': '급소 공격', 'Value': 2},
                               {'IsGem': False, 'Text': '플레임 베이비', 'Value': 4},
                               {'IsGem': False, 'Text': '썬더 베이비', 'Value': 5},
                               {'IsGem': False,
                                'Text': '코어 에너지 수급',
                                'Value': 6},
                               {'IsGem': False, 'Text': '총력전', 'Value': 7},
                               {'IsGem': False, 'Text': '일제 공격', 'Value': 8},
                               {'IsGem': True,
                                'Text': '스킬 공격력 증가',
                                'Value': 500},
                               {'IsGem': True,
                                'Text': '스킬 쿨타임 감소',
                                'Value': 2700}],
                   'Value': 35100},
                  {'Class': '스카우터',
                   'IsSkillGroup': False,
                   'Text': '명령 : 블록케이드',
                   'Tripods': [{'IsGem': False, 'Text': '빠른 준비', 'Value': 2},
                               {'IsGem': False, 'Text': '급소 타격', 'Value': 3},
                               {'IsGem': False, 'Text': '폭렬 탄약', 'Value': 4},
                               {'IsGem': False,
                                'Text': '코어 에너지 충전',
                                'Value': 5},
                               {'IsGem': False, 'Text': '약점 포착', 'Value': 6},
                               {'IsGem': False, 'Text': '무차별 사격', 'Value': 7},
                               {'IsGem': False, 'Text': '완전 봉쇄', 'Value': 8},
                               {'IsGem': True,
                                'Text': '스킬 공격력 증가',
                                'Value': 500},
                               {'IsGem': True,
                                'Text': '스킬 쿨타임 감소',
                                'Value': 2700}],
                   'Value': 35070},
                  {'Class': '스카우터',
                   'IsSkillGroup': False,
                   'Text': '명령 : 액티브 펄스',
                   'Tripods': [{'IsGem': False, 'Text': '정교한 명령', 'Value': 2},
                               {'IsGem': False, 'Text': '펄스 보호막', 'Value': 4},
                               {'IsGem': False,
                                'Text': '코어 에너지 충전',
                                'Value': 5},
                               {'IsGem': False, 'Text': '약육강식', 'Value': 6},
                               {'IsGem': False, 'Text': '파문 펄스', 'Value': 7},
                               {'IsGem': True,
                                'Text': '스킬 공격력 증가',
                                'Value': 500},
                               {'IsGem': True,
                                'Text': '스킬 쿨타임 감소',
                                'Value': 2700}],
                   'Value': 35090},
                  {'Class': '스카우터',
                   'IsSkillGroup': False,
                   'Text': '명령 : 카펫',
                   'Tripods': [{'IsGem': False, 'Text': '배터리 절약', 'Value': 3},
                               {'IsGem': False, 'Text': '폭렬 포화', 'Value': 5},
                               {'IsGem': False, 'Text': '화염 바다', 'Value': 6},
                               {'IsGem': False, 'Text': '약점 포착', 'Value': 7},
                               {'IsGem': False, 'Text': '초토화', 'Value': 8},
                               {'IsGem': True,
                                'Text': '스킬 공격력 증가',
                                'Value': 500},
                               {'IsGem': True,
                                'Text': '스킬 쿨타임 감소',
                                'Value': 2700}],
                   'Value': 35060},
                  {'Class': '스카우터',
                   'IsSkillGroup': False,
                   'Text': '명령 : 플레어 빔',
                   'Tripods': [{'IsGem': False, 'Text': '상흔', 'Value': 1},
                               {'IsGem': False, 'Text': '강화 레이저', 'Value': 2},
                               {'IsGem': False, 'Text': '빠른 준비', 'Value': 3},
                               {'IsGem': False, 'Text': '프리징 빔', 'Value': 4},
                               {'IsGem': False, 'Text': '라이트닝 빔', 'Value': 5},
                               {'IsGem': False,
                                'Text': '코어 에너지 충전',
                                'Value': 6},
                               {'IsGem': False, 'Text': '레이저 쇼', 'Value': 7},
                               {'IsGem': False, 'Text': '레이저 커팅', 'Value': 8},
                               {'IsGem': True,
                                'Text': '스킬 공격력 증가',
                                'Value': 500},
                               {'IsGem': True,
                                'Text': '스킬 쿨타임 감소',
                                'Value': 2700}],
                   'Value': 35080},
                  {'Class': '기상술사',
                   'IsSkillGroup': False,
                   'Text': '몰아치기',
                   'Tripods': [{'IsGem': False, 'Text': '역류', 'Value': 1},
                               {'IsGem': False, 'Text': '혼신', 'Value': 2},
                               {'IsGem': False, 'Text': '재빠른 손놀림', 'Value': 3},
                               {'IsGem': False, 'Text': '부위파괴 강화', 'Value': 4},
                               {'IsGem': False, 'Text': '서리검', 'Value': 5},
                               {'IsGem': False, 'Text': '우레', 'Value': 6},
                               {'IsGem': False, 'Text': '공간베기', 'Value': 7},
                               {'IsGem': False, 'Text': '상승기류', 'Value': 8},
                               {'IsGem': True,
                                'Text': '스킬 공격력 증가',
                                'Value': 500},
                               {'IsGem': True,
                                'Text': '스킬 쿨타임 감소',
                                'Value': 2700}],
                   'Value': 32120},
                  {'Class': '기공사',
                   'IsSkillGroup': False,
                   'Text': '무공탄',
                   'Tripods': [{'IsGem': False, 'Text': '속도 강화', 'Value': 1},
                               {'IsGem': False, 'Text': '기동성 약화', 'Value': 3},
                               {'IsGem': False, 'Text': '관통하는 고통', 'Value': 4},
                               {'IsGem': False, 'Text': '과잉 공급', 'Value': 5},
                               {'IsGem': False, 'Text': '날카로운 공격', 'Value': 6},
                               {'IsGem': False, 'Text': '무아지경', 'Value': 7},
                               {'IsGem': False, 'Text': '마지막 한 발', 'Value': 8},
                               {'IsGem': True,
                                'Text': '스킬 공격력 증가',
                                'Value': 500},
                               {'IsGem': True,
                                'Text': '스킬 쿨타임 감소',
                                'Value': 2700}],
                   'Value': 24090},
                  {'Class': '도화가',
                   'IsSkillGroup': False,
                   'Text': '묵법 : 난치기',
                   'Tripods': [{'IsGem': False, 'Text': '정신 강화', 'Value': 2},
                               {'IsGem': False, 'Text': '도화지 강화', 'Value': 4},
                               {'IsGem': False, 'Text': '빠른 준비', 'Value': 5},
                               {'IsGem': True,
                                'Text': '스킬 공격력 증가',
                                'Value': 500},
                               {'IsGem': True,
                                'Text': '스킬 쿨타임 감소',
                                'Value': 2700}],
                   'Value': 31420},
                  {'Class': '도화가',
                   'IsSkillGroup': False,
                   'Text': '묵법 : 달그리기',
                   'Tripods': [{'IsGem': False, 'Text': '단단한 갑옷', 'Value': 1},
                               {'IsGem': False, 'Text': '마나 충전', 'Value': 2},
                               {'IsGem': False, 'Text': '재빠른 손놀림', 'Value': 3},
                               {'IsGem': False, 'Text': '별 그리기', 'Value': 4},
                               {'IsGem': False, 'Text': '먹물 세례', 'Value': 5},
                               {'IsGem': False, 'Text': '검은 달', 'Value': 6},
                               {'IsGem': False, 'Text': '붉은 달', 'Value': 8},
                               {'IsGem': True,
                                'Text': '스킬 공격력 증가',
                                'Value': 500},
                               {'IsGem': True,
                                'Text': '스킬 쿨타임 감소',
                                'Value': 2700}],
                   'Value': 31500},
                  {'Class': '도화가',
                   'IsSkillGroup': False,
                   'Text': '묵법 : 두루미나래',
                   'Tripods': [{'IsGem': False, 'Text': '재빠른 손놀림', 'Value': 1},
                               {'IsGem': False, 'Text': '정신 강화', 'Value': 3},
                               {'IsGem': False, 'Text': '신선 날개', 'Value': 4},
                               {'IsGem': False, 'Text': '치명적인 일격', 'Value': 5},
                               {'IsGem': False, 'Text': '신속한 준비', 'Value': 6},
                               {'IsGem': False, 'Text': '학익진', 'Value': 7},
                               {'IsGem': False, 'Text': '두루미 폭격', 'Value': 8},
                               {'IsGem': True,
                                'Text': '스킬 공격력 증가',
                                'Value': 500},
                               {'IsGem': True,
                                'Text': '스킬 쿨타임 감소',
                                'Value': 2700}],
                   'Value': 31480},
                  {'Class': '도화가',
                   'IsSkillGroup': False,
                   'Text': '묵법 : 먹오름',
                   'Tripods': [{'IsGem': False, 'Text': '마나 회복', 'Value': 1},
                               {'IsGem': False, 'Text': '치명적인 일격', 'Value': 2},
                               {'IsGem': False, 'Text': '늪의 공포', 'Value': 5},
                               {'IsGem': False, 'Text': '방랑자', 'Value': 6},
                               {'IsGem': False,
                                'Text': '헤어날 수 없는 늪',
                                'Value': 7},
                               {'IsGem': False, 'Text': '먹물점정', 'Value': 8},
                               {'IsGem': True,
                                'Text': '스킬 공격력 증가',
                                'Value': 500},
                               {'IsGem': True,
                                'Text': '스킬 쿨타임 감소',
                                'Value': 2700}],
                   'Value': 31440},
                  {'Class': '도화가',
                   'IsSkillGroup': False,
                   'Text': '묵법 : 미리내',
                   'Tripods': [{'IsGem': False, 'Text': '단단한 갑옷', 'Value': 1},
                               {'IsGem': False, 'Text': '재빠른 손놀림', 'Value': 3},
                               {'IsGem': False, 'Text': '방랑자', 'Value': 5},
                               {'IsGem': False, 'Text': '빠른 준비', 'Value': 6},
                               {'IsGem': False, 'Text': '푸른 별빛', 'Value': 7},
                               {'IsGem': False, 'Text': '움직이는 별빛', 'Value': 8},
                               {'IsGem': True,
                                'Text': '스킬 공격력 증가',
                                'Value': 500},
                               {'IsGem': True,
                                'Text': '스킬 쿨타임 감소',
                                'Value': 2700}],
                   'Value': 31450},
                  {'Class': '도화가',
                   'IsSkillGroup': False,
                   'Text': '묵법 : 범가르기',
                   'Tripods': [{'IsGem': False, 'Text': '비호', 'Value': 1},
                               {'IsGem': False, 'Text': '빠른 준비', 'Value': 2},
                               {'IsGem': False, 'Text': '검은 먹물', 'Value': 3},
                               {'IsGem': False, 'Text': '꿰뚫는 일격', 'Value': 4},
                               {'IsGem': False, 'Text': '무력화 강화', 'Value': 5},
                               {'IsGem': False, 'Text': '어둠의 기운', 'Value': 6},
                               {'IsGem': False,
                                'Text': '두 마리의 호랑이',
                                'Value': 7},
                               {'IsGem': False, 'Text': '강화된 일격', 'Value': 8},
                               {'IsGem': True,
                                'Text': '스킬 공격력 증가',
                                'Value': 500},
                               {'IsGem': True,
                                'Text': '스킬 쿨타임 감소',
                                'Value': 2700}],
                   'Value': 31490},
                  {'Class': '도화가',
                   'IsSkillGroup': False,
                   'Text': '묵법 : 옹달샘',
                   'Tripods': [{'IsGem': False, 'Text': '기운 강화', 'Value': 2},
                               {'IsGem': False, 'Text': '급소타격', 'Value': 3},
                               {'IsGem': False, 'Text': '강화된 일격', 'Value': 4},
                               {'IsGem': False, 'Text': '신속한 준비', 'Value': 5},
                               {'IsGem': False, 'Text': '잉어 봉인해제!', 'Value': 7},
                               {'IsGem': False, 'Text': '(잉)어왕출현', 'Value': 8},
                               {'IsGem': True,
                                'Text': '스킬 공격력 증가',
                                'Value': 500},
                               {'IsGem': True,
                                'Text': '스킬 쿨타임 감소',
                                'Value': 2700}],
                   'Value': 31230},
                  {'Class': '도화가',
                   'IsSkillGroup': False,
                   'Text': '묵법 : 해그리기',
                   'Tripods': [{'IsGem': False, 'Text': '재빠른 손놀림', 'Value': 2},
                               {'IsGem': False, 'Text': '기운 강화', 'Value': 3},
                               {'IsGem': False, 'Text': '보호 강화', 'Value': 5},
                               {'IsGem': False, 'Text': '음의 기운 발산', 'Value': 6},
                               {'IsGem': False, 'Text': '나만의 권능', 'Value': 8},
                               {'IsGem': True,
                                'Text': '스킬 공격력 증가',
                                'Value': 500},
                               {'IsGem': True,
                                'Text': '스킬 쿨타임 감소',
                                'Value': 2700}],
                   'Value': 31400},
                  {'Class': '도화가',
                   'IsSkillGroup': False,
                   'Text': '묵법 : 해우물',
                   'Tripods': [{'IsGem': False, 'Text': '빠른 준비', 'Value': 1},
                               {'IsGem': False, 'Text': '재빠른 손놀림', 'Value': 2},
                               {'IsGem': False, 'Text': '기운 강화', 'Value': 3},
                               {'IsGem': False, 'Text': '먹의 비호', 'Value': 5},
                               {'IsGem': False, 'Text': '마무리 공격', 'Value': 6},
                               {'IsGem': False, 'Text': '나만의 우물', 'Value': 8},
                               {'IsGem': True,
                                'Text': '스킬 공격력 증가',
                                'Value': 500},
                               {'IsGem': True,
                                'Text': '스킬 쿨타임 감소',
                                'Value': 2700}],
                   'Value': 31410},
                  {'Class': '도화가',
                   'IsSkillGroup': False,
                   'Text': '묵법 : 호접몽',
                   'Tripods': [{'IsGem': False, 'Text': '정신 강화', 'Value': 2},
                               {'IsGem': False, 'Text': '재빠른 손놀림', 'Value': 3},
                               {'IsGem': False, 'Text': '신속한 준비', 'Value': 4},
                               {'IsGem': False, 'Text': '꿈의 안식처', 'Value': 6},
                               {'IsGem': False, 'Text': '나비 무리', 'Value': 8},
                               {'IsGem': True,
                                'Text': '스킬 공격력 증가',
                                'Value': 500},
                               {'IsGem': True,
                                'Text': '스킬 쿨타임 감소',
                                'Value': 2700}],
                   'Value': 31460},
                  {'Class': '도화가',
                   'IsSkillGroup': False,
                   'Text': '묵법 : 환영의 문',
                   'Tripods': [{'IsGem': False, 'Text': '재빠른 손놀림', 'Value': 1},
                               {'IsGem': False, 'Text': '정신 강화', 'Value': 2},
                               {'IsGem': True,
                                'Text': '스킬 공격력 증가',
                                'Value': 500},
                               {'IsGem': True,
                                'Text': '스킬 쿨타임 감소',
                                'Value': 2700}],
                   'Value': 31220},
                  {'Class': '블레이드',
                   'IsSkillGroup': False,
                   'Text': '문라이트 소닉',
                   'Tripods': [{'IsGem': False, 'Text': '암흑 공격', 'Value': 1},
                               {'IsGem': False, 'Text': '화염 공격', 'Value': 2},
                               {'IsGem': False, 'Text': '냉기 공격', 'Value': 3},
                               {'IsGem': False, 'Text': '빠른 준비', 'Value': 4},
                               {'IsGem': False, 'Text': '지속력 강화', 'Value': 5},
                               {'IsGem': False, 'Text': '집중 공격', 'Value': 6},
                               {'IsGem': False, 'Text': '쉐이드 소닉', 'Value': 8},
                               {'IsGem': True,
                                'Text': '스킬 공격력 증가',
                                'Value': 500},
                               {'IsGem': True,
                                'Text': '스킬 쿨타임 감소',
                                'Value': 2700}],
                   'Value': 25140},
                  {'Class': '서머너',
                   'IsSkillGroup': False,
                   'Text': '물의 정령',
                   'Tripods': [{'IsGem': False, 'Text': '재빠른 시전', 'Value': 1},
                               {'IsGem': False, 'Text': '견고한 로브', 'Value': 2},
                               {'IsGem': False, 'Text': '마나 회복', 'Value': 3},
                               {'IsGem': False, 'Text': '진흙 정령', 'Value': 4},
                               {'IsGem': False, 'Text': '물보라 정령', 'Value': 5},
                               {'IsGem': False, 'Text': '약점 포착', 'Value': 6},
                               {'IsGem': False, 'Text': '정령의 지혜', 'Value': 7},
                               {'IsGem': False, 'Text': '물 대포', 'Value': 8},
                               {'IsGem': True,
                                'Text': '스킬 공격력 증가',
                                'Value': 500},
                               {'IsGem': True,
                                'Text': '스킬 쿨타임 감소',
                                'Value': 2700}],
                   'Value': 20250},
                  {'Class': '블래스터',
                   'IsSkillGroup': False,
                   'Text': '미사일 폭격',
                   'Tripods': [{'IsGem': False, 'Text': '원거리 설치', 'Value': 1},
                               {'IsGem': False, 'Text': '슬로우 효과', 'Value': 3},
                               {'IsGem': False, 'Text': '급소 폭격', 'Value': 4},
                               {'IsGem': False, 'Text': '약육강식', 'Value': 5},
                               {'IsGem': False, 'Text': '약점 포착', 'Value': 6},
                               {'IsGem': False, 'Text': 'EMP 폭발', 'Value': 7},
                               {'IsGem': False, 'Text': '원자 폭탄', 'Value': 8},
                               {'IsGem': True,
                                'Text': '스킬 공격력 증가',
                                'Value': 500},
                               {'IsGem': True,
                                'Text': '스킬 쿨타임 감소',
                                'Value': 2700}],
                   'Value': 30220},
                  {'Class': '데빌헌터',
                   'IsSkillGroup': False,
                   'Text': '민첩한 사격',
                   'Tripods': [{'IsGem': False, 'Text': '마력 조절', 'Value': 1},
                               {'IsGem': False, 'Text': '재빠른 움직임', 'Value': 2},
                               {'IsGem': False, 'Text': '급소 공격', 'Value': 3},
                               {'IsGem': False, 'Text': '근접 사격', 'Value': 4},
                               {'IsGem': False, 'Text': '탁월한 기동성', 'Value': 6},
                               {'IsGem': True,
                                'Text': '스킬 공격력 증가',
                                'Value': 500},
                               {'IsGem': True,
                                'Text': '스킬 쿨타임 감소',
                                'Value': 2700}],
                   'Value': 29200},
                  {'Class': '건슬링어',
                   'IsSkillGroup': False,
                   'Text': '민첩한 사격',
                   'Tripods': [{'IsGem': False, 'Text': '재빠른 움직임', 'Value': 2},
                               {'IsGem': False, 'Text': '급소 공격', 'Value': 3},
                               {'IsGem': False, 'Text': '근접 사격', 'Value': 4},
                               {'IsGem': False, 'Text': '탁월한 기동성', 'Value': 6},
                               {'IsGem': True,
                                'Text': '스킬 공격력 증가',
                                'Value': 500},
                               {'IsGem': True,
                                'Text': '스킬 쿨타임 감소',
                                'Value': 2700}],
                   'Value': 38200},
                  {'Class': '인파이터',
                   'IsSkillGroup': False,
                   'Text': '밀고 나가기',
                   'Tripods': [{'IsGem': False, 'Text': '급소타격', 'Value': 1},
                               {'IsGem': False, 'Text': '인내의 주먹', 'Value': 2},
                               {'IsGem': False, 'Text': '분노 표출', 'Value': 4},
                               {'IsGem': False, 'Text': '순간포착', 'Value': 5},
                               {'IsGem': False, 'Text': '꿰뚫는 일격', 'Value': 6},
                               {'IsGem': False, 'Text': '죽음의 문턱', 'Value': 7},
                               {'IsGem': False, 'Text': '난폭한 전진', 'Value': 8},
                               {'IsGem': True,
                                'Text': '스킬 공격력 증가',
                                'Value': 500},
                               {'IsGem': True,
                                'Text': '스킬 쿨타임 감소',
                                'Value': 2700}],
                   'Value': 23200},
                  {'Class': '기상술사',
                   'IsSkillGroup': False,
                   'Text': '바람송곳',
                   'Tripods': [{'IsGem': False, 'Text': '역류', 'Value': 1},
                               {'IsGem': False, 'Text': '관통', 'Value': 2},
                               {'IsGem': False, 'Text': '후벼파기', 'Value': 4},
                               {'IsGem': False, 'Text': '번개 바람', 'Value': 5},
                               {'IsGem': False, 'Text': '큰 센바람', 'Value': 6},
                               {'IsGem': False, 'Text': '연쇄 공격', 'Value': 7},
                               {'IsGem': False, 'Text': '단일 공격', 'Value': 8},
                               {'IsGem': True,
                                'Text': '스킬 공격력 증가',
                                'Value': 500},
                               {'IsGem': True,
                                'Text': '스킬 쿨타임 감소',
                                'Value': 2700}],
                   'Value': 32250},
                  {'Class': '배틀마스터',
                   'IsSkillGroup': False,
                   'Text': '바람의 속삭임',
                   'Tripods': [{'IsGem': False, 'Text': '바람의 축복', 'Value': 1},
                               {'IsGem': False, 'Text': '바람의 가호', 'Value': 2},
                               {'IsGem': False, 'Text': '바람의 맹세', 'Value': 3},
                               {'IsGem': False, 'Text': '전사의 용기', 'Value': 4},
                               {'IsGem': False, 'Text': '빠른 준비', 'Value': 5},
                               {'IsGem': False, 'Text': '공격 준비', 'Value': 7},
                               {'IsGem': False, 'Text': '초강풍', 'Value': 8},
                               {'IsGem': True,
                                'Text': '스킬 공격력 증가',
                                'Value': 500},
                               {'IsGem': True,
                                'Text': '스킬 쿨타임 감소',
                                'Value': 2700}],
                   'Value': 22120},
                  {'Class': '창술사',
                   'IsSkillGroup': False,
                   'Text': '반월섬',
                   'Tripods': [{'IsGem': False, 'Text': '난무 특화', 'Value': 1},
                               {'IsGem': False, 'Text': '회전 올려치기', 'Value': 3},
                               {'IsGem': False, 'Text': '약점타격', 'Value': 4},
                               {'IsGem': False, 'Text': '이중 올려치기', 'Value': 5},
                               {'IsGem': False, 'Text': '최후의 판단', 'Value': 6},
                               {'IsGem': False, 'Text': '돌격 베기', 'Value': 7},
                               {'IsGem': False, 'Text': '강풍 베기', 'Value': 8},
                               {'IsGem': True,
                                'Text': '스킬 공격력 증가',
                                'Value': 500},
                               {'IsGem': True,
                                'Text': '스킬 쿨타임 감소',
                                'Value': 2700}],
                   'Value': 34110},
                  {'Class': '배틀마스터',
                   'IsSkillGroup': False,
                   'Text': '방천격',
                   'Tripods': [{'IsGem': False, 'Text': '엘리멘탈 갈취', 'Value': 1},
                               {'IsGem': False, 'Text': '약점 포착', 'Value': 2},
                               {'IsGem': False, 'Text': '정의로운 빛', 'Value': 4},
                               {'IsGem': False, 'Text': '어둠 가르기', 'Value': 5},
                               {'IsGem': False, 'Text': '강렬한 전격', 'Value': 6},
                               {'IsGem': False, 'Text': '남다른 격', 'Value': 7},
                               {'IsGem': False, 'Text': '특출난 능력', 'Value': 8},
                               {'IsGem': True,
                                'Text': '스킬 공격력 증가',
                                'Value': 500},
                               {'IsGem': True,
                                'Text': '스킬 쿨타임 감소',
                                'Value': 2700}],
                   'Value': 22320},
                  {'Class': '스트라이커',
                   'IsSkillGroup': False,
                   'Text': '방천격',
                   'Tripods': [{'IsGem': False, 'Text': '엘리멘탈 갈취', 'Value': 1},
                               {'IsGem': False, 'Text': '약점 포착', 'Value': 2},
                               {'IsGem': False, 'Text': '정의로운 빛', 'Value': 4},
                               {'IsGem': False, 'Text': '어둠 가르기', 'Value': 5},
                               {'IsGem': False, 'Text': '강렬한 전격', 'Value': 6},
                               {'IsGem': False, 'Text': '남다른 격', 'Value': 7},
                               {'IsGem': False, 'Text': '특출난 능력', 'Value': 8},
                               {'IsGem': True,
                                'Text': '스킬 공격력 증가',
                                'Value': 500},
                               {'IsGem': True,
                                'Text': '스킬 쿨타임 감소',
                                'Value': 2700}],
                   'Value': 39320},
                  {'Class': '서머너',
                   'IsSkillGroup': False,
                   'Text': '방출된 의지',
                   'Tripods': [{'IsGem': False, 'Text': '마력 조절', 'Value': 2},
                               {'IsGem': False, 'Text': '기운 조절', 'Value': 3},
                               {'IsGem': False, 'Text': '혹한의 바람', 'Value': 5},
                               {'IsGem': False, 'Text': '모래 바람', 'Value': 6},
                               {'IsGem': False, 'Text': '마력 증폭', 'Value': 8},
                               {'IsGem': True,
                                'Text': '스킬 공격력 증가',
                                'Value': 500},
                               {'IsGem': True,
                                'Text': '스킬 쿨타임 감소',
                                'Value': 2700}],
                   'Value': 20200},
                  {'Class': '워로드',
                   'IsSkillGroup': False,
                   'Text': '방패 격동',
                   'Tripods': [{'IsGem': False, 'Text': '빠른 준비', 'Value': 1},
                               {'IsGem': False, 'Text': '날렵한 움직임', 'Value': 2},
                               {'IsGem': False, 'Text': '방어 준비', 'Value': 6},
                               {'IsGem': False, 'Text': '두 번째 격동', 'Value': 7},
                               {'IsGem': False, 'Text': '강습', 'Value': 8},
                               {'IsGem': True,
                                'Text': '스킬 공격력 증가',
                                'Value': 500},
                               {'IsGem': True,
                                'Text': '스킬 쿨타임 감소',
                                'Value': 2700}],
                   'Value': 17100},
                  {'Class': '워로드',
                   'IsSkillGroup': False,
                   'Text': '방패 돌진',
                   'Tripods': [{'IsGem': False, 'Text': '단단한 갑옷', 'Value': 1},
                               {'IsGem': False, 'Text': '빠른 준비', 'Value': 2},
                               {'IsGem': False, 'Text': '강화된 일격', 'Value': 3},
                               {'IsGem': False, 'Text': '보호막', 'Value': 5},
                               {'IsGem': False, 'Text': '가벼운 발걸음', 'Value': 6},
                               {'IsGem': False,
                                'Text': '끝나지 않은 공격',
                                'Value': 7},
                               {'IsGem': False, 'Text': '파괴 전차', 'Value': 8},
                               {'IsGem': True,
                                'Text': '스킬 공격력 증가',
                                'Value': 500},
                               {'IsGem': True,
                                'Text': '스킬 쿨타임 감소',
                                'Value': 2700}],
                   'Value': 17050},
                  {'Class': '워로드',
                   'IsSkillGroup': False,
                   'Text': '방패 밀치기',
                   'Tripods': [{'IsGem': False, 'Text': '방어 준비', 'Value': 2},
                               {'IsGem': False, 'Text': '날렵한 움직임', 'Value': 3},
                               {'IsGem': False, 'Text': '방패 강화', 'Value': 4},
                               {'IsGem': False, 'Text': '약점 포착', 'Value': 6},
                               {'IsGem': False, 'Text': '추가 타격', 'Value': 7},
                               {'IsGem': False, 'Text': '눈 먼 충격', 'Value': 8},
                               {'IsGem': True,
                                'Text': '스킬 공격력 증가',
                                'Value': 500},
                               {'IsGem': True,
                                'Text': '스킬 쿨타임 감소',
                                'Value': 2700}],
                   'Value': 17150},
                  {'Class': '워로드',
                   'IsSkillGroup': False,
                   'Text': '배쉬',
                   'Tripods': [{'IsGem': False, 'Text': '날렵한 움직임', 'Value': 2},
                               {'IsGem': False, 'Text': '전격 배쉬', 'Value': 3},
                               {'IsGem': False, 'Text': '공격 준비', 'Value': 4},
                               {'IsGem': False, 'Text': '방패 강화', 'Value': 6},
                               {'IsGem': False, 'Text': '메아리', 'Value': 8},
                               {'IsGem': True,
                                'Text': '스킬 공격력 증가',
                                'Value': 500},
                               {'IsGem': True,
                                'Text': '스킬 쿨타임 감소',
                                'Value': 2700}],
                   'Value': 17040},
                  {'Class': '아르카나',
                   'IsSkillGroup': False,
                   'Text': '백 플러쉬',
                   'Tripods': [{'IsGem': False, 'Text': '정신 강화', 'Value': 1},
                               {'IsGem': False, 'Text': '탁월한 기동성', 'Value': 3},
                               {'IsGem': False, 'Text': '페이크 플립', 'Value': 6},
                               {'IsGem': True,
                                'Text': '스킬 공격력 증가',
                                'Value': 500},
                               {'IsGem': True,
                                'Text': '스킬 쿨타임 감소',
                                'Value': 2700}],
                   'Value': 19230},
                  {'Class': '스카우터',
                   'IsSkillGroup': False,
                   'Text': '백플립 스트라이크',
                   'Tripods': [{'IsGem': False, 'Text': '탁월한 기동성', 'Value': 2},
                               {'IsGem': False, 'Text': '집중 공격', 'Value': 6},
                               {'IsGem': False, 'Text': '즉시 발화', 'Value': 7},
                               {'IsGem': False, 'Text': '폭탄 다발', 'Value': 8},
                               {'IsGem': True,
                                'Text': '스킬 공격력 증가',
                                'Value': 500},
                               {'IsGem': True,
                                'Text': '스킬 쿨타임 감소',
                                'Value': 2700}],
                   'Value': 35150},
                  {'Class': '워로드',
                   'IsSkillGroup': False,
                   'Text': '버스트 캐넌',
                   'Tripods': [{'IsGem': False, 'Text': '관통탄', 'Value': 1},
                               {'IsGem': False, 'Text': '확산탄', 'Value': 2},
                               {'IsGem': False, 'Text': '고폭탄', 'Value': 3},
                               {'IsGem': False, 'Text': '정밀한 포격', 'Value': 4},
                               {'IsGem': False, 'Text': '과충전', 'Value': 6},
                               {'IsGem': False, 'Text': '회전포격', 'Value': 7},
                               {'IsGem': False, 'Text': '집중포화', 'Value': 8},
                               {'IsGem': True,
                                'Text': '스킬 공격력 증가',
                                'Value': 500},
                               {'IsGem': True,
                                'Text': '스킬 쿨타임 감소',
                                'Value': 2700}],
                   'Value': 17200},
                  {'Class': '스트라이커',
                   'IsSkillGroup': False,
                   'Text': '번개의 속삭임',
                   'Tripods': [{'IsGem': False, 'Text': '엘리멘탈 갈취', 'Value': 3},
                               {'IsGem': False, 'Text': '빠른 준비', 'Value': 4},
                               {'IsGem': False, 'Text': '전이되는 번개', 'Value': 5},
                               {'IsGem': False, 'Text': '약육강식', 'Value': 8},
                               {'IsGem': True,
                                'Text': '스킬 공격력 증가',
                                'Value': 500},
                               {'IsGem': True,
                                'Text': '스킬 쿨타임 감소',
                                'Value': 2700}],
                   'Value': 39080},
                  {'Class': '기공사',
                   'IsSkillGroup': False,
                   'Text': '번천장',
                   'Tripods': [{'IsGem': False, 'Text': '빠른 준비', 'Value': 1},
                               {'IsGem': False, 'Text': '인내 강화', 'Value': 2},
                               {'IsGem': False, 'Text': '화염 공격', 'Value': 4},
                               {'IsGem': False, 'Text': '적극적인 공격', 'Value': 6},
                               {'IsGem': False, 'Text': '공간 흡착', 'Value': 8},
                               {'IsGem': True,
                                'Text': '스킬 공격력 증가',
                                'Value': 500},
                               {'IsGem': True,
                                'Text': '스킬 쿨타임 감소',
                                'Value': 2700}],
                   'Value': 24110},
                  {'Class': '기공사',
                   'IsSkillGroup': False,
                   'Text': '벽력장',
                   'Tripods': [{'IsGem': False, 'Text': '선공 준비', 'Value': 1},
                               {'IsGem': False, 'Text': '인내 강화', 'Value': 2},
                               {'IsGem': False, 'Text': '냉기 공격', 'Value': 5},
                               {'IsGem': False, 'Text': '화염 공격', 'Value': 6},
                               {'IsGem': False, 'Text': '몰아치는 공격', 'Value': 7},
                               {'IsGem': False, 'Text': '잔인한 손아귀', 'Value': 8},
                               {'IsGem': True,
                                'Text': '스킬 공격력 증가',
                                'Value': 500},
                               {'IsGem': True,
                                'Text': '스킬 쿨타임 감소',
                                'Value': 2700}],
                   'Value': 24080},
                  {'Class': '블레이드',
                   'IsSkillGroup': False,
                   'Text': '보이드 스트라이크',
                   'Tripods': [{'IsGem': False, 'Text': '재빠른 손놀림', 'Value': 1},
                               {'IsGem': False, 'Text': '오브 조절', 'Value': 3},
                               {'IsGem': False, 'Text': '암흑 공격', 'Value': 4},
                               {'IsGem': False, 'Text': '공허 지대', 'Value': 5},
                               {'IsGem': False, 'Text': '블랙 익스플로젼', 'Value': 7},
                               {'IsGem': True,
                                'Text': '스킬 공격력 증가',
                                'Value': 500},
                               {'IsGem': True,
                                'Text': '스킬 쿨타임 감소',
                                'Value': 2700}],
                   'Value': 25180},
                  {'Class': '기상술사',
                   'IsSkillGroup': False,
                   'Text': '봄바람',
                   'Tripods': [{'IsGem': False, 'Text': '마력 조절', 'Value': 1},
                               {'IsGem': False, 'Text': '빠른 준비', 'Value': 2},
                               {'IsGem': False, 'Text': '단단한 갑옷', 'Value': 3},
                               {'IsGem': False, 'Text': '약육강식', 'Value': 4},
                               {'IsGem': False, 'Text': '마파람', 'Value': 7},
                               {'IsGem': False, 'Text': '높새바람', 'Value': 8},
                               {'IsGem': True,
                                'Text': '스킬 공격력 증가',
                                'Value': 500},
                               {'IsGem': True,
                                'Text': '스킬 쿨타임 감소',
                                'Value': 2700}],
                   'Value': 32220},
                  {'Class': '스카우터',
                   'IsSkillGroup': False,
                   'Text': '불릿 해일',
                   'Tripods': [{'IsGem': False, 'Text': '재빠른 손놀림', 'Value': 1},
                               {'IsGem': False, 'Text': '강화 사격', 'Value': 4},
                               {'IsGem': False, 'Text': '배터리 충전', 'Value': 5},
                               {'IsGem': False, 'Text': '약육 사격', 'Value': 6},
                               {'IsGem': False, 'Text': '강화 탄창', 'Value': 8},
                               {'IsGem': True,
                                'Text': '스킬 공격력 증가',
                                'Value': 500},
                               {'IsGem': True,
                                'Text': '스킬 쿨타임 감소',
                                'Value': 2700}],
                   'Value': 35040},
                  {'Class': '바드',
                   'IsSkillGroup': False,
                   'Text': '불협화음',
                   'Tripods': [{'IsGem': False, 'Text': '날렵한 시전', 'Value': 1},
                               {'IsGem': False, 'Text': '선율 증가', 'Value': 2},
                               {'IsGem': False, 'Text': '정신 강화', 'Value': 3},
                               {'IsGem': False, 'Text': '약육강식', 'Value': 4},
                               {'IsGem': False, 'Text': '무기력한 화음', 'Value': 5},
                               {'IsGem': False, 'Text': '살아있는 화음', 'Value': 7},
                               {'IsGem': False, 'Text': '화음 강화', 'Value': 8},
                               {'IsGem': True,
                                'Text': '스킬 공격력 증가',
                                'Value': 500},
                               {'IsGem': True,
                                'Text': '스킬 쿨타임 감소',
                                'Value': 2700}],
                   'Value': 21060},
                  {'Class': '배틀마스터',
                   'IsSkillGroup': False,
                   'Text': '붕천퇴',
                   'Tripods': [{'IsGem': False, 'Text': '재빠른 발놀림', 'Value': 3},
                               {'IsGem': False, 'Text': '수룡각', 'Value': 4},
                               {'IsGem': False, 'Text': '공격 준비', 'Value': 6},
                               {'IsGem': False, 'Text': '파쇄의 질풍각', 'Value': 7},
                               {'IsGem': False, 'Text': '자원 증폭', 'Value': 8},
                               {'IsGem': True,
                                'Text': '스킬 공격력 증가',
                                'Value': 500},
                               {'IsGem': True,
                                'Text': '스킬 쿨타임 감소',
                                'Value': 2700}],
                   'Value': 22160},
                  {'Class': '스트라이커',
                   'IsSkillGroup': False,
                   'Text': '붕천퇴',
                   'Tripods': [{'IsGem': False, 'Text': '재빠른 발놀림', 'Value': 3},
                               {'IsGem': False, 'Text': '수룡각', 'Value': 4},
                               {'IsGem': False, 'Text': '바람의 축복', 'Value': 6},
                               {'IsGem': False, 'Text': '파쇄의 질풍각', 'Value': 7},
                               {'IsGem': False, 'Text': '자원 증폭', 'Value': 8},
                               {'IsGem': True,
                                'Text': '스킬 공격력 증가',
                                'Value': 500},
                               {'IsGem': True,
                                'Text': '스킬 쿨타임 감소',
                                'Value': 2700}],
                   'Value': 39160},
                  {'Class': '데모닉',
                   'IsSkillGroup': False,
                   'Text': '브루탈 크로스',
                   'Tripods': [{'IsGem': False, 'Text': '전기 공격', 'Value': 1},
                               {'IsGem': False, 'Text': '암흑 공격', 'Value': 3},
                               {'IsGem': False, 'Text': '치명적인 일격', 'Value': 6},
                               {'IsGem': False, 'Text': '기습 침투', 'Value': 7},
                               {'IsGem': False, 'Text': '크리티컬 크로스', 'Value': 8},
                               {'IsGem': True,
                                'Text': '스킬 공격력 증가',
                                'Value': 500},
                               {'IsGem': True,
                                'Text': '스킬 쿨타임 감소',
                                'Value': 2700}],
                   'Value': 27080},
                  {'Class': '리퍼',
                   'IsSkillGroup': False,
                   'Text': '블랙 미스트',
                   'Tripods': [{'IsGem': False, 'Text': '그림자 충전', 'Value': 1},
                               {'IsGem': False, 'Text': '탁월한 기동성', 'Value': 2},
                               {'IsGem': False, 'Text': '안개의 눈', 'Value': 4},
                               {'IsGem': False, 'Text': '퍼지는 안개', 'Value': 6},
                               {'IsGem': False, 'Text': '안개 폭발', 'Value': 8},
                               {'IsGem': True,
                                'Text': '스킬 공격력 증가',
                                'Value': 500},
                               {'IsGem': True,
                                'Text': '스킬 쿨타임 감소',
                                'Value': 2700}],
                   'Value': 26560},
                  {'Class': '버서커',
                   'IsSkillGroup': False,
                   'Text': '블러디 러쉬',
                   'Tripods': [{'IsGem': True,
                                'Text': '스킬 공격력 증가',
                                'Value': 500},
                               {'IsGem': True,
                                'Text': '스킬 쿨타임 감소',
                                'Value': 2700}],
                   'Value': 16140},
                  {'Class': '블레이드',
                   'IsSkillGroup': False,
                   'Text': '블레이드 댄스',
                   'Tripods': [{'IsGem': False, 'Text': '암흑 공격', 'Value': 1},
                               {'IsGem': False, 'Text': '화염 공격', 'Value': 2},
                               {'IsGem': False, 'Text': '빠른 준비', 'Value': 4},
                               {'IsGem': False, 'Text': '급소 타격', 'Value': 6},
                               {'IsGem': False, 'Text': '마무리 강화', 'Value': 7},
                               {'IsGem': False, 'Text': '난도질', 'Value': 8},
                               {'IsGem': True,
                                'Text': '스킬 공격력 증가',
                                'Value': 500},
                               {'IsGem': True,
                                'Text': '스킬 쿨타임 감소',
                                'Value': 2700}],
                   'Value': 25100},
                  {'Class': '호크아이',
                   'IsSkillGroup': False,
                   'Text': '블레이드 스톰',
                   'Tripods': [{'IsGem': False, 'Text': '원거리 타격', 'Value': 1},
                               {'IsGem': False, 'Text': '재빠른 손놀림', 'Value': 2},
                               {'IsGem': False, 'Text': '실버 마스터', 'Value': 3},
                               {'IsGem': False, 'Text': '독 칼날', 'Value': 4},
                               {'IsGem': False, 'Text': '번개 칼날', 'Value': 5},
                               {'IsGem': False, 'Text': '블레이드 댄스', 'Value': 7},
                               {'IsGem': False, 'Text': '쉐도우 댄스', 'Value': 8},
                               {'IsGem': True,
                                'Text': '스킬 공격력 증가',
                                'Value': 500},
                               {'IsGem': True,
                                'Text': '스킬 쿨타임 감소',
                                'Value': 2700}],
                   'Value': 28150},
                  {'Class': '소서리스',
                   'IsSkillGroup': False,
                   'Text': '블레이즈',
                   'Tripods': [{'IsGem': False, 'Text': '발화', 'Value': 1},
                               {'IsGem': False, 'Text': '정신 강화', 'Value': 3},
                               {'IsGem': False, 'Text': '불꽃 확장', 'Value': 5},
                               {'IsGem': False, 'Text': '이글거리는 화염', 'Value': 6},
                               {'IsGem': False, 'Text': '약점 포착', 'Value': 7},
                               {'IsGem': False,
                                'Text': '꺼지지 않는 불꽃',
                                'Value': 8},
                               {'IsGem': True,
                                'Text': '스킬 공격력 증가',
                                'Value': 500},
                               {'IsGem': True,
                                'Text': '스킬 쿨타임 감소',
                                'Value': 2700}],
                   'Value': 37200},
                  {'Class': '블레이드',
                   'IsSkillGroup': False,
                   'Text': '블리츠 러시',
                   'Tripods': [{'IsGem': False, 'Text': '탁월한 기동성', 'Value': 2},
                               {'IsGem': False, 'Text': '급소 타격', 'Value': 3},
                               {'IsGem': False, 'Text': '차지 강화', 'Value': 5},
                               {'IsGem': False, 'Text': '다크 차지', 'Value': 6},
                               {'IsGem': False, 'Text': '쉐도우 러시', 'Value': 7},
                               {'IsGem': False, 'Text': '듀얼 블리츠', 'Value': 8},
                               {'IsGem': True,
                                'Text': '스킬 공격력 증가',
                                'Value': 500},
                               {'IsGem': True,
                                'Text': '스킬 쿨타임 감소',
                                'Value': 2700}],
                   'Value': 25200},
                  {'Class': '리퍼',
                   'IsSkillGroup': False,
                   'Text': '블링크',
                   'Tripods': [{'IsGem': False, 'Text': '그림자 충전', 'Value': 1},
                               {'IsGem': False, 'Text': '꿰뚫는 일격', 'Value': 2},
                               {'IsGem': False, 'Text': '발목 절단', 'Value': 3},
                               {'IsGem': False, 'Text': '전진 베기', 'Value': 4},
                               {'IsGem': False, 'Text': '소용돌이 표창', 'Value': 5},
                               {'IsGem': False, 'Text': '분쇄 표창', 'Value': 6},
                               {'IsGem': False, 'Text': '죽음의 그림자', 'Value': 7},
                               {'IsGem': False, 'Text': '그림자 강화', 'Value': 8},
                               {'IsGem': True,
                                'Text': '스킬 공격력 증가',
                                'Value': 500},
                               {'IsGem': True,
                                'Text': '스킬 쿨타임 감소',
                                'Value': 2700}],
                   'Value': 26520},
                  {'Class': '바드',
                   'IsSkillGroup': False,
                   'Text': '빛의 광시곡',
                   'Tripods': [{'IsGem': False, 'Text': '마력 조절', 'Value': 1},
                               {'IsGem': False, 'Text': '빠른 준비', 'Value': 2},
                               {'IsGem': False, 'Text': '날렵한 시전', 'Value': 3},
                               {'IsGem': False, 'Text': '빛의 집중', 'Value': 7},
                               {'IsGem': False, 'Text': '빛의 보호', 'Value': 8},
                               {'IsGem': True,
                                'Text': '스킬 공격력 증가',
                                'Value': 500},
                               {'IsGem': True,
                                'Text': '스킬 쿨타임 감소',
                                'Value': 2700}],
                   'Value': 21260},
                  {'Class': '홀리나이트',
                   'IsSkillGroup': False,
                   'Text': '빛의 충격',
                   'Tripods': [{'IsGem': False, 'Text': '신앙심', 'Value': 4},
                               {'IsGem': False, 'Text': '기동성 약화', 'Value': 5},
                               {'IsGem': False, 'Text': '빛나는 구체', 'Value': 7},
                               {'IsGem': False, 'Text': '강력한 충격', 'Value': 8},
                               {'IsGem': True,
                                'Text': '스킬 공격력 증가',
                                'Value': 500},
                               {'IsGem': True,
                                'Text': '스킬 쿨타임 감소',
                                'Value': 2700}],
                   'Value': 36050},
                  {'Class': '창술사',
                   'IsSkillGroup': False,
                   'Text': '사두룡격',
                   'Tripods': [{'IsGem': False, 'Text': '화력 조절', 'Value': 1},
                               {'IsGem': False, 'Text': '재빠른 손놀림', 'Value': 2},
                               {'IsGem': False, 'Text': '급소 타격', 'Value': 3},
                               {'IsGem': False, 'Text': '난폭한 찌르기', 'Value': 4},
                               {'IsGem': False, 'Text': '최후의 창', 'Value': 5},
                               {'IsGem': False, 'Text': '빠른 준비', 'Value': 7},
                               {'IsGem': False, 'Text': '덧난 상처', 'Value': 8},
                               {'IsGem': True,
                                'Text': '스킬 공격력 증가',
                                'Value': 500},
                               {'IsGem': True,
                                'Text': '스킬 쿨타임 감소',
                                'Value': 2700}],
                   'Value': 34550},
                  {'Class': '바드',
                   'IsSkillGroup': False,
                   'Text': '사운드 쇼크',
                   'Tripods': [{'IsGem': False, 'Text': '빠른 준비', 'Value': 1},
                               {'IsGem': False, 'Text': '폭파 유지', 'Value': 3},
                               {'IsGem': False, 'Text': '싸늘한 쇼크', 'Value': 5},
                               {'IsGem': False, 'Text': '쇼크 강화', 'Value': 6},
                               {'IsGem': False, 'Text': '곡사', 'Value': 8},
                               {'IsGem': True,
                                'Text': '스킬 공격력 증가',
                                'Value': 500},
                               {'IsGem': True,
                                'Text': '스킬 쿨타임 감소',
                                'Value': 2700}],
                   'Value': 21020},
                  {'Class': '바드',
                   'IsSkillGroup': False,
                   'Text': '사운드 웨이브',
                   'Tripods': [{'IsGem': False, 'Text': '날렵한 시전', 'Value': 1},
                               {'IsGem': False, 'Text': '마력 조절', 'Value': 4},
                               {'IsGem': False, 'Text': '인내의 웨이브', 'Value': 5},
                               {'IsGem': False, 'Text': '선율 증가', 'Value': 6},
                               {'IsGem': False, 'Text': '불타는 웨이브', 'Value': 7},
                               {'IsGem': True,
                                'Text': '스킬 공격력 증가',
                                'Value': 500},
                               {'IsGem': True,
                                'Text': '스킬 쿨타임 감소',
                                'Value': 2700}],
                   'Value': 21050},
                  {'Class': '바드',
                   'IsSkillGroup': False,
                   'Text': '사운드 홀릭',
                   'Tripods': [{'IsGem': False, 'Text': '사운드 집중', 'Value': 1},
                               {'IsGem': False, 'Text': '진압', 'Value': 2},
                               {'IsGem': False, 'Text': '지속력 강화', 'Value': 4},
                               {'IsGem': False, 'Text': '소리 방벽', 'Value': 5},
                               {'IsGem': False, 'Text': '기동성 약화', 'Value': 6},
                               {'IsGem': False, 'Text': '선율 증가', 'Value': 7},
                               {'IsGem': False, 'Text': '집중 포화', 'Value': 8},
                               {'IsGem': True,
                                'Text': '스킬 공격력 증가',
                                'Value': 500},
                               {'IsGem': True,
                                'Text': '스킬 쿨타임 감소',
                                'Value': 2700}],
                   'Value': 21120},
                  {'Class': '디스트로이어',
                   'IsSkillGroup': False,
                   'Text': '사이즈믹 해머',
                   'Tripods': [{'IsGem': False, 'Text': '빠른 준비', 'Value': 1},
                               {'IsGem': False, 'Text': '강화된 일격', 'Value': 3},
                               {'IsGem': False, 'Text': '중력 충전', 'Value': 4},
                               {'IsGem': False, 'Text': '뇌진탕', 'Value': 5},
                               {'IsGem': False, 'Text': '절대적인 힘', 'Value': 6},
                               {'IsGem': False, 'Text': '굶주린 힘', 'Value': 7},
                               {'IsGem': False,
                                'Text': '강화된 약점 포착',
                                'Value': 8},
                               {'IsGem': True,
                                'Text': '스킬 공격력 증가',
                                'Value': 500},
                               {'IsGem': True,
                                'Text': '스킬 쿨타임 감소',
                                'Value': 2700}],
                   'Value': 18130},
                  {'Class': '리퍼',
                   'IsSkillGroup': False,
                   'Text': '사일런트 스매셔',
                   'Tripods': [{'IsGem': False, 'Text': '빠른 준비', 'Value': 3},
                               {'IsGem': False, 'Text': '그림자 잔상', 'Value': 6},
                               {'IsGem': False, 'Text': '지면 강타', 'Value': 7},
                               {'IsGem': False, 'Text': '압살', 'Value': 8},
                               {'IsGem': True,
                                'Text': '스킬 공격력 증가',
                                'Value': 500},
                               {'IsGem': True,
                                'Text': '스킬 쿨타임 감소',
                                'Value': 2700}],
                   'Value': 26820},
                  {'Class': '데빌헌터',
                   'IsSkillGroup': False,
                   'Text': '사형 집행',
                   'Tripods': [{'IsGem': False, 'Text': '가벼운 발놀림', 'Value': 1},
                               {'IsGem': False, 'Text': '급소 타격', 'Value': 3},
                               {'IsGem': False, 'Text': '사격 개시', 'Value': 6},
                               {'IsGem': False, 'Text': '대공 사격', 'Value': 7},
                               {'IsGem': False, 'Text': '무차별 난사', 'Value': 8},
                               {'IsGem': True,
                                'Text': '스킬 공격력 증가',
                                'Value': 500},
                               {'IsGem': True,
                                'Text': '스킬 쿨타임 감소',
                                'Value': 2700}],
                   'Value': 29020},
                  {'Class': '블래스터',
                   'IsSkillGroup': False,
                   'Text': '산탄',
                   'Tripods': [{'IsGem': False, 'Text': '약점 포착', 'Value': 3},
                               {'IsGem': False, 'Text': '급소 타격', 'Value': 4},
                               {'IsGem': False, 'Text': '꿰뚫는 일격', 'Value': 5},
                               {'IsGem': False, 'Text': '섬멸 산탄', 'Value': 7},
                               {'IsGem': False, 'Text': '내부 발화', 'Value': 8},
                               {'IsGem': True,
                                'Text': '스킬 공격력 증가',
                                'Value': 500},
                               {'IsGem': True,
                                'Text': '스킬 쿨타임 감소',
                                'Value': 2700}],
                   'Value': 30070},
                  {'Class': '배틀마스터',
                   'IsSkillGroup': False,
                   'Text': '삼연권',
                   'Tripods': [{'IsGem': False, 'Text': '암흑 공격', 'Value': 1},
                               {'IsGem': False, 'Text': '엘리멘탈 갈취', 'Value': 2},
                               {'IsGem': False, 'Text': '화염 공격', 'Value': 3},
                               {'IsGem': False, 'Text': '단단한 갑옷', 'Value': 4},
                               {'IsGem': False, 'Text': '성장 공격', 'Value': 5},
                               {'IsGem': False, 'Text': '무자비', 'Value': 6},
                               {'IsGem': False, 'Text': '뇌신권', 'Value': 7},
                               {'IsGem': False, 'Text': '오연권', 'Value': 8},
                               {'IsGem': True,
                                'Text': '스킬 공격력 증가',
                                'Value': 500},
                               {'IsGem': True,
                                'Text': '스킬 쿨타임 감소',
                                'Value': 2700}],
                   'Value': 22180},
                  {'Class': '스트라이커',
                   'IsSkillGroup': False,
                   'Text': '삼연권',
                   'Tripods': [{'IsGem': False, 'Text': '암흑 공격', 'Value': 1},
                               {'IsGem': False, 'Text': '엘리멘탈 갈취', 'Value': 2},
                               {'IsGem': False, 'Text': '화염 공격', 'Value': 3},
                               {'IsGem': False, 'Text': '단단한 갑옷', 'Value': 4},
                               {'IsGem': False, 'Text': '성장 공격', 'Value': 5},
                               {'IsGem': False, 'Text': '무자비', 'Value': 6},
                               {'IsGem': False, 'Text': '뇌신권', 'Value': 7},
                               {'IsGem': False, 'Text': '오연권', 'Value': 8},
                               {'IsGem': True,
                                'Text': '스킬 공격력 증가',
                                'Value': 500},
                               {'IsGem': True,
                                'Text': '스킬 쿨타임 감소',
                                'Value': 2700}],
                   'Value': 39180},
                  {'Class': '리퍼',
                   'IsSkillGroup': False,
                   'Text': '샤벨 스팅거',
                   'Tripods': [{'IsGem': False, 'Text': '두개의 그림자', 'Value': 4},
                               {'IsGem': False, 'Text': '날카로운 단검', 'Value': 5},
                               {'IsGem': False, 'Text': '낙인 활성', 'Value': 7},
                               {'IsGem': False, 'Text': '속전속결', 'Value': 8},
                               {'IsGem': True,
                                'Text': '스킬 공격력 증가',
                                'Value': 500},
                               {'IsGem': True,
                                'Text': '스킬 쿨타임 감소',
                                'Value': 2700}],
                   'Value': 26110},
                  {'Class': '데모닉',
                   'IsSkillGroup': False,
                   'Text': '샤펀 컷',
                   'Tripods': [{'IsGem': False, 'Text': '탁월한 기동성', 'Value': 1},
                               {'IsGem': False, 'Text': '지속력 강화', 'Value': 2},
                               {'IsGem': False, 'Text': '강화된 베기', 'Value': 3},
                               {'IsGem': False, 'Text': '지독한 출혈', 'Value': 4},
                               {'IsGem': False, 'Text': '수직 베기', 'Value': 5},
                               {'IsGem': False, 'Text': '크리티컬 컷', 'Value': 7},
                               {'IsGem': False, 'Text': '데몬 컷', 'Value': 8},
                               {'IsGem': True,
                                'Text': '스킬 공격력 증가',
                                'Value': 500},
                               {'IsGem': True,
                                'Text': '스킬 쿨타임 감소',
                                'Value': 2700}],
                   'Value': 27250},
                  {'Class': '호크아이',
                   'IsSkillGroup': False,
                   'Text': '샤프 슈터',
                   'Tripods': [{'IsGem': False, 'Text': '급소 타격', 'Value': 1},
                               {'IsGem': False, 'Text': '마력 조절', 'Value': 3},
                               {'IsGem': False, 'Text': '고통스러운 사격', 'Value': 5},
                               {'IsGem': False, 'Text': '약점 포착', 'Value': 6},
                               {'IsGem': False, 'Text': '집중 사격', 'Value': 7},
                               {'IsGem': True,
                                'Text': '스킬 공격력 증가',
                                'Value': 500},
                               {'IsGem': True,
                                'Text': '스킬 쿨타임 감소',
                                'Value': 2700}],
                   'Value': 28110},
                  {'Class': '데빌헌터',
                   'IsSkillGroup': False,
                   'Text': '샷건 연사',
                   'Tripods': [{'IsGem': False, 'Text': '근접 사격', 'Value': 1},
                               {'IsGem': False, 'Text': '풀레인지', 'Value': 2},
                               {'IsGem': False, 'Text': '강화된 사격', 'Value': 4},
                               {'IsGem': False, 'Text': '빠른 준비', 'Value': 6},
                               {'IsGem': False, 'Text': '연장 사격', 'Value': 7},
                               {'IsGem': False, 'Text': '특수 탄환', 'Value': 8},
                               {'IsGem': True,
                                'Text': '스킬 공격력 증가',
                                'Value': 500},
                               {'IsGem': True,
                                'Text': '스킬 쿨타임 감소',
                                'Value': 2700}],
                   'Value': 29170},
                  {'Class': '건슬링어',
                   'IsSkillGroup': False,
                   'Text': '샷건 연사',
                   'Tripods': [{'IsGem': False, 'Text': '기습', 'Value': 1},
                               {'IsGem': False, 'Text': '사면초가', 'Value': 2},
                               {'IsGem': False, 'Text': '강화된 사격', 'Value': 4},
                               {'IsGem': False, 'Text': '빠른 준비', 'Value': 6},
                               {'IsGem': False, 'Text': '연장 사격', 'Value': 7},
                               {'IsGem': False, 'Text': '특수 탄환', 'Value': 8},
                               {'IsGem': True,
                                'Text': '스킬 공격력 증가',
                                'Value': 500},
                               {'IsGem': True,
                                'Text': '스킬 쿨타임 감소',
                                'Value': 2700}],
                   'Value': 38170},
                  {'Class': '데빌헌터',
                   'IsSkillGroup': False,
                   'Text': '샷건의 지배자',
                   'Tripods': [{'IsGem': False, 'Text': '풀레인지', 'Value': 1},
                               {'IsGem': False, 'Text': '재빠른 손놀림', 'Value': 2},
                               {'IsGem': False, 'Text': '근접 사격', 'Value': 3},
                               {'IsGem': False, 'Text': '약점 포착', 'Value': 4},
                               {'IsGem': False, 'Text': '강화 사격', 'Value': 5},
                               {'IsGem': False, 'Text': '신속한 준비', 'Value': 6},
                               {'IsGem': False, 'Text': '지배자의 의지', 'Value': 7},
                               {'IsGem': False, 'Text': '군림하는 자', 'Value': 8},
                               {'IsGem': True,
                                'Text': '스킬 공격력 증가',
                                'Value': 500},
                               {'IsGem': True,
                                'Text': '스킬 쿨타임 감소',
                                'Value': 2700}],
                   'Value': 29110},
                  {'Class': '소서리스',
                   'IsSkillGroup': False,
                   'Text': '서릿발',
                   'Tripods': [{'IsGem': False, 'Text': '오한', 'Value': 1},
                               {'IsGem': False, 'Text': '깨달음', 'Value': 2},
                               {'IsGem': False, 'Text': '날렵한 시전', 'Value': 3},
                               {'IsGem': False, 'Text': '강화된 일격', 'Value': 4},
                               {'IsGem': False, 'Text': '서리 파편', 'Value': 7},
                               {'IsGem': False, 'Text': '서리 지대', 'Value': 8},
                               {'IsGem': True,
                                'Text': '스킬 공격력 증가',
                                'Value': 500},
                               {'IsGem': True,
                                'Text': '스킬 쿨타임 감소',
                                'Value': 2700}],
                   'Value': 37220},
                  {'Class': '블레이드',
                   'IsSkillGroup': False,
                   'Text': '서프라이즈 어택',
                   'Tripods': [{'IsGem': False, 'Text': '급소 타격', 'Value': 2},
                               {'IsGem': False, 'Text': '탁월한 기동성', 'Value': 4},
                               {'IsGem': False, 'Text': '기동성 약화', 'Value': 5},
                               {'IsGem': False, 'Text': '예리한 일격', 'Value': 6},
                               {'IsGem': False, 'Text': '검풍 잔영', 'Value': 7},
                               {'IsGem': False, 'Text': '잔인한 공격', 'Value': 8},
                               {'IsGem': True,
                                'Text': '스킬 공격력 증가',
                                'Value': 500},
                               {'IsGem': True,
                                'Text': '스킬 쿨타임 감소',
                                'Value': 2700}],
                   'Value': 25040},
                  {'Class': '창술사',
                   'IsSkillGroup': False,
                   'Text': '선풍참혼',
                   'Tripods': [{'IsGem': False, 'Text': '빠른 준비', 'Value': 1},
                               {'IsGem': False, 'Text': '화력 조절', 'Value': 2},
                               {'IsGem': False, 'Text': '마력 조절', 'Value': 3},
                               {'IsGem': False, 'Text': '신속 전진', 'Value': 5},
                               {'IsGem': False, 'Text': '광휘의 창', 'Value': 6},
                               {'IsGem': False, 'Text': '통제', 'Value': 7},
                               {'IsGem': False, 'Text': '강화된 뇌진탕', 'Value': 8},
                               {'IsGem': True,
                                'Text': '스킬 공격력 증가',
                                'Value': 500},
                               {'IsGem': True,
                                'Text': '스킬 쿨타임 감소',
                                'Value': 2700}],
                   'Value': 34140},
                  {'Class': '홀리나이트',
                   'IsSkillGroup': False,
                   'Text': '섬광 베기',
                   'Tripods': [{'IsGem': False, 'Text': '단단한 갑옷', 'Value': 1},
                               {'IsGem': False, 'Text': '급소 타격', 'Value': 2},
                               {'IsGem': False, 'Text': '날렵한 움직임', 'Value': 3},
                               {'IsGem': False, 'Text': '성장 공격', 'Value': 4},
                               {'IsGem': False, 'Text': '빠른 준비', 'Value': 5},
                               {'IsGem': False, 'Text': '힘의 방출', 'Value': 6},
                               {'IsGem': False, 'Text': '재빠른 검술', 'Value': 7},
                               {'IsGem': False, 'Text': '변화된 검술', 'Value': 8},
                               {'IsGem': True,
                                'Text': '스킬 공격력 증가',
                                'Value': 500},
                               {'IsGem': True,
                                'Text': '스킬 쿨타임 감소',
                                'Value': 2700}],
                   'Value': 36090},
                  {'Class': '홀리나이트',
                   'IsSkillGroup': False,
                   'Text': '섬광 찌르기',
                   'Tripods': [{'IsGem': False, 'Text': '빠른 준비', 'Value': 2},
                               {'IsGem': False, 'Text': '약육강식', 'Value': 3},
                               {'IsGem': False, 'Text': '꿰뚫는 일격', 'Value': 4},
                               {'IsGem': False, 'Text': '정교한 검술', 'Value': 5},
                               {'IsGem': False, 'Text': '연속 공격', 'Value': 6},
                               {'IsGem': False, 'Text': '섬광 강화', 'Value': 7},
                               {'IsGem': False, 'Text': '변화된 검술', 'Value': 8},
                               {'IsGem': True,
                                'Text': '스킬 공격력 증가',
                                'Value': 500},
                               {'IsGem': True,
                                'Text': '스킬 쿨타임 감소',
                                'Value': 2700}],
                   'Value': 36040},
                  {'Class': '배틀마스터',
                   'IsSkillGroup': False,
                   'Text': '섬열란아',
                   'Tripods': [{'IsGem': False, 'Text': '성스러운 공격', 'Value': 1},
                               {'IsGem': False, 'Text': '암흑 공격', 'Value': 2},
                               {'IsGem': False, 'Text': '타격의 달인', 'Value': 4},
                               {'IsGem': False, 'Text': '빠른 일격', 'Value': 5},
                               {'IsGem': False, 'Text': '약점 포착', 'Value': 6},
                               {'IsGem': False, 'Text': '흥분한 일격', 'Value': 7},
                               {'IsGem': False, 'Text': '득도', 'Value': 8},
                               {'IsGem': True,
                                'Text': '스킬 공격력 증가',
                                'Value': 500},
                               {'IsGem': True,
                                'Text': '스킬 쿨타임 감소',
                                'Value': 2700}],
                   'Value': 22060},
                  {'Class': '스트라이커',
                   'IsSkillGroup': False,
                   'Text': '섬열란아',
                   'Tripods': [{'IsGem': False, 'Text': '성스러운 공격', 'Value': 1},
                               {'IsGem': False, 'Text': '암흑 공격', 'Value': 2},
                               {'IsGem': False, 'Text': '타격의 달인', 'Value': 4},
                               {'IsGem': False, 'Text': '빠른 일격', 'Value': 5},
                               {'IsGem': False, 'Text': '약점 포착', 'Value': 6},
                               {'IsGem': False, 'Text': '흥분한 일격', 'Value': 7},
                               {'IsGem': False, 'Text': '득도', 'Value': 8},
                               {'IsGem': True,
                                'Text': '스킬 공격력 증가',
                                'Value': 500},
                               {'IsGem': True,
                                'Text': '스킬 쿨타임 감소',
                                'Value': 2700}],
                   'Value': 39060},
                  {'Class': '기공사',
                   'IsSkillGroup': False,
                   'Text': '섬열파',
                   'Tripods': [{'IsGem': False, 'Text': '인내 강화', 'Value': 1},
                               {'IsGem': False, 'Text': '집중', 'Value': 5},
                               {'IsGem': False, 'Text': '약점 포착', 'Value': 6},
                               {'IsGem': False, 'Text': '맹렬한 습격', 'Value': 7},
                               {'IsGem': False, 'Text': '혼신의 포격', 'Value': 8},
                               {'IsGem': True,
                                'Text': '스킬 공격력 증가',
                                'Value': 500},
                               {'IsGem': True,
                                'Text': '스킬 쿨타임 감소',
                                'Value': 2700}],
                   'Value': 24040},
                  {'Class': '기공사',
                   'IsSkillGroup': False,
                   'Text': '섭물진기',
                   'Tripods': [{'IsGem': False, 'Text': '단단한 갑옷', 'Value': 1},
                               {'IsGem': False, 'Text': '빠른 준비', 'Value': 2},
                               {'IsGem': False, 'Text': '인내 강화', 'Value': 3},
                               {'IsGem': False, 'Text': '약점 포착', 'Value': 5},
                               {'IsGem': False, 'Text': '공격 강화', 'Value': 6},
                               {'IsGem': False, 'Text': '필사적인 공격', 'Value': 7},
                               {'IsGem': False, 'Text': '예리한 판단', 'Value': 8},
                               {'IsGem': True,
                                'Text': '스킬 공격력 증가',
                                'Value': 500},
                               {'IsGem': True,
                                'Text': '스킬 쿨타임 감소',
                                'Value': 2700}],
                   'Value': 24140},
                  {'Class': '아르카나',
                   'IsSkillGroup': False,
                   'Text': '세렌디피티',
                   'Tripods': [{'IsGem': False, 'Text': '꿰뚫는 일격', 'Value': 1},
                               {'IsGem': False, 'Text': '눈속임', 'Value': 2},
                               {'IsGem': False, 'Text': '정신 강화', 'Value': 3},
                               {'IsGem': False, 'Text': '우연한 일격', 'Value': 4},
                               {'IsGem': False, 'Text': '우연한 강타', 'Value': 5},
                               {'IsGem': False, 'Text': '강화된 일격', 'Value': 6},
                               {'IsGem': False, 'Text': '연속된 어둠', 'Value': 7},
                               {'IsGem': True,
                                'Text': '스킬 공격력 증가',
                                'Value': 500},
                               {'IsGem': True,
                                'Text': '스킬 쿨타임 감소',
                                'Value': 2700}],
                   'Value': 19240},
                  {'Class': '기상술사',
                   'IsSkillGroup': False,
                   'Text': '센바람',
                   'Tripods': [{'IsGem': False, 'Text': '기분 좋은 바람', 'Value': 1},
                               {'IsGem': False, 'Text': '빠른 준비', 'Value': 2},
                               {'IsGem': False, 'Text': '약육강식', 'Value': 3},
                               {'IsGem': False, 'Text': '재빠른 손놀림', 'Value': 4},
                               {'IsGem': False, 'Text': '증기 획득', 'Value': 5},
                               {'IsGem': False, 'Text': '증기 조절', 'Value': 6},
                               {'IsGem': False, 'Text': '향풍', 'Value': 7},
                               {'IsGem': False, 'Text': '댑바람', 'Value': 8},
                               {'IsGem': True,
                                'Text': '스킬 공격력 증가',
                                'Value': 500},
                               {'IsGem': True,
                                'Text': '스킬 쿨타임 감소',
                                'Value': 2700}],
                   'Value': 32160},
                  {'Class': '아르카나',
                   'IsSkillGroup': False,
                   'Text': '셀레스티얼 레인',
                   'Tripods': [{'IsGem': False, 'Text': '날렵한 움직임', 'Value': 1},
                               {'IsGem': False, 'Text': '급소 타격', 'Value': 2},
                               {'IsGem': False, 'Text': '마력 조절', 'Value': 3},
                               {'IsGem': False, 'Text': '파멸의 카드', 'Value': 4},
                               {'IsGem': False, 'Text': '기동성 약화', 'Value': 5},
                               {'IsGem': False, 'Text': '강화된 일격', 'Value': 6},
                               {'IsGem': False, 'Text': '폭우', 'Value': 7},
                               {'IsGem': False, 'Text': '약점 포착', 'Value': 8},
                               {'IsGem': True,
                                'Text': '스킬 공격력 증가',
                                'Value': 500},
                               {'IsGem': True,
                                'Text': '스킬 쿨타임 감소',
                                'Value': 2700}],
                   'Value': 19140},
                  {'Class': '기상술사',
                   'IsSkillGroup': False,
                   'Text': '소나기',
                   'Tripods': [{'IsGem': False, 'Text': '증기 획득', 'Value': 1},
                               {'IsGem': False, 'Text': '약육강식', 'Value': 2},
                               {'IsGem': False, 'Text': '무기 파괴', 'Value': 3},
                               {'IsGem': False, 'Text': '한파주의보', 'Value': 4},
                               {'IsGem': False, 'Text': '낙뢰주의보', 'Value': 5},
                               {'IsGem': False, 'Text': '국지성 소나기', 'Value': 7},
                               {'IsGem': True,
                                'Text': '스킬 공격력 증가',
                                'Value': 500},
                               {'IsGem': True,
                                'Text': '스킬 쿨타임 감소',
                                'Value': 2700}],
                   'Value': 32150},
                  {'Class': '버서커',
                   'IsSkillGroup': False,
                   'Text': '소드 스톰',
                   'Tripods': [{'IsGem': False, 'Text': '날렵한 움직임', 'Value': 1},
                               {'IsGem': False, 'Text': '빠른 준비', 'Value': 2},
                               {'IsGem': False, 'Text': '급소 타격', 'Value': 3},
                               {'IsGem': False, 'Text': '후폭풍', 'Value': 4},
                               {'IsGem': False, 'Text': '약점 포착', 'Value': 5},
                               {'IsGem': False, 'Text': '화염 폭풍', 'Value': 7},
                               {'IsGem': False, 'Text': '지진 파동', 'Value': 8},
                               {'IsGem': True,
                                'Text': '스킬 공격력 증가',
                                'Value': 500},
                               {'IsGem': True,
                                'Text': '스킬 쿨타임 감소',
                                'Value': 2700}],
                   'Value': 16600},
                  {'Class': '기상술사',
                   'IsSkillGroup': False,
                   'Text': '소용돌이',
                   'Tripods': [{'IsGem': False, 'Text': '마력 조절', 'Value': 2},
                               {'IsGem': False, 'Text': '증기 획득', 'Value': 3},
                               {'IsGem': False, 'Text': '바람 기둥', 'Value': 4},
                               {'IsGem': False, 'Text': '죽음의 소용돌이', 'Value': 5},
                               {'IsGem': False, 'Text': '신속한 준비', 'Value': 7},
                               {'IsGem': False, 'Text': '증기 조절', 'Value': 8},
                               {'IsGem': True,
                                'Text': '스킬 공격력 증가',
                                'Value': 500},
                               {'IsGem': True,
                                'Text': '스킬 쿨타임 감소',
                                'Value': 2700}],
                   'Value': 32190},
                  {'Class': '블레이드',
                   'IsSkillGroup': False,
                   'Text': '소울 앱소버',
                   'Tripods': [{'IsGem': False, 'Text': '재빠른 손놀림', 'Value': 3},
                               {'IsGem': False, 'Text': '암흑 공격', 'Value': 4},
                               {'IsGem': False, 'Text': '화염 공격', 'Value': 5},
                               {'IsGem': False, 'Text': '냉기 공격', 'Value': 6},
                               {'IsGem': False, 'Text': '강력한 찌르기', 'Value': 7},
                               {'IsGem': False, 'Text': '반 가르기', 'Value': 8},
                               {'IsGem': True,
                                'Text': '스킬 공격력 증가',
                                'Value': 500},
                               {'IsGem': True,
                                'Text': '스킬 쿨타임 감소',
                                'Value': 2700}],
                   'Value': 25110},
                  {'Class': '버서커',
                   'IsSkillGroup': False,
                   'Text': '숄더 차지',
                   'Tripods': [{'IsGem': False, 'Text': '보호막 효과', 'Value': 1},
                               {'IsGem': False, 'Text': '타오르는 분노', 'Value': 2},
                               {'IsGem': False, 'Text': '탁월한 기동성', 'Value': 3},
                               {'IsGem': False, 'Text': '연속 돌진', 'Value': 4},
                               {'IsGem': False, 'Text': '내려치기', 'Value': 5},
                               {'IsGem': False, 'Text': '지진 효과', 'Value': 7},
                               {'IsGem': False, 'Text': '분노 폭발', 'Value': 8},
                               {'IsGem': True,
                                'Text': '스킬 공격력 증가',
                                'Value': 500},
                               {'IsGem': True,
                                'Text': '스킬 쿨타임 감소',
                                'Value': 2700}],
                   'Value': 16060},
                  {'Class': '바드',
                   'IsSkillGroup': False,
                   'Text': '수호의 연주',
                   'Tripods': [{'IsGem': False, 'Text': '정신 강화', 'Value': 2},
                               {'IsGem': False, 'Text': '날렵한 시전', 'Value': 3},
                               {'IsGem': False,
                                'Text': '끝나지 않는 수호',
                                'Value': 4},
                               {'IsGem': False, 'Text': '강력한 수호', 'Value': 5},
                               {'IsGem': False, 'Text': '수호의 응징', 'Value': 6},
                               {'IsGem': True,
                                'Text': '스킬 공격력 증가',
                                'Value': 500},
                               {'IsGem': True,
                                'Text': '스킬 쿨타임 감소',
                                'Value': 2700}],
                   'Value': 21250},
                  {'Class': '인파이터',
                   'IsSkillGroup': False,
                   'Text': '순간 타격',
                   'Tripods': [{'IsGem': False, 'Text': '복식 강화', 'Value': 2},
                               {'IsGem': False, 'Text': '집중', 'Value': 3},
                               {'IsGem': False, 'Text': '위험한 계약', 'Value': 4},
                               {'IsGem': False, 'Text': '정밀함', 'Value': 5},
                               {'IsGem': False, 'Text': '역작용', 'Value': 6},
                               {'IsGem': True,
                                'Text': '스킬 공격력 증가',
                                'Value': 500},
                               {'IsGem': True,
                                'Text': '스킬 쿨타임 감소',
                                'Value': 2700}],
                   'Value': 23150},
                  {'Class': '서머너',
                   'IsSkillGroup': False,
                   'Text': '순간 폭발',
                   'Tripods': [{'IsGem': False, 'Text': '통찰력', 'Value': 1},
                               {'IsGem': False, 'Text': '기운 조절', 'Value': 3},
                               {'IsGem': False, 'Text': '급소 폭발', 'Value': 4},
                               {'IsGem': False, 'Text': '눈부신 폭발', 'Value': 5},
                               {'IsGem': False, 'Text': '약점 포착', 'Value': 6},
                               {'IsGem': False, 'Text': '대폭발', 'Value': 7},
                               {'IsGem': False, 'Text': '폭발의 덫', 'Value': 8},
                               {'IsGem': True,
                                'Text': '스킬 공격력 증가',
                                'Value': 500},
                               {'IsGem': True,
                                'Text': '스킬 쿨타임 감소',
                                'Value': 2700}],
                   'Value': 20050},
                  {'Class': '기공사',
                   'IsSkillGroup': False,
                   'Text': '순보',
                   'Tripods': [{'IsGem': False, 'Text': '끊임없는 열정', 'Value': 1},
                               {'IsGem': False, 'Text': '탁월한 기동성', 'Value': 3},
                               {'IsGem': False, 'Text': '미끄러운 갑옷', 'Value': 5},
                               {'IsGem': False, 'Text': '승리의 환호', 'Value': 6},
                               {'IsGem': False, 'Text': '변하는 시공간', 'Value': 7},
                               {'IsGem': False, 'Text': '매서운 움직임', 'Value': 8},
                               {'IsGem': True,
                                'Text': '스킬 공격력 증가',
                                'Value': 500},
                               {'IsGem': True,
                                'Text': '스킬 쿨타임 감소',
                                'Value': 2700}],
                   'Value': 24240},
                  {'Class': '소서리스',
                   'IsSkillGroup': False,
                   'Text': '숭고한 해일',
                   'Tripods': [{'IsGem': False, 'Text': '정신 강화', 'Value': 1},
                               {'IsGem': False, 'Text': '빠른 준비', 'Value': 2},
                               {'IsGem': False, 'Text': '깨달음', 'Value': 3},
                               {'IsGem': False, 'Text': '추가 폭발', 'Value': 5},
                               {'IsGem': False, 'Text': '진화된 해일', 'Value': 6},
                               {'IsGem': False, 'Text': '약점 포착', 'Value': 7},
                               {'IsGem': False, 'Text': '붉은 해일', 'Value': 8},
                               {'IsGem': True,
                                'Text': '스킬 공격력 증가',
                                'Value': 500},
                               {'IsGem': True,
                                'Text': '스킬 쿨타임 감소',
                                'Value': 2700}],
                   'Value': 37320},
                  {'Class': '리퍼',
                   'IsSkillGroup': False,
                   'Text': '쉐도우 닷',
                   'Tripods': [{'IsGem': False, 'Text': '빠른 준비', 'Value': 4},
                               {'IsGem': False, 'Text': '치명적인 단검', 'Value': 5},
                               {'IsGem': False, 'Text': '죽음의 일격', 'Value': 7},
                               {'IsGem': False, 'Text': '급습 활성', 'Value': 8},
                               {'IsGem': True,
                                'Text': '스킬 공격력 증가',
                                'Value': 500},
                               {'IsGem': True,
                                'Text': '스킬 쿨타임 감소',
                                'Value': 2700}],
                   'Value': 26070},
                  {'Class': '리퍼',
                   'IsSkillGroup': False,
                   'Text': '쉐도우 스톰',
                   'Tripods': [{'IsGem': False, 'Text': '그림자 충전', 'Value': 1},
                               {'IsGem': False, 'Text': '치명적인 그림자', 'Value': 2},
                               {'IsGem': False, 'Text': '꿰뚫는 일격', 'Value': 3},
                               {'IsGem': False, 'Text': '난무 강화', 'Value': 4},
                               {'IsGem': False, 'Text': '빠른 준비', 'Value': 5},
                               {'IsGem': False, 'Text': '마침표', 'Value': 6},
                               {'IsGem': False, 'Text': '검은 폭풍', 'Value': 7},
                               {'IsGem': False, 'Text': '그림자 지대', 'Value': 8},
                               {'IsGem': True,
                                'Text': '스킬 공격력 증가',
                                'Value': 500},
                               {'IsGem': True,
                                'Text': '스킬 쿨타임 감소',
                                'Value': 2700}],
                   'Value': 26600},
                  {'Class': '리퍼',
                   'IsSkillGroup': False,
                   'Text': '쉐도우 트랩',
                   'Tripods': [{'IsGem': False, 'Text': '치명적인 그림자', 'Value': 1},
                               {'IsGem': False, 'Text': '날렵한 몸놀림', 'Value': 2},
                               {'IsGem': False, 'Text': '도약', 'Value': 4},
                               {'IsGem': False, 'Text': '그림자 늪', 'Value': 5},
                               {'IsGem': False, 'Text': '그림자 올가미', 'Value': 6},
                               {'IsGem': False, 'Text': '연속 공격', 'Value': 7},
                               {'IsGem': False, 'Text': '그림자 활성', 'Value': 8},
                               {'IsGem': True,
                                'Text': '스킬 공격력 증가',
                                'Value': 500},
                               {'IsGem': True,
                                'Text': '스킬 쿨타임 감소',
                                'Value': 2700}],
                   'Value': 26570},
                  {'Class': '서머너',
                   'IsSkillGroup': False,
                   'Text': '슈르디',
                   'Tripods': [{'IsGem': False, 'Text': '충돌 무시', 'Value': 1},
                               {'IsGem': False, 'Text': '빛의 성장', 'Value': 3},
                               {'IsGem': False, 'Text': '덩치 슈르디', 'Value': 5},
                               {'IsGem': False, 'Text': '허영이 슈르디', 'Value': 6},
                               {'IsGem': False, 'Text': '짜릿한 빛', 'Value': 7},
                               {'IsGem': True,
                                'Text': '스킬 공격력 증가',
                                'Value': 500},
                               {'IsGem': True,
                                'Text': '스킬 쿨타임 감소',
                                'Value': 2700}],
                   'Value': 20160},
                  {'Class': '호크아이',
                   'IsSkillGroup': False,
                   'Text': '스나이프',
                   'Tripods': [{'IsGem': False, 'Text': '빠른 준비', 'Value': 1},
                               {'IsGem': False, 'Text': '재빠른 손놀림', 'Value': 2},
                               {'IsGem': False, 'Text': '완벽함', 'Value': 4},
                               {'IsGem': False, 'Text': '약점 포착', 'Value': 6},
                               {'IsGem': False, 'Text': '길리슈트', 'Value': 7},
                               {'IsGem': False, 'Text': '손쉬운 먹잇감', 'Value': 8},
                               {'IsGem': True,
                                'Text': '스킬 공격력 증가',
                                'Value': 500},
                               {'IsGem': True,
                                'Text': '스킬 쿨타임 감소',
                                'Value': 2700}],
                   'Value': 28220},
                  {'Class': '아르카나',
                   'IsSkillGroup': False,
                   'Text': '스크래치 딜러',
                   'Tripods': [{'IsGem': False, 'Text': '탁월한 기동성', 'Value': 1},
                               {'IsGem': False, 'Text': '예리한 일격', 'Value': 4},
                               {'IsGem': False, 'Text': '퍼스트 스크래치', 'Value': 5},
                               {'IsGem': False, 'Text': '약점 공격', 'Value': 6},
                               {'IsGem': False, 'Text': '연속 공격', 'Value': 7},
                               {'IsGem': False, 'Text': '안전 장치', 'Value': 8},
                               {'IsGem': True,
                                'Text': '스킬 공격력 증가',
                                'Value': 500},
                               {'IsGem': True,
                                'Text': '스킬 쿨타임 감소',
                                'Value': 2700}],
                   'Value': 19320},
                  {'Class': '버서커',
                   'IsSkillGroup': False,
                   'Text': '스트라이크 웨이브',
                   'Tripods': [{'IsGem': False, 'Text': '파동', 'Value': 1},
                               {'IsGem': False, 'Text': '빠른 축적', 'Value': 2},
                               {'IsGem': False, 'Text': '빠른 준비', 'Value': 3},
                               {'IsGem': False, 'Text': '한계 돌파', 'Value': 5},
                               {'IsGem': False, 'Text': '폭파', 'Value': 6},
                               {'IsGem': False, 'Text': '블레이즈 웨이브', 'Value': 7},
                               {'IsGem': False, 'Text': '대지 뒤집기', 'Value': 8},
                               {'IsGem': True,
                                'Text': '스킬 공격력 증가',
                                'Value': 500},
                               {'IsGem': True,
                                'Text': '스킬 쿨타임 감소',
                                'Value': 2700}],
                   'Value': 16090},
                  {'Class': '아르카나',
                   'IsSkillGroup': False,
                   'Text': '스트림 오브 엣지',
                   'Tripods': [{'IsGem': False, 'Text': '가속 스트림', 'Value': 2},
                               {'IsGem': False, 'Text': '엣지 밤', 'Value': 3},
                               {'IsGem': False, 'Text': '데스 휠', 'Value': 4},
                               {'IsGem': False, 'Text': '썬더 스트림', 'Value': 5},
                               {'IsGem': False, 'Text': '다크니스 엣지', 'Value': 6},
                               {'IsGem': False, 'Text': '스트림 웨이브', 'Value': 7},
                               {'IsGem': True,
                                'Text': '스킬 공격력 증가',
                                'Value': 500},
                               {'IsGem': True,
                                'Text': '스킬 쿨타임 감소',
                                'Value': 2700}],
                   'Value': 19150},
                  {'Class': '바드',
                   'IsSkillGroup': False,
                   'Text': '스티그마',
                   'Tripods': [{'IsGem': False, 'Text': '날렵한 시전', 'Value': 2},
                               {'IsGem': False, 'Text': '얼어붙은 낙인', 'Value': 4},
                               {'IsGem': False, 'Text': '폭풍의 낙인', 'Value': 6},
                               {'IsGem': False, 'Text': '고통의 낙인', 'Value': 7},
                               {'IsGem': False, 'Text': '선율 증가', 'Value': 8},
                               {'IsGem': True,
                                'Text': '스킬 공격력 증가',
                                'Value': 500},
                               {'IsGem': True,
                                'Text': '스킬 쿨타임 감소',
                                'Value': 2700}],
                   'Value': 21090},
                  {'Class': '아르카나',
                   'IsSkillGroup': False,
                   'Text': '스파이럴 엣지',
                   'Tripods': [{'IsGem': False, 'Text': '정신 강화', 'Value': 1},
                               {'IsGem': False, 'Text': '빠른 준비', 'Value': 2},
                               {'IsGem': False, 'Text': '탁월한 기동성', 'Value': 3},
                               {'IsGem': False, 'Text': '무자비한 사격', 'Value': 5},
                               {'IsGem': False, 'Text': '급소 포착', 'Value': 6},
                               {'IsGem': False, 'Text': '카드 폭풍', 'Value': 7},
                               {'IsGem': True,
                                'Text': '스킬 공격력 증가',
                                'Value': 500},
                               {'IsGem': True,
                                'Text': '스킬 쿨타임 감소',
                                'Value': 2700}],
                   'Value': 19190},
                  {'Class': '데빌헌터',
                   'IsSkillGroup': False,
                   'Text': '스파이럴 플레임',
                   'Tripods': [{'IsGem': False, 'Text': '냉기탄', 'Value': 1},
                               {'IsGem': False, 'Text': '맹렬한 불꽃', 'Value': 2},
                               {'IsGem': False, 'Text': '재빠른 조준', 'Value': 3},
                               {'IsGem': False, 'Text': '성장 탄환', 'Value': 4},
                               {'IsGem': False, 'Text': '고속 탄환', 'Value': 5},
                               {'IsGem': False, 'Text': '마무리 사격', 'Value': 6},
                               {'IsGem': False, 'Text': '총열 강화', 'Value': 7},
                               {'IsGem': False, 'Text': '후폭풍', 'Value': 8},
                               {'IsGem': True,
                                'Text': '스킬 공격력 증가',
                                'Value': 500},
                               {'IsGem': True,
                                'Text': '스킬 쿨타임 감소',
                                'Value': 2700}],
                   'Value': 29060},
                  {'Class': '건슬링어',
                   'IsSkillGroup': False,
                   'Text': '스파이럴 플레임',
                   'Tripods': [{'IsGem': False, 'Text': '냉기탄', 'Value': 1},
                               {'IsGem': False, 'Text': '맹렬한 불꽃', 'Value': 2},
                               {'IsGem': False, 'Text': '재빠른 조준', 'Value': 3},
                               {'IsGem': False, 'Text': '성장 탄환', 'Value': 4},
                               {'IsGem': False, 'Text': '고속 탄환', 'Value': 5},
                               {'IsGem': False, 'Text': '마무리 사격', 'Value': 6},
                               {'IsGem': False, 'Text': '총열 강화', 'Value': 7},
                               {'IsGem': False, 'Text': '후폭풍', 'Value': 8},
                               {'IsGem': True,
                                'Text': '스킬 공격력 증가',
                                'Value': 500},
                               {'IsGem': True,
                                'Text': '스킬 쿨타임 감소',
                                'Value': 2700}],
                   'Value': 38060},
                  {'Class': '데모닉',
                   'IsSkillGroup': False,
                   'Text': '스피닝 다이브',
                   'Tripods': [{'IsGem': False, 'Text': '재빠른 손놀림', 'Value': 1},
                               {'IsGem': False, 'Text': '탁월한 기동성', 'Value': 2},
                               {'IsGem': False, 'Text': '무방비 표적', 'Value': 3},
                               {'IsGem': False, 'Text': '스피닝 강화', 'Value': 5},
                               {'IsGem': False, 'Text': '피니쉬 다이브', 'Value': 7},
                               {'IsGem': False, 'Text': '스피닝 마스터', 'Value': 8},
                               {'IsGem': True,
                                'Text': '스킬 공격력 증가',
                                'Value': 500},
                               {'IsGem': True,
                                'Text': '스킬 쿨타임 감소',
                                'Value': 2700}],
                   'Value': 27140},
                  {'Class': '리퍼',
                   'IsSkillGroup': False,
                   'Text': '스피닝 대거',
                   'Tripods': [{'IsGem': False, 'Text': '회전력 강화', 'Value': 5},
                               {'IsGem': False, 'Text': '최후의 칼날', 'Value': 6},
                               {'IsGem': False, 'Text': '그림자 잔상', 'Value': 7},
                               {'IsGem': True,
                                'Text': '스킬 공격력 증가',
                                'Value': 500},
                               {'IsGem': True,
                                'Text': '스킬 쿨타임 감소',
                                'Value': 2700}],
                   'Value': 26050},
                  {'Class': '데모닉',
                   'IsSkillGroup': False,
                   'Text': '스피닝 웨폰',
                   'Tripods': [{'IsGem': False, 'Text': '출혈 효과', 'Value': 1},
                               {'IsGem': False, 'Text': '날렵한 움직임', 'Value': 2},
                               {'IsGem': False, 'Text': '빠른 준비', 'Value': 3},
                               {'IsGem': False, 'Text': '지속력 강화', 'Value': 4},
                               {'IsGem': False, 'Text': '즉시 처결', 'Value': 6},
                               {'IsGem': False, 'Text': '꿰뚫는 날', 'Value': 7},
                               {'IsGem': False, 'Text': '잠식 해방', 'Value': 8},
                               {'IsGem': True,
                                'Text': '스킬 공격력 증가',
                                'Value': 500},
                               {'IsGem': True,
                                'Text': '스킬 쿨타임 감소',
                                'Value': 2700}],
                   'Value': 27230},
                  {'Class': '리퍼',
                   'IsSkillGroup': False,
                   'Text': '스피릿 캐치',
                   'Tripods': [{'IsGem': False, 'Text': '도약', 'Value': 4},
                               {'IsGem': False, 'Text': '발목 절단', 'Value': 5},
                               {'IsGem': False, 'Text': '날카로운 단검', 'Value': 6},
                               {'IsGem': False, 'Text': '그림자 잔상', 'Value': 7},
                               {'IsGem': False, 'Text': '속전속결', 'Value': 8},
                               {'IsGem': True,
                                'Text': '스킬 공격력 증가',
                                'Value': 500},
                               {'IsGem': True,
                                'Text': '스킬 쿨타임 감소',
                                'Value': 2700}],
                   'Value': 26060},
                  {'Class': '워로드',
                   'IsSkillGroup': False,
                   'Text': '스피어 샷',
                   'Tripods': [{'IsGem': False, 'Text': '단단한 갑옷', 'Value': 1},
                               {'IsGem': False, 'Text': '날렵한 움직임', 'Value': 2},
                               {'IsGem': False, 'Text': '강화된 일격', 'Value': 4},
                               {'IsGem': False, 'Text': '약점 포착', 'Value': 5},
                               {'IsGem': False, 'Text': '폭멸창', 'Value': 7},
                               {'IsGem': False, 'Text': '근접폭발', 'Value': 8},
                               {'IsGem': True,
                                'Text': '스킬 공격력 증가',
                                'Value': 500},
                               {'IsGem': True,
                                'Text': '스킬 쿨타임 감소',
                                'Value': 2700}],
                   'Value': 17160},
                  {'Class': '블레이드',
                   'IsSkillGroup': False,
                   'Text': '스핀 커터',
                   'Tripods': [{'IsGem': False, 'Text': '재빠른 손놀림', 'Value': 3},
                               {'IsGem': False, 'Text': '단단한 갑옷', 'Value': 4},
                               {'IsGem': False, 'Text': '강회전', 'Value': 5},
                               {'IsGem': False, 'Text': '빠른 준비', 'Value': 6},
                               {'IsGem': True,
                                'Text': '스킬 공격력 증가',
                                'Value': 500},
                               {'IsGem': True,
                                'Text': '스킬 쿨타임 감소',
                                'Value': 2700}],
                   'Value': 25120},
                  {'Class': '데모닉',
                   'IsSkillGroup': False,
                   'Text': '슬래셔',
                   'Tripods': [{'IsGem': False, 'Text': '급소 베기', 'Value': 1},
                               {'IsGem': False, 'Text': '출혈 효과', 'Value': 2},
                               {'IsGem': False, 'Text': '재빠른 손놀림', 'Value': 3},
                               {'IsGem': False, 'Text': '전진 베기', 'Value': 5},
                               {'IsGem': False, 'Text': '예리한 일격', 'Value': 6},
                               {'IsGem': False, 'Text': '강력한 일격', 'Value': 7},
                               {'IsGem': False, 'Text': '일렉트로닉 쇼크', 'Value': 8},
                               {'IsGem': True,
                                'Text': '스킬 공격력 증가',
                                'Value': 500},
                               {'IsGem': True,
                                'Text': '스킬 쿨타임 감소',
                                'Value': 2700}],
                   'Value': 27070},
                  {'Class': '아르카나',
                   'IsSkillGroup': False,
                   'Text': '시크릿 가든',
                   'Tripods': [{'IsGem': False, 'Text': '빠른 준비', 'Value': 1},
                               {'IsGem': False, 'Text': '정신 집중', 'Value': 2},
                               {'IsGem': False, 'Text': '급소 타격', 'Value': 3},
                               {'IsGem': False, 'Text': '완전한 비밀', 'Value': 4},
                               {'IsGem': False, 'Text': '스톰 가든', 'Value': 5},
                               {'IsGem': False, 'Text': '다크니스 가든', 'Value': 6},
                               {'IsGem': False, 'Text': '시크릿 찬스', 'Value': 7},
                               {'IsGem': True,
                                'Text': '스킬 공격력 증가',
                                'Value': 500},
                               {'IsGem': True,
                                'Text': '스킬 쿨타임 감소',
                                'Value': 2700}],
                   'Value': 19310},
                  {'Class': '아르카나',
                   'IsSkillGroup': False,
                   'Text': '신비한 쇄도',
                   'Tripods': [{'IsGem': False, 'Text': '정신 강화', 'Value': 1},
                               {'IsGem': False, 'Text': '퀵 드로', 'Value': 3},
                               {'IsGem': False, 'Text': '쇄도 집중', 'Value': 5},
                               {'IsGem': False, 'Text': '기동성 약화', 'Value': 6},
                               {'IsGem': True,
                                'Text': '스킬 공격력 증가',
                                'Value': 500},
                               {'IsGem': True,
                                'Text': '스킬 쿨타임 감소',
                                'Value': 2700}],
                   'Value': 19210},
                  {'Class': '홀리나이트',
                   'IsSkillGroup': False,
                   'Text': '신성 지역',
                   'Tripods': [{'IsGem': False, 'Text': '빠른 준비', 'Value': 1},
                               {'IsGem': False, 'Text': '기동성 약화', 'Value': 2},
                               {'IsGem': False, 'Text': '약육강식', 'Value': 4},
                               {'IsGem': False, 'Text': '신성한 표식', 'Value': 5},
                               {'IsGem': False, 'Text': '가호', 'Value': 6},
                               {'IsGem': False, 'Text': '드넓은 은총', 'Value': 7},
                               {'IsGem': False, 'Text': '빛의 결집', 'Value': 8},
                               {'IsGem': True,
                                'Text': '스킬 공격력 증가',
                                'Value': 500},
                               {'IsGem': True,
                                'Text': '스킬 쿨타임 감소',
                                'Value': 2700}],
                   'Value': 36120},
                  {'Class': '홀리나이트',
                   'IsSkillGroup': False,
                   'Text': '신성 폭발',
                   'Tripods': [{'IsGem': False, 'Text': '단단한 갑옷', 'Value': 1},
                               {'IsGem': False, 'Text': '강화된 일격', 'Value': 2},
                               {'IsGem': False, 'Text': '재빠른 손놀림', 'Value': 3},
                               {'IsGem': False, 'Text': '폭발 강화', 'Value': 6},
                               {'IsGem': False, 'Text': '준비된 폭발', 'Value': 7},
                               {'IsGem': False, 'Text': '폭발의 여파', 'Value': 8},
                               {'IsGem': True,
                                'Text': '스킬 공격력 증가',
                                'Value': 500},
                               {'IsGem': True,
                                'Text': '스킬 쿨타임 감소',
                                'Value': 2700}],
                   'Value': 36100},
                  {'Class': '홀리나이트',
                   'IsSkillGroup': False,
                   'Text': '신성검',
                   'Tripods': [{'IsGem': False, 'Text': '자세 잡기', 'Value': 1},
                               {'IsGem': False, 'Text': '성흔', 'Value': 2},
                               {'IsGem': False, 'Text': '빛의 분출', 'Value': 4},
                               {'IsGem': False, 'Text': '약점 포착', 'Value': 5},
                               {'IsGem': False, 'Text': '급소 타격', 'Value': 6},
                               {'IsGem': False, 'Text': '응축된 기운', 'Value': 7},
                               {'IsGem': False, 'Text': '빛의 해방', 'Value': 8},
                               {'IsGem': True,
                                'Text': '스킬 공격력 증가',
                                'Value': 500},
                               {'IsGem': True,
                                'Text': '스킬 쿨타임 감소',
                                'Value': 2700}],
                   'Value': 36190},
                  {'Class': '홀리나이트',
                   'IsSkillGroup': False,
                   'Text': '신성한 보호',
                   'Tripods': [{'IsGem': False, 'Text': '마력 조절', 'Value': 1},
                               {'IsGem': False, 'Text': '재빠른 손놀림', 'Value': 2},
                               {'IsGem': False, 'Text': '가벼운 발걸음', 'Value': 3},
                               {'IsGem': False, 'Text': '효과 유지', 'Value': 5},
                               {'IsGem': False, 'Text': '보호 강화', 'Value': 6},
                               {'IsGem': False, 'Text': '천둥의 보호', 'Value': 7},
                               {'IsGem': True,
                                'Text': '스킬 공격력 증가',
                                'Value': 500},
                               {'IsGem': True,
                                'Text': '스킬 쿨타임 감소',
                                'Value': 2700}],
                   'Value': 36140},
                  {'Class': '홀리나이트',
                   'IsSkillGroup': False,
                   'Text': '신의 분노',
                   'Tripods': [{'IsGem': False, 'Text': '약육강식 ', 'Value': 1},
                               {'IsGem': False, 'Text': '날카로운 일격', 'Value': 2},
                               {'IsGem': False, 'Text': '신앙심', 'Value': 5},
                               {'IsGem': False, 'Text': '천둥', 'Value': 6},
                               {'IsGem': False, 'Text': '빛의 수호자', 'Value': 7},
                               {'IsGem': True,
                                'Text': '스킬 공격력 증가',
                                'Value': 500},
                               {'IsGem': True,
                                'Text': '스킬 쿨타임 감소',
                                'Value': 2700}],
                   'Value': 36170},
                  {'Class': '홀리나이트',
                   'IsSkillGroup': False,
                   'Text': '신의 율법',
                   'Tripods': [{'IsGem': False, 'Text': '보호막', 'Value': 1},
                               {'IsGem': False, 'Text': '숙련된 지혜', 'Value': 2},
                               {'IsGem': False, 'Text': '율법 강화', 'Value': 3},
                               {'IsGem': False, 'Text': '벼락', 'Value': 6},
                               {'IsGem': False, 'Text': '빛의 수호자', 'Value': 8},
                               {'IsGem': True,
                                'Text': '스킬 공격력 증가',
                                'Value': 500},
                               {'IsGem': True,
                                'Text': '스킬 쿨타임 감소',
                                'Value': 2700}],
                   'Value': 36150},
                  {'Class': '인파이터',
                   'IsSkillGroup': False,
                   'Text': '심판',
                   'Tripods': [{'IsGem': False, 'Text': '급소타격', 'Value': 1},
                               {'IsGem': False, 'Text': '집중', 'Value': 2},
                               {'IsGem': False, 'Text': '무방비 표적', 'Value': 4},
                               {'IsGem': False, 'Text': '무식한 타격', 'Value': 5},
                               {'IsGem': False, 'Text': '즉시 파괴', 'Value': 6},
                               {'IsGem': False, 'Text': '진정한 심판', 'Value': 7},
                               {'IsGem': False, 'Text': '매의 발톱', 'Value': 8},
                               {'IsGem': True,
                                'Text': '스킬 공격력 증가',
                                'Value': 500},
                               {'IsGem': True,
                                'Text': '스킬 쿨타임 감소',
                                'Value': 2700}],
                   'Value': 23060},
                  {'Class': '홀리나이트',
                   'IsSkillGroup': False,
                   'Text': '심판의 빛',
                   'Tripods': [{'IsGem': False, 'Text': '강화된 일격', 'Value': 2},
                               {'IsGem': False, 'Text': '마력 조절', 'Value': 3},
                               {'IsGem': False, 'Text': '신앙심', 'Value': 5},
                               {'IsGem': False, 'Text': '약점 포착', 'Value': 6},
                               {'IsGem': False, 'Text': '지속력 강화', 'Value': 7},
                               {'IsGem': False, 'Text': '정의의 빛', 'Value': 8},
                               {'IsGem': True,
                                'Text': '스킬 공격력 증가',
                                'Value': 500},
                               {'IsGem': True,
                                'Text': '스킬 쿨타임 감소',
                                'Value': 2700}],
                   'Value': 36060},
                  {'Class': '데빌헌터',
                   'IsSkillGroup': False,
                   'Text': '심판의 시간',
                   'Tripods': [{'IsGem': False, 'Text': '빠른 준비', 'Value': 1},
                               {'IsGem': False, 'Text': '마력 조절', 'Value': 2},
                               {'IsGem': False, 'Text': '징역 선고', 'Value': 4},
                               {'IsGem': False, 'Text': '최종 판결', 'Value': 5},
                               {'IsGem': False, 'Text': '강화 파편', 'Value': 7},
                               {'IsGem': False, 'Text': '확산 파편', 'Value': 8},
                               {'IsGem': True,
                                'Text': '스킬 공격력 증가',
                                'Value': 500},
                               {'IsGem': True,
                                'Text': '스킬 쿨타임 감소',
                                'Value': 2700}],
                   'Value': 29050},
                  {'Class': '건슬링어',
                   'IsSkillGroup': False,
                   'Text': '심판의 시간',
                   'Tripods': [{'IsGem': False, 'Text': '빠른 준비', 'Value': 1},
                               {'IsGem': False, 'Text': '마력 조절', 'Value': 2},
                               {'IsGem': False, 'Text': '징역 선고', 'Value': 4},
                               {'IsGem': False, 'Text': '최종 판결', 'Value': 5},
                               {'IsGem': False, 'Text': '강화 파편', 'Value': 7},
                               {'IsGem': False, 'Text': '확산 파편', 'Value': 8},
                               {'IsGem': True,
                                'Text': '스킬 공격력 증가',
                                'Value': 500},
                               {'IsGem': True,
                                'Text': '스킬 쿨타임 감소',
                                'Value': 2700}],
                   'Value': 38050},
                  {'Class': '기상술사',
                   'IsSkillGroup': False,
                   'Text': '싹쓸바람',
                   'Tripods': [{'IsGem': False, 'Text': '재빠른 손놀림', 'Value': 1},
                               {'IsGem': False, 'Text': '빠른 준비', 'Value': 2},
                               {'IsGem': False, 'Text': '소멸', 'Value': 4},
                               {'IsGem': False, 'Text': '꿰뚫는 회오리', 'Value': 5},
                               {'IsGem': False, 'Text': '폭풍의 눈', 'Value': 6},
                               {'IsGem': False, 'Text': '증기 조절', 'Value': 7},
                               {'IsGem': True,
                                'Text': '스킬 공격력 증가',
                                'Value': 500},
                               {'IsGem': True,
                                'Text': '스킬 쿨타임 감소',
                                'Value': 2700}],
                   'Value': 32210},
                  {'Class': '데빌헌터',
                   'IsSkillGroup': False,
                   'Text': '썸머솔트샷',
                   'Tripods': [{'IsGem': False, 'Text': '마력 조절', 'Value': 1},
                               {'IsGem': False, 'Text': '재빠른 움직임', 'Value': 2},
                               {'IsGem': False, 'Text': '화상 효과', 'Value': 4},
                               {'IsGem': False, 'Text': '급소 사격', 'Value': 5},
                               {'IsGem': False, 'Text': '슈퍼 아머', 'Value': 8},
                               {'IsGem': True,
                                'Text': '스킬 공격력 증가',
                                'Value': 500},
                               {'IsGem': True,
                                'Text': '스킬 쿨타임 감소',
                                'Value': 2700}],
                   'Value': 29210},
                  {'Class': '건슬링어',
                   'IsSkillGroup': False,
                   'Text': '썸머솔트샷',
                   'Tripods': [{'IsGem': False, 'Text': '마력 조절', 'Value': 1},
                               {'IsGem': False, 'Text': '재빠른 움직임', 'Value': 2},
                               {'IsGem': False, 'Text': '화상 효과', 'Value': 4},
                               {'IsGem': False, 'Text': '급소 사격', 'Value': 5},
                               {'IsGem': False, 'Text': '슈퍼 아머', 'Value': 8},
                               {'IsGem': True,
                                'Text': '스킬 공격력 증가',
                                'Value': 500},
                               {'IsGem': True,
                                'Text': '스킬 쿨타임 감소',
                                'Value': 2700}],
                   'Value': 38210},
                  {'Class': '서머너',
                   'IsSkillGroup': False,
                   'Text': '쏜살 바람새',
                   'Tripods': [{'IsGem': False, 'Text': '정신 강화', 'Value': 1},
                               {'IsGem': False, 'Text': '날렵한 움직임', 'Value': 3},
                               {'IsGem': False, 'Text': '화염새', 'Value': 4},
                               {'IsGem': False, 'Text': '얼음새', 'Value': 5},
                               {'IsGem': False, 'Text': '집단 비행', 'Value': 7},
                               {'IsGem': False, 'Text': '어미 바람새', 'Value': 8},
                               {'IsGem': True,
                                'Text': '스킬 공격력 증가',
                                'Value': 500},
                               {'IsGem': True,
                                'Text': '스킬 쿨타임 감소',
                                'Value': 2700}],
                   'Value': 20060},
                  {'Class': '데모닉',
                   'IsSkillGroup': False,
                   'Text': '쓰러스트 임팩트',
                   'Tripods': [{'IsGem': False, 'Text': '기절 효과', 'Value': 4},
                               {'IsGem': False, 'Text': '강화된 폭발', 'Value': 5},
                               {'IsGem': False, 'Text': '깊게 찌르기', 'Value': 6},
                               {'IsGem': False, 'Text': '잠식하는 힘', 'Value': 7},
                               {'IsGem': False, 'Text': '원혼 폭발', 'Value': 8},
                               {'IsGem': True,
                                'Text': '스킬 공격력 증가',
                                'Value': 500},
                               {'IsGem': True,
                                'Text': '스킬 쿨타임 감소',
                                'Value': 2700}],
                   'Value': 27200},
                  {'Class': '스카우터',
                   'IsSkillGroup': False,
                   'Text': '아발란체',
                   'Tripods': [{'IsGem': False, 'Text': '배터리 충전', 'Value': 2},
                               {'IsGem': False, 'Text': '약육 사격', 'Value': 4},
                               {'IsGem': False, 'Text': '깔끔한 연계', 'Value': 5},
                               {'IsGem': False, 'Text': '영점 조준', 'Value': 6},
                               {'IsGem': False, 'Text': '간결한 마무리', 'Value': 7},
                               {'IsGem': False, 'Text': '결정타', 'Value': 8},
                               {'IsGem': True,
                                'Text': '스킬 공격력 증가',
                                'Value': 500},
                               {'IsGem': True,
                                'Text': '스킬 쿨타임 감소',
                                'Value': 2700}],
                   'Value': 35190},
                  {'Class': '소서리스',
                   'IsSkillGroup': False,
                   'Text': '아이스 애로우',
                   'Tripods': [{'IsGem': False, 'Text': '오한', 'Value': 1},
                               {'IsGem': False, 'Text': '깨달음', 'Value': 2},
                               {'IsGem': False, 'Text': '빠른 준비', 'Value': 3},
                               {'IsGem': False, 'Text': '꿰뚫는 일격', 'Value': 4},
                               {'IsGem': False, 'Text': '얼음 송곳', 'Value': 7},
                               {'IsGem': False, 'Text': '서리 폭격', 'Value': 8},
                               {'IsGem': True,
                                'Text': '스킬 공격력 증가',
                                'Value': 500},
                               {'IsGem': True,
                                'Text': '스킬 쿨타임 감소',
                                'Value': 2700}],
                   'Value': 37250},
                  {'Class': '호크아이',
                   'IsSkillGroup': False,
                   'Text': '아토믹 애로우',
                   'Tripods': [{'IsGem': False, 'Text': '마력 조절', 'Value': 1},
                               {'IsGem': False, 'Text': '재빠른 손놀림', 'Value': 2},
                               {'IsGem': False, 'Text': '무거운 폭탄', 'Value': 4},
                               {'IsGem': False, 'Text': '불꽃 화약', 'Value': 5},
                               {'IsGem': False, 'Text': '화살촉 강화', 'Value': 6},
                               {'IsGem': False, 'Text': '전격 화살', 'Value': 7},
                               {'IsGem': False, 'Text': '긴 도화선', 'Value': 8},
                               {'IsGem': True,
                                'Text': '스킬 공격력 증가',
                                'Value': 500},
                               {'IsGem': True,
                                'Text': '스킬 쿨타임 감소',
                                'Value': 2700}],
                   'Value': 28040},
                  {'Class': '호크아이',
                   'IsSkillGroup': False,
                   'Text': '애로우 샤워',
                   'Tripods': [{'IsGem': False, 'Text': '재빠른 손놀림', 'Value': 1},
                               {'IsGem': False, 'Text': '마력 조절', 'Value': 2},
                               {'IsGem': False, 'Text': '지속력 강화', 'Value': 4},
                               {'IsGem': False, 'Text': '화염 세례', 'Value': 5},
                               {'IsGem': False, 'Text': '전기 세례', 'Value': 6},
                               {'IsGem': False, 'Text': '꿰뚫는 화살', 'Value': 7},
                               {'IsGem': False, 'Text': '장대비', 'Value': 8},
                               {'IsGem': True,
                                'Text': '스킬 공격력 증가',
                                'Value': 500},
                               {'IsGem': True,
                                'Text': '스킬 쿨타임 감소',
                                'Value': 2700}],
                   'Value': 28080},
                  {'Class': '호크아이',
                   'IsSkillGroup': False,
                   'Text': '애로우 해일',
                   'Tripods': [{'IsGem': False, 'Text': '강화된 화살', 'Value': 1},
                               {'IsGem': False, 'Text': '블리자드', 'Value': 2},
                               {'IsGem': False, 'Text': '헬파이어', 'Value': 3},
                               {'IsGem': False, 'Text': '저속 탄환', 'Value': 4},
                               {'IsGem': False, 'Text': '재빠른 발사', 'Value': 5},
                               {'IsGem': False, 'Text': '거대 회오리', 'Value': 6},
                               {'IsGem': False, 'Text': '웨이브 해일', 'Value': 7},
                               {'IsGem': True,
                                'Text': '스킬 공격력 증가',
                                'Value': 500},
                               {'IsGem': True,
                                'Text': '스킬 쿨타임 감소',
                                'Value': 2700}],
                   'Value': 28070},
                  {'Class': '스카우터',
                   'IsSkillGroup': False,
                   'Text': '어나힐레이션 모드',
                   'Tripods': [{'IsGem': False, 'Text': '배터리 절약', 'Value': 1},
                               {'IsGem': False, 'Text': '신속한 준비', 'Value': 3},
                               {'IsGem': False, 'Text': '편제 개편', 'Value': 4},
                               {'IsGem': False,
                                'Text': '코어 에너지 충전',
                                'Value': 6},
                               {'IsGem': False, 'Text': '전우', 'Value': 7},
                               {'IsGem': False, 'Text': '십자 포화', 'Value': 8},
                               {'IsGem': True,
                                'Text': '스킬 공격력 증가',
                                'Value': 500},
                               {'IsGem': True,
                                'Text': '스킬 쿨타임 감소',
                                'Value': 2700}],
                   'Value': 35130},
                  {'Class': '버서커',
                   'IsSkillGroup': False,
                   'Text': '어설트 블레이드',
                   'Tripods': [{'IsGem': False, 'Text': '날렵한 움직임', 'Value': 1},
                               {'IsGem': False, 'Text': '집중', 'Value': 4},
                               {'IsGem': False, 'Text': '내부 출혈', 'Value': 6},
                               {'IsGem': False, 'Text': '절삭', 'Value': 7},
                               {'IsGem': False, 'Text': '역습', 'Value': 8},
                               {'IsGem': True,
                                'Text': '스킬 공격력 증가',
                                'Value': 500},
                               {'IsGem': True,
                                'Text': '스킬 쿨타임 감소',
                                'Value': 2700}],
                   'Value': 16110},
                  {'Class': '디스트로이어',
                   'IsSkillGroup': False,
                   'Text': '어스 스매셔',
                   'Tripods': [{'IsGem': False, 'Text': '치명적인 힘', 'Value': 1},
                               {'IsGem': False, 'Text': '단단한 신체', 'Value': 2},
                               {'IsGem': False, 'Text': '재빠른 움직임', 'Value': 3},
                               {'IsGem': False, 'Text': '기본 단련', 'Value': 6},
                               {'IsGem': False, 'Text': '폭발하는 타격', 'Value': 7},
                               {'IsGem': True,
                                'Text': '스킬 공격력 증가',
                                'Value': 500},
                               {'IsGem': True,
                                'Text': '스킬 쿨타임 감소',
                                'Value': 2700}],
                   'Value': 18080},
                  {'Class': '블레이드',
                   'IsSkillGroup': False,
                   'Text': '어스 슬래쉬',
                   'Tripods': [{'IsGem': False, 'Text': '약육강식', 'Value': 2},
                               {'IsGem': False, 'Text': '밀어내기', 'Value': 3},
                               {'IsGem': False, 'Text': '암흑 주입', 'Value': 4},
                               {'IsGem': False, 'Text': '기절 효과', 'Value': 5},
                               {'IsGem': False, 'Text': '약점 포착', 'Value': 6},
                               {'IsGem': False, 'Text': '도약 공격', 'Value': 7},
                               {'IsGem': False, 'Text': '대지 폭발', 'Value': 8},
                               {'IsGem': True,
                                'Text': '스킬 공격력 증가',
                                'Value': 500},
                               {'IsGem': True,
                                'Text': '스킬 쿨타임 감소',
                                'Value': 2700}],
                   'Value': 25070},
                  {'Class': '디스트로이어',
                   'IsSkillGroup': False,
                   'Text': '어스 웨이브',
                   'Tripods': [{'IsGem': False, 'Text': '중력 충전', 'Value': 1},
                               {'IsGem': False, 'Text': '약점 포착', 'Value': 2},
                               {'IsGem': False, 'Text': '중력 강화', 'Value': 3},
                               {'IsGem': False, 'Text': '약육강식', 'Value': 4},
                               {'IsGem': False, 'Text': '절대적인 힘', 'Value': 5},
                               {'IsGem': False, 'Text': '빠른 준비', 'Value': 6},
                               {'IsGem': False, 'Text': '무모한 돌진', 'Value': 7},
                               {'IsGem': False, 'Text': '무모한 한방', 'Value': 8},
                               {'IsGem': True,
                                'Text': '스킬 공격력 증가',
                                'Value': 500},
                               {'IsGem': True,
                                'Text': '스킬 쿨타임 감소',
                                'Value': 2700}],
                   'Value': 18090},
                  {'Class': '디스트로이어',
                   'IsSkillGroup': False,
                   'Text': '어스 이터',
                   'Tripods': [{'IsGem': False, 'Text': '강화된 일격', 'Value': 1},
                               {'IsGem': False, 'Text': '붉은 파편', 'Value': 2},
                               {'IsGem': False, 'Text': '중력 충전', 'Value': 3},
                               {'IsGem': False, 'Text': '대지충격', 'Value': 6},
                               {'IsGem': False, 'Text': '대지의 분노', 'Value': 7},
                               {'IsGem': False, 'Text': '바위 폭풍', 'Value': 8},
                               {'IsGem': True,
                                'Text': '스킬 공격력 증가',
                                'Value': 500},
                               {'IsGem': True,
                                'Text': '스킬 쿨타임 감소',
                                'Value': 2700}],
                   'Value': 18150},
                  {'Class': '블레이드',
                   'IsSkillGroup': False,
                   'Text': '어퍼 슬래쉬',
                   'Tripods': [{'IsGem': False, 'Text': '단단한 갑옷', 'Value': 1},
                               {'IsGem': False, 'Text': '재빠른 손놀림', 'Value': 2},
                               {'IsGem': False, 'Text': '급소 타격', 'Value': 3},
                               {'IsGem': False, 'Text': '강력한 회오리', 'Value': 5},
                               {'IsGem': False, 'Text': '대형 회오리', 'Value': 6},
                               {'IsGem': False, 'Text': '날카로운 공격', 'Value': 7},
                               {'IsGem': False, 'Text': '강인함', 'Value': 8},
                               {'IsGem': True,
                                'Text': '스킬 공격력 증가',
                                'Value': 500},
                               {'IsGem': True,
                                'Text': '스킬 쿨타임 감소',
                                'Value': 2700}],
                   'Value': 25060},
                  {'Class': '아르카나',
                   'IsSkillGroup': False,
                   'Text': '언리미티드 셔플',
                   'Tripods': [{'IsGem': False, 'Text': '파멸의 셔플', 'Value': 1},
                               {'IsGem': False, 'Text': '빠른 준비', 'Value': 2},
                               {'IsGem': False, 'Text': '퀵 드로', 'Value': 3},
                               {'IsGem': False, 'Text': '무한의 뇌격', 'Value': 4},
                               {'IsGem': False, 'Text': '어둠의 핵', 'Value': 5},
                               {'IsGem': False, 'Text': '얼티밋 셔플', 'Value': 6},
                               {'IsGem': False, 'Text': '예견된 죽음', 'Value': 7},
                               {'IsGem': False, 'Text': '파멸의 폭풍', 'Value': 8},
                               {'IsGem': True,
                                'Text': '스킬 공격력 증가',
                                'Value': 500},
                               {'IsGem': True,
                                'Text': '스킬 쿨타임 감소',
                                'Value': 2700}],
                   'Value': 19120},
                  {'Class': '소서리스',
                   'IsSkillGroup': False,
                   'Text': '에너지 방출',
                   'Tripods': [{'IsGem': False, 'Text': '날렵한 시전', 'Value': 1},
                               {'IsGem': False, 'Text': '응축된 화염', 'Value': 4},
                               {'IsGem': False, 'Text': '응축된 냉기', 'Value': 5},
                               {'IsGem': False, 'Text': '응축된 번개', 'Value': 6},
                               {'IsGem': False, 'Text': '에너지 폭격', 'Value': 7},
                               {'IsGem': False, 'Text': '에너지 난사', 'Value': 8},
                               {'IsGem': True,
                                'Text': '스킬 공격력 증가',
                                'Value': 500},
                               {'IsGem': True,
                                'Text': '스킬 쿨타임 감소',
                                'Value': 2700}],
                   'Value': 37240},
                  {'Class': '스카우터',
                   'IsSkillGroup': False,
                   'Text': '에너지 버스터',
                   'Tripods': [{'IsGem': False, 'Text': '응축', 'Value': 1},
                               {'IsGem': False, 'Text': '전력전개', 'Value': 3},
                               {'IsGem': False, 'Text': '플레임 버스터', 'Value': 4},
                               {'IsGem': False, 'Text': '라이트닝 버스터', 'Value': 5},
                               {'IsGem': False, 'Text': '레일건', 'Value': 7},
                               {'IsGem': False, 'Text': '멜트 다우너', 'Value': 8},
                               {'IsGem': True,
                                'Text': '스킬 공격력 증가',
                                'Value': 500},
                               {'IsGem': True,
                                'Text': '스킬 쿨타임 감소',
                                'Value': 2700}],
                   'Value': 35210},
                  {'Class': '블래스터',
                   'IsSkillGroup': False,
                   'Text': '에너지 필드',
                   'Tripods': [{'IsGem': False, 'Text': '필드 방출', 'Value': 2},
                               {'IsGem': False, 'Text': '보호막 강화', 'Value': 4},
                               {'IsGem': False, 'Text': '에너지 증가', 'Value': 5},
                               {'IsGem': False, 'Text': '빠른 준비', 'Value': 6},
                               {'IsGem': True,
                                'Text': '스킬 공격력 증가',
                                'Value': 500},
                               {'IsGem': True,
                                'Text': '스킬 쿨타임 감소',
                                'Value': 2700}],
                   'Value': 30160},
                  {'Class': '소서리스',
                   'IsSkillGroup': False,
                   'Text': '엘레기안의 손길',
                   'Tripods': [{'IsGem': False, 'Text': '파도의 분노', 'Value': 2},
                               {'IsGem': False, 'Text': '빠른 준비', 'Value': 3},
                               {'IsGem': False, 'Text': '재빠른 발놀림', 'Value': 4},
                               {'IsGem': True,
                                'Text': '스킬 공격력 증가',
                                'Value': 500},
                               {'IsGem': True,
                                'Text': '스킬 쿨타임 감소',
                                'Value': 2700}],
                   'Value': 37290},
                  {'Class': '소서리스',
                   'IsSkillGroup': False,
                   'Text': '엘리멘탈 리액트',
                   'Tripods': [{'IsGem': False, 'Text': '통찰력', 'Value': 1},
                               {'IsGem': False, 'Text': '빠른 준비', 'Value': 3},
                               {'IsGem': False, 'Text': '강화된 일격', 'Value': 4},
                               {'IsGem': False, 'Text': '약육강식', 'Value': 5},
                               {'IsGem': False, 'Text': '최후의 일격', 'Value': 6},
                               {'IsGem': False, 'Text': '안정된 크리스탈', 'Value': 7},
                               {'IsGem': False, 'Text': '충격파', 'Value': 8},
                               {'IsGem': True,
                                'Text': '스킬 공격력 증가',
                                'Value': 500},
                               {'IsGem': True,
                                'Text': '스킬 쿨타임 감소',
                                'Value': 2700}],
                   'Value': 37260},
                  {'Class': '서머너',
                   'IsSkillGroup': False,
                   'Text': '엘씨드',
                   'Tripods': [{'IsGem': False, 'Text': '정신 강화', 'Value': 1},
                               {'IsGem': False, 'Text': '마력 증폭', 'Value': 2},
                               {'IsGem': False, 'Text': '소환 유지', 'Value': 3},
                               {'IsGem': False, 'Text': '맹독 씨앗', 'Value': 4},
                               {'IsGem': False, 'Text': '얼음 씨앗', 'Value': 5},
                               {'IsGem': False, 'Text': '엘리트 소환', 'Value': 8},
                               {'IsGem': True,
                                'Text': '스킬 공격력 증가',
                                'Value': 500},
                               {'IsGem': True,
                                'Text': '스킬 쿨타임 감소',
                                'Value': 2700}],
                   'Value': 20090},
                  {'Class': '기공사',
                   'IsSkillGroup': False,
                   'Text': '여래신장',
                   'Tripods': [{'IsGem': False, 'Text': '공격 강화', 'Value': 1},
                               {'IsGem': False, 'Text': '빠른 준비', 'Value': 2},
                               {'IsGem': False, 'Text': '냉기 공격', 'Value': 4},
                               {'IsGem': False, 'Text': '화염 공격', 'Value': 6},
                               {'IsGem': False, 'Text': '화려한 공격', 'Value': 7},
                               {'IsGem': False, 'Text': '무식한 손바닥', 'Value': 8},
                               {'IsGem': True,
                                'Text': '스킬 공격력 증가',
                                'Value': 500},
                               {'IsGem': True,
                                'Text': '스킬 쿨타임 감소',
                                'Value': 2700}],
                   'Value': 24120},
                  {'Class': '호크아이',
                   'IsSkillGroup': False,
                   'Text': '연막 화살',
                   'Tripods': [{'IsGem': False, 'Text': '마력 조절', 'Value': 1},
                               {'IsGem': False, 'Text': '빠른 준비', 'Value': 2},
                               {'IsGem': False, 'Text': '원거리 사격', 'Value': 3},
                               {'IsGem': False, 'Text': '끈적이는 안개', 'Value': 4},
                               {'IsGem': False, 'Text': '어두운 안개', 'Value': 5},
                               {'IsGem': False, 'Text': '독 안개', 'Value': 6},
                               {'IsGem': False, 'Text': '죽음의 안개', 'Value': 8},
                               {'IsGem': True,
                                'Text': '스킬 공격력 증가',
                                'Value': 500},
                               {'IsGem': True,
                                'Text': '스킬 쿨타임 감소',
                                'Value': 2700}],
                   'Value': 28060},
                  {'Class': '창술사',
                   'IsSkillGroup': False,
                   'Text': '연환섬',
                   'Tripods': [{'IsGem': False, 'Text': '삼조격', 'Value': 1},
                               {'IsGem': False, 'Text': '치명적인 공격', 'Value': 3},
                               {'IsGem': False, 'Text': '최후의 판단', 'Value': 4},
                               {'IsGem': False, 'Text': '뇌쇄된 표적', 'Value': 6},
                               {'IsGem': False, 'Text': '약점 포착', 'Value': 7},
                               {'IsGem': False, 'Text': '광휘의 창', 'Value': 8},
                               {'IsGem': True,
                                'Text': '스킬 공격력 증가',
                                'Value': 500},
                               {'IsGem': True,
                                'Text': '스킬 쿨타임 감소',
                                'Value': 2700}],
                   'Value': 34120},
                  {'Class': '인파이터',
                   'IsSkillGroup': False,
                   'Text': '연환파신권',
                   'Tripods': [{'IsGem': False, 'Text': '노련한 행동', 'Value': 1},
                               {'IsGem': False,
                                'Text': '끝나지 않는 분노',
                                'Value': 3},
                               {'IsGem': False, 'Text': '화염 폭발', 'Value': 6},
                               {'IsGem': False, 'Text': '대폭발', 'Value': 7},
                               {'IsGem': False, 'Text': '흔들리는 지대', 'Value': 8},
                               {'IsGem': True,
                                'Text': '스킬 공격력 증가',
                                'Value': 500},
                               {'IsGem': True,
                                'Text': '스킬 쿨타임 감소',
                                'Value': 2700}],
                   'Value': 23100},
                  {'Class': '창술사',
                   'IsSkillGroup': False,
                   'Text': '열공참',
                   'Tripods': [{'IsGem': False, 'Text': '재빠른 손놀림', 'Value': 1},
                               {'IsGem': False, 'Text': '급소 타격', 'Value': 2},
                               {'IsGem': False, 'Text': '난무 특화', 'Value': 3},
                               {'IsGem': False, 'Text': '화염 회전', 'Value': 4},
                               {'IsGem': False, 'Text': '냉기 회전', 'Value': 5},
                               {'IsGem': False, 'Text': '강화된 일격', 'Value': 6},
                               {'IsGem': False, 'Text': '단극회전', 'Value': 7},
                               {'IsGem': False, 'Text': '초극회전', 'Value': 8},
                               {'IsGem': True,
                                'Text': '스킬 공격력 증가',
                                'Value': 500},
                               {'IsGem': True,
                                'Text': '스킬 쿨타임 감소',
                                'Value': 2700}],
                   'Value': 34060},
                  {'Class': '버서커',
                   'IsSkillGroup': False,
                   'Text': '오러 블레이드',
                   'Tripods': [{'IsGem': False, 'Text': '섬전', 'Value': 1},
                               {'IsGem': False, 'Text': '빠른 준비', 'Value': 2},
                               {'IsGem': False, 'Text': '원거리 타격', 'Value': 3},
                               {'IsGem': False, 'Text': '검상', 'Value': 5},
                               {'IsGem': False, 'Text': '파괴', 'Value': 6},
                               {'IsGem': False, 'Text': '공간베기', 'Value': 7},
                               {'IsGem': False, 'Text': '멸절', 'Value': 8},
                               {'IsGem': True,
                                'Text': '스킬 공격력 증가',
                                'Value': 500},
                               {'IsGem': True,
                                'Text': '스킬 쿨타임 감소',
                                'Value': 2700}],
                   'Value': 16400},
                  {'Class': '배틀마스터',
                   'IsSkillGroup': False,
                   'Text': '오의 : 나선경',
                   'Tripods': [{'IsGem': False, 'Text': '약점 포착', 'Value': 1},
                               {'IsGem': False, 'Text': '재빠른 손놀림', 'Value': 4},
                               {'IsGem': False, 'Text': '행운의 버블', 'Value': 5},
                               {'IsGem': False, 'Text': '공격 준비', 'Value': 6},
                               {'IsGem': False, 'Text': '파멸의 일격', 'Value': 7},
                               {'IsGem': True,
                                'Text': '스킬 공격력 증가',
                                'Value': 500},
                               {'IsGem': True,
                                'Text': '스킬 쿨타임 감소',
                                'Value': 2700}],
                   'Value': 22030},
                  {'Class': '스트라이커',
                   'IsSkillGroup': False,
                   'Text': '오의 : 나선경',
                   'Tripods': [{'IsGem': False, 'Text': '약점 포착', 'Value': 1},
                               {'IsGem': False, 'Text': '재빠른 손놀림', 'Value': 4},
                               {'IsGem': False, 'Text': '행운의 버블', 'Value': 5},
                               {'IsGem': False, 'Text': '바람의 축복', 'Value': 6},
                               {'IsGem': False, 'Text': '파멸의 일격', 'Value': 7},
                               {'IsGem': True,
                                'Text': '스킬 공격력 증가',
                                'Value': 500},
                               {'IsGem': True,
                                'Text': '스킬 쿨타임 감소',
                                'Value': 2700}],
                   'Value': 39030},
                  {'Class': '배틀마스터',
                   'IsSkillGroup': False,
                   'Text': '오의 : 뇌진격',
                   'Tripods': [{'IsGem': False, 'Text': '급소 타격', 'Value': 1},
                               {'IsGem': False, 'Text': '강렬한 전격', 'Value': 2},
                               {'IsGem': False, 'Text': '확고한 의지', 'Value': 5},
                               {'IsGem': False, 'Text': '감전', 'Value': 7},
                               {'IsGem': False, 'Text': '위험한 거래', 'Value': 8},
                               {'IsGem': True,
                                'Text': '스킬 공격력 증가',
                                'Value': 500},
                               {'IsGem': True,
                                'Text': '스킬 쿨타임 감소',
                                'Value': 2700}],
                   'Value': 22100},
                  {'Class': '스트라이커',
                   'IsSkillGroup': False,
                   'Text': '오의 : 뇌호격',
                   'Tripods': [{'IsGem': False, 'Text': '행운의 버블', 'Value': 1},
                               {'IsGem': False, 'Text': '단일 타격', 'Value': 2},
                               {'IsGem': False, 'Text': '빠른 준비', 'Value': 3},
                               {'IsGem': False, 'Text': '약점 포착', 'Value': 4},
                               {'IsGem': False, 'Text': '꿰뚫는 일격', 'Value': 6},
                               {'IsGem': False, 'Text': '모아 차기', 'Value': 7},
                               {'IsGem': False, 'Text': '연속 차기', 'Value': 8},
                               {'IsGem': True,
                                'Text': '스킬 공격력 증가',
                                'Value': 500},
                               {'IsGem': True,
                                'Text': '스킬 쿨타임 감소',
                                'Value': 2700}],
                   'Value': 39100},
                  {'Class': '배틀마스터',
                   'IsSkillGroup': False,
                   'Text': '오의 : 폭쇄진',
                   'Tripods': [{'IsGem': False, 'Text': '약점 포착', 'Value': 1},
                               {'IsGem': False, 'Text': '최후의 폭발', 'Value': 2},
                               {'IsGem': False, 'Text': '거친 폭발', 'Value': 3},
                               {'IsGem': False, 'Text': '행운의 버블', 'Value': 4},
                               {'IsGem': False, 'Text': '냉기 폭발', 'Value': 5},
                               {'IsGem': False, 'Text': '화염 폭발', 'Value': 6},
                               {'IsGem': False, 'Text': '끝없는 파괴', 'Value': 7},
                               {'IsGem': False, 'Text': '대폭발', 'Value': 8},
                               {'IsGem': True,
                                'Text': '스킬 공격력 증가',
                                'Value': 500},
                               {'IsGem': True,
                                'Text': '스킬 쿨타임 감소',
                                'Value': 2700}],
                   'Value': 22020},
                  {'Class': '스트라이커',
                   'IsSkillGroup': False,
                   'Text': '오의 : 폭쇄진',
                   'Tripods': [{'IsGem': False, 'Text': '약점 포착', 'Value': 1},
                               {'IsGem': False, 'Text': '최후의 폭발', 'Value': 2},
                               {'IsGem': False, 'Text': '광풍', 'Value': 3},
                               {'IsGem': False, 'Text': '행운의 버블', 'Value': 4},
                               {'IsGem': False, 'Text': '냉기 폭발', 'Value': 5},
                               {'IsGem': False, 'Text': '화염 폭발', 'Value': 6},
                               {'IsGem': False, 'Text': '끝없는 파괴', 'Value': 7},
                               {'IsGem': False, 'Text': '대폭발', 'Value': 8},
                               {'IsGem': True,
                                'Text': '스킬 공격력 증가',
                                'Value': 500},
                               {'IsGem': True,
                                'Text': '스킬 쿨타임 감소',
                                'Value': 2700}],
                   'Value': 39020},
                  {'Class': '배틀마스터',
                   'IsSkillGroup': False,
                   'Text': '오의 : 풍신초래',
                   'Tripods': [{'IsGem': False, 'Text': '대지 폭풍', 'Value': 1},
                               {'IsGem': False, 'Text': '냉기 폭풍', 'Value': 2},
                               {'IsGem': False, 'Text': '번개 폭풍', 'Value': 3},
                               {'IsGem': False, 'Text': '성장 공격', 'Value': 4},
                               {'IsGem': False, 'Text': '과회전', 'Value': 6},
                               {'IsGem': False, 'Text': '폭풍 소환', 'Value': 7},
                               {'IsGem': False, 'Text': '휘몰아치는 폭풍', 'Value': 8},
                               {'IsGem': True,
                                'Text': '스킬 공격력 증가',
                                'Value': 500},
                               {'IsGem': True,
                                'Text': '스킬 쿨타임 감소',
                                'Value': 2700}],
                   'Value': 22110},
                  {'Class': '스트라이커',
                   'IsSkillGroup': False,
                   'Text': '오의 : 풍신초래',
                   'Tripods': [{'IsGem': False, 'Text': '대지 폭풍', 'Value': 1},
                               {'IsGem': False, 'Text': '냉기 폭풍', 'Value': 2},
                               {'IsGem': False, 'Text': '번개 폭풍', 'Value': 3},
                               {'IsGem': False, 'Text': '성장 공격', 'Value': 4},
                               {'IsGem': False, 'Text': '과회전', 'Value': 6},
                               {'IsGem': False, 'Text': '폭풍 소환', 'Value': 7},
                               {'IsGem': False, 'Text': '휘몰아치는 폭풍', 'Value': 8},
                               {'IsGem': True,
                                'Text': '스킬 공격력 증가',
                                'Value': 500},
                               {'IsGem': True,
                                'Text': '스킬 쿨타임 감소',
                                'Value': 2700}],
                   'Value': 39110},
                  {'Class': '스트라이커',
                   'IsSkillGroup': False,
                   'Text': '오의 : 호왕출현',
                   'Tripods': [{'IsGem': False, 'Text': '단단한 갑옷', 'Value': 2},
                               {'IsGem': False, 'Text': '빠른 준비', 'Value': 3},
                               {'IsGem': False, 'Text': '암흑 공격', 'Value': 4},
                               {'IsGem': False, 'Text': '단일 타격', 'Value': 5},
                               {'IsGem': False, 'Text': '불의 고리', 'Value': 6},
                               {'IsGem': False, 'Text': '호승격', 'Value': 7},
                               {'IsGem': False, 'Text': '승천', 'Value': 8},
                               {'IsGem': True,
                                'Text': '스킬 공격력 증가',
                                'Value': 500},
                               {'IsGem': True,
                                'Text': '스킬 쿨타임 감소',
                                'Value': 2700}],
                   'Value': 39040},
                  {'Class': '배틀마스터',
                   'IsSkillGroup': False,
                   'Text': '오의 : 화룡천상',
                   'Tripods': [{'IsGem': False, 'Text': '행운의 버블', 'Value': 2},
                               {'IsGem': False, 'Text': '집중 타격', 'Value': 4},
                               {'IsGem': False, 'Text': '흑룡의 승천', 'Value': 5},
                               {'IsGem': False, 'Text': '마무리 일격', 'Value': 6},
                               {'IsGem': False, 'Text': '폭풍의 눈', 'Value': 7},
                               {'IsGem': False, 'Text': '최후의 한방', 'Value': 8},
                               {'IsGem': True,
                                'Text': '스킬 공격력 증가',
                                'Value': 500},
                               {'IsGem': True,
                                'Text': '스킬 쿨타임 감소',
                                'Value': 2700}],
                   'Value': 22040},
                  {'Class': '배틀마스터',
                   'IsSkillGroup': False,
                   'Text': '용맹의 포효',
                   'Tripods': [{'IsGem': False, 'Text': '마력 조절', 'Value': 1},
                               {'IsGem': False, 'Text': '엘리멘탈 갈취', 'Value': 3},
                               {'IsGem': False, 'Text': '빠른 준비', 'Value': 4},
                               {'IsGem': False, 'Text': '기동성 약화', 'Value': 5},
                               {'IsGem': False, 'Text': '충격 강화', 'Value': 8},
                               {'IsGem': True,
                                'Text': '스킬 공격력 증가',
                                'Value': 500},
                               {'IsGem': True,
                                'Text': '스킬 쿨타임 감소',
                                'Value': 2700}],
                   'Value': 22080},
                  {'Class': '인파이터',
                   'IsSkillGroup': False,
                   'Text': '용의 강림',
                   'Tripods': [{'IsGem': False, 'Text': '탁월한 기동성', 'Value': 1},
                               {'IsGem': False, 'Text': '복식 강화', 'Value': 2},
                               {'IsGem': False, 'Text': '순간포착', 'Value': 3},
                               {'IsGem': False, 'Text': '화신 출격', 'Value': 5},
                               {'IsGem': False, 'Text': '대파괴', 'Value': 7},
                               {'IsGem': False, 'Text': '흑룡의 강림', 'Value': 8},
                               {'IsGem': True,
                                'Text': '스킬 공격력 증가',
                                'Value': 500},
                               {'IsGem': True,
                                'Text': '스킬 쿨타임 감소',
                                'Value': 2700}],
                   'Value': 23050},
                  {'Class': '스트라이커',
                   'IsSkillGroup': False,
                   'Text': '운룡각',
                   'Tripods': [{'IsGem': False, 'Text': '탁월한 기동성', 'Value': 1},
                               {'IsGem': False, 'Text': '재빠른 발놀림', 'Value': 2},
                               {'IsGem': False, 'Text': '엘리멘탈 갈취', 'Value': 3},
                               {'IsGem': False, 'Text': '가벼운 표적', 'Value': 4},
                               {'IsGem': False, 'Text': '강화된 일격', 'Value': 5},
                               {'IsGem': False, 'Text': '약육강식', 'Value': 6},
                               {'IsGem': False, 'Text': '백호각', 'Value': 7},
                               {'IsGem': False, 'Text': '낙화각', 'Value': 8},
                               {'IsGem': True,
                                'Text': '스킬 공격력 증가',
                                'Value': 500},
                               {'IsGem': True,
                                'Text': '스킬 쿨타임 감소',
                                'Value': 2700}],
                   'Value': 39120},
                  {'Class': '아르카나',
                   'IsSkillGroup': False,
                   'Text': '운명의 부름',
                   'Tripods': [{'IsGem': False, 'Text': '정신 강화', 'Value': 1},
                               {'IsGem': False, 'Text': '꿰뚫는 일격', 'Value': 2},
                               {'IsGem': False, 'Text': '날렵한 움직임', 'Value': 3},
                               {'IsGem': False, 'Text': '퀵 드로', 'Value': 4},
                               {'IsGem': False, 'Text': '약점 포착', 'Value': 5},
                               {'IsGem': False, 'Text': '어두운 운명', 'Value': 6},
                               {'IsGem': False, 'Text': '연속 공격', 'Value': 7},
                               {'IsGem': False, 'Text': '페이크 플립', 'Value': 8},
                               {'IsGem': True,
                                'Text': '스킬 공격력 증가',
                                'Value': 500},
                               {'IsGem': True,
                                'Text': '스킬 쿨타임 감소',
                                'Value': 2700}],
                   'Value': 19180},
                  {'Class': '배틀마스터',
                   'IsSkillGroup': False,
                   'Text': '월섬각',
                   'Tripods': [{'IsGem': False, 'Text': '열섬각', 'Value': 1},
                               {'IsGem': False, 'Text': '강렬한 전격', 'Value': 2},
                               {'IsGem': False, 'Text': '백열각', 'Value': 3},
                               {'IsGem': False, 'Text': '탁월한 기동성', 'Value': 4},
                               {'IsGem': False, 'Text': '단일 타격', 'Value': 6},
                               {'IsGem': False, 'Text': '화려한 발재간', 'Value': 7},
                               {'IsGem': False, 'Text': '만월각', 'Value': 8},
                               {'IsGem': True,
                                'Text': '스킬 공격력 증가',
                                'Value': 500},
                               {'IsGem': True,
                                'Text': '스킬 쿨타임 감소',
                                'Value': 2700}],
                   'Value': 22190},
                  {'Class': '스트라이커',
                   'IsSkillGroup': False,
                   'Text': '월섬각',
                   'Tripods': [{'IsGem': False, 'Text': '열섬각', 'Value': 1},
                               {'IsGem': False, 'Text': '강렬한 전격', 'Value': 2},
                               {'IsGem': False, 'Text': '백열각', 'Value': 3},
                               {'IsGem': False, 'Text': '탁월한 기동성', 'Value': 4},
                               {'IsGem': False, 'Text': '단일 타격', 'Value': 6},
                               {'IsGem': False, 'Text': '화려한 발재간', 'Value': 7},
                               {'IsGem': False, 'Text': '만월각', 'Value': 8},
                               {'IsGem': True,
                                'Text': '스킬 공격력 증가',
                                'Value': 500},
                               {'IsGem': True,
                                'Text': '스킬 쿨타임 감소',
                                'Value': 2700}],
                   'Value': 39190},
                  {'Class': '버서커',
                   'IsSkillGroup': False,
                   'Text': '윈드 블레이드',
                   'Tripods': [{'IsGem': False, 'Text': '가속', 'Value': 1},
                               {'IsGem': False, 'Text': '출혈 효과', 'Value': 2},
                               {'IsGem': False, 'Text': '빠른 준비', 'Value': 3},
                               {'IsGem': False, 'Text': '강화된 일격', 'Value': 4},
                               {'IsGem': False, 'Text': '급소 타격', 'Value': 5},
                               {'IsGem': False, 'Text': '집중', 'Value': 6},
                               {'IsGem': False, 'Text': '돌풍', 'Value': 7},
                               {'IsGem': False, 'Text': '윈드 스위프트', 'Value': 8},
                               {'IsGem': True,
                                'Text': '스킬 공격력 증가',
                                'Value': 500},
                               {'IsGem': True,
                                'Text': '스킬 쿨타임 감소',
                                'Value': 2700}],
                   'Value': 16610},
                  {'Class': '바드',
                   'IsSkillGroup': False,
                   'Text': '윈드 오브 뮤직',
                   'Tripods': [{'IsGem': False, 'Text': '정신 강화', 'Value': 1},
                               {'IsGem': False, 'Text': '빠른 준비', 'Value': 2},
                               {'IsGem': False, 'Text': '날렵한 시전', 'Value': 3},
                               {'IsGem': False, 'Text': '선율 증가', 'Value': 4},
                               {'IsGem': False, 'Text': '강화된 시전', 'Value': 5},
                               {'IsGem': False, 'Text': '피해량 감소', 'Value': 6},
                               {'IsGem': False, 'Text': '초고속 시전', 'Value': 7},
                               {'IsGem': False, 'Text': '수호의 바람', 'Value': 8},
                               {'IsGem': True,
                                'Text': '스킬 공격력 증가',
                                'Value': 500},
                               {'IsGem': True,
                                'Text': '스킬 쿨타임 감소',
                                'Value': 2700}],
                   'Value': 21070},
                  {'Class': '블레이드',
                   'IsSkillGroup': False,
                   'Text': '윈드 컷',
                   'Tripods': [{'IsGem': False, 'Text': '기동성 약화', 'Value': 1},
                               {'IsGem': False, 'Text': '약육강식', 'Value': 2},
                               {'IsGem': False, 'Text': '빠른 준비', 'Value': 3},
                               {'IsGem': False, 'Text': '급소 타격', 'Value': 5},
                               {'IsGem': False, 'Text': '지속력 강화', 'Value': 6},
                               {'IsGem': False, 'Text': '검기 폭발', 'Value': 7},
                               {'IsGem': True,
                                'Text': '스킬 공격력 증가',
                                'Value': 500},
                               {'IsGem': True,
                                'Text': '스킬 쿨타임 감소',
                                'Value': 2700}],
                   'Value': 25050},
                  {'Class': '서머너',
                   'IsSkillGroup': False,
                   'Text': '윙드 스피릿',
                   'Tripods': [{'IsGem': False, 'Text': '마력 강화', 'Value': 1},
                               {'IsGem': False, 'Text': '마나 회복', 'Value': 3},
                               {'IsGem': False, 'Text': '썬더 스피릿', 'Value': 4},
                               {'IsGem': False, 'Text': '어스 스피릿', 'Value': 5},
                               {'IsGem': False, 'Text': '소용돌이', 'Value': 7},
                               {'IsGem': True,
                                'Text': '스킬 공격력 증가',
                                'Value': 500},
                               {'IsGem': True,
                                'Text': '스킬 쿨타임 감소',
                                'Value': 2700}],
                   'Value': 20220},
                  {'Class': '창술사',
                   'IsSkillGroup': False,
                   'Text': '유성강천',
                   'Tripods': [{'IsGem': False, 'Text': '약점 포착', 'Value': 1},
                               {'IsGem': False, 'Text': '화력 조절', 'Value': 5},
                               {'IsGem': False, 'Text': '빠른 준비', 'Value': 6},
                               {'IsGem': False, 'Text': '강력한 마무리', 'Value': 7},
                               {'IsGem': False, 'Text': '지면 폭발', 'Value': 8},
                               {'IsGem': True,
                                'Text': '스킬 공격력 증가',
                                'Value': 500},
                               {'IsGem': True,
                                'Text': '스킬 쿨타임 감소',
                                'Value': 2700}],
                   'Value': 34570},
                  {'Class': '바드',
                   'IsSkillGroup': False,
                   'Text': '율동의 하프',
                   'Tripods': [{'IsGem': False, 'Text': '소환의 의지', 'Value': 1},
                               {'IsGem': False, 'Text': '날렵한 시전', 'Value': 2},
                               {'IsGem': False, 'Text': '정신 강화', 'Value': 3},
                               {'IsGem': False, 'Text': '거대 하프', 'Value': 8},
                               {'IsGem': True,
                                'Text': '스킬 공격력 증가',
                                'Value': 500},
                               {'IsGem': True,
                                'Text': '스킬 쿨타임 감소',
                                'Value': 2700}],
                   'Value': 21180},
                  {'Class': '바드',
                   'IsSkillGroup': False,
                   'Text': '음파 진동',
                   'Tripods': [{'IsGem': False, 'Text': '수호의 진동', 'Value': 2},
                               {'IsGem': False, 'Text': '얼어붙은 핵', 'Value': 4},
                               {'IsGem': False, 'Text': '연쇄 진동', 'Value': 6},
                               {'IsGem': False, 'Text': '진동 확산', 'Value': 8},
                               {'IsGem': True,
                                'Text': '스킬 공격력 증가',
                                'Value': 500},
                               {'IsGem': True,
                                'Text': '스킬 쿨타임 감소',
                                'Value': 2700}],
                   'Value': 21170},
                  {'Class': '바드',
                   'IsSkillGroup': False,
                   'Text': '음표 뭉치',
                   'Tripods': [{'IsGem': False, 'Text': '굳건한 음표', 'Value': 1},
                               {'IsGem': False, 'Text': '도돌이표', 'Value': 2},
                               {'IsGem': False, 'Text': '음표 붕괴', 'Value': 3},
                               {'IsGem': False, 'Text': '음표 해일', 'Value': 6},
                               {'IsGem': False, 'Text': '무자비한 방출', 'Value': 7},
                               {'IsGem': True,
                                'Text': '스킬 공격력 증가',
                                'Value': 500},
                               {'IsGem': True,
                                'Text': '스킬 쿨타임 감소',
                                'Value': 2700}],
                   'Value': 21110},
                  {'Class': '호크아이',
                   'IsSkillGroup': False,
                   'Text': '이동 베기',
                   'Tripods': [{'IsGem': False, 'Text': '빠른 준비', 'Value': 1},
                               {'IsGem': False, 'Text': '탁월한 기동성', 'Value': 3},
                               {'IsGem': False, 'Text': '실버 마스터', 'Value': 5},
                               {'IsGem': False, 'Text': '약육강식', 'Value': 6},
                               {'IsGem': False, 'Text': '강화 베기', 'Value': 8},
                               {'IsGem': True,
                                'Text': '스킬 공격력 증가',
                                'Value': 500},
                               {'IsGem': True,
                                'Text': '스킬 쿨타임 감소',
                                'Value': 2700}],
                   'Value': 28140},
                  {'Class': '아르카나',
                   'IsSkillGroup': False,
                   'Text': '이보크',
                   'Tripods': [{'IsGem': False, 'Text': '빠른 준비', 'Value': 1},
                               {'IsGem': False, 'Text': '정신 강화', 'Value': 2},
                               {'IsGem': False, 'Text': '퀵 드로', 'Value': 3},
                               {'IsGem': False, 'Text': '집속 마법진', 'Value': 4},
                               {'IsGem': False, 'Text': '마나 중독', 'Value': 5},
                               {'IsGem': False, 'Text': '치명적 공격', 'Value': 6},
                               {'IsGem': True,
                                'Text': '스킬 공격력 증가',
                                'Value': 500},
                               {'IsGem': True,
                                'Text': '스킬 쿨타임 감소',
                                'Value': 2700}],
                   'Value': 19030},
                  {'Class': '리퍼',
                   'IsSkillGroup': False,
                   'Text': '이블리스토',
                   'Tripods': [{'IsGem': False, 'Text': '치명적인 단검', 'Value': 5},
                               {'IsGem': False, 'Text': '심호흡', 'Value': 6},
                               {'IsGem': False, 'Text': '죽음의 일격', 'Value': 7},
                               {'IsGem': False, 'Text': '속전속결', 'Value': 8},
                               {'IsGem': True,
                                'Text': '스킬 공격력 증가',
                                'Value': 500},
                               {'IsGem': True,
                                'Text': '스킬 쿨타임 감소',
                                'Value': 2700}],
                   'Value': 26080},
                  {'Class': '스카우터',
                   'IsSkillGroup': False,
                   'Text': '이스케이프',
                   'Tripods': [{'IsGem': False, 'Text': '탁월한 기동성', 'Value': 1},
                               {'IsGem': False, 'Text': '배터리 절약', 'Value': 2},
                               {'IsGem': False, 'Text': '협동 사격', 'Value': 6},
                               {'IsGem': False, 'Text': '응급 보호', 'Value': 7},
                               {'IsGem': False, 'Text': '약육 사격', 'Value': 8},
                               {'IsGem': True,
                                'Text': '스킬 공격력 증가',
                                'Value': 500},
                               {'IsGem': True,
                                'Text': '스킬 쿨타임 감소',
                                'Value': 2700}],
                   'Value': 35120},
                  {'Class': '창술사',
                   'IsSkillGroup': False,
                   'Text': '이연격',
                   'Tripods': [{'IsGem': False, 'Text': '화염 베기', 'Value': 1},
                               {'IsGem': False, 'Text': '냉기 베기', 'Value': 2},
                               {'IsGem': False, 'Text': '대지 베기', 'Value': 3},
                               {'IsGem': False, 'Text': '최후의 판단', 'Value': 5},
                               {'IsGem': False, 'Text': '난무 특화', 'Value': 6},
                               {'IsGem': False, 'Text': '공간 베기', 'Value': 7},
                               {'IsGem': False, 'Text': '속성 강타', 'Value': 8},
                               {'IsGem': True,
                                'Text': '스킬 공격력 증가',
                                'Value': 500},
                               {'IsGem': True,
                                'Text': '스킬 쿨타임 감소',
                                'Value': 2700}],
                   'Value': 34040},
                  {'Class': '데빌헌터',
                   'IsSkillGroup': False,
                   'Text': '이퀄리브리엄',
                   'Tripods': [{'IsGem': False, 'Text': '고속 사격', 'Value': 1},
                               {'IsGem': False, 'Text': '섬멸 사격', 'Value': 4},
                               {'IsGem': False, 'Text': '적 소탕', 'Value': 5},
                               {'IsGem': False, 'Text': '원거리 사격', 'Value': 6},
                               {'IsGem': False, 'Text': '화상 효과', 'Value': 7},
                               {'IsGem': False, 'Text': '급소 사격', 'Value': 8},
                               {'IsGem': True,
                                'Text': '스킬 공격력 증가',
                                'Value': 500},
                               {'IsGem': True,
                                'Text': '스킬 쿨타임 감소',
                                'Value': 2700}],
                   'Value': 29220},
                  {'Class': '건슬링어',
                   'IsSkillGroup': False,
                   'Text': '이퀄리브리엄',
                   'Tripods': [{'IsGem': False, 'Text': '고속 사격', 'Value': 1},
                               {'IsGem': False, 'Text': '섬멸 사격', 'Value': 4},
                               {'IsGem': False, 'Text': '적 소탕', 'Value': 5},
                               {'IsGem': False, 'Text': '원거리 사격', 'Value': 6},
                               {'IsGem': False, 'Text': '화상 효과', 'Value': 7},
                               {'IsGem': False, 'Text': '급소 사격', 'Value': 8},
                               {'IsGem': True,
                                'Text': '스킬 공격력 증가',
                                'Value': 500},
                               {'IsGem': True,
                                'Text': '스킬 쿨타임 감소',
                                'Value': 2700}],
                   'Value': 38220},
                  {'Class': '소서리스',
                   'IsSkillGroup': False,
                   'Text': '익스플로전',
                   'Tripods': [{'IsGem': False, 'Text': '발화', 'Value': 1},
                               {'IsGem': False, 'Text': '정신 강화', 'Value': 2},
                               {'IsGem': False, 'Text': '약육강식', 'Value': 3},
                               {'IsGem': False, 'Text': '소용돌이 화염', 'Value': 5},
                               {'IsGem': False, 'Text': '약점 포착', 'Value': 6},
                               {'IsGem': False, 'Text': '마력 증폭', 'Value': 7},
                               {'IsGem': False, 'Text': '최후의 일격', 'Value': 8},
                               {'IsGem': True,
                                'Text': '스킬 공격력 증가',
                                'Value': 500},
                               {'IsGem': True,
                                'Text': '스킬 쿨타임 감소',
                                'Value': 2700}],
                   'Value': 37330},
                  {'Class': '디스트로이어',
                   'IsSkillGroup': False,
                   'Text': '인듀어 페인',
                   'Tripods': [{'IsGem': False, 'Text': '중력 강화', 'Value': 2},
                               {'IsGem': False, 'Text': '반중력', 'Value': 4},
                               {'IsGem': False, 'Text': '전장의 공포', 'Value': 5},
                               {'IsGem': False, 'Text': '건강한 정신', 'Value': 7},
                               {'IsGem': True,
                                'Text': '스킬 공격력 증가',
                                'Value': 500},
                               {'IsGem': True,
                                'Text': '스킬 쿨타임 감소',
                                'Value': 2700}],
                   'Value': 18140},
                  {'Class': '소서리스',
                   'IsSkillGroup': False,
                   'Text': '인페르노',
                   'Tripods': [{'IsGem': False, 'Text': '발화', 'Value': 1},
                               {'IsGem': False, 'Text': '화염 지대', 'Value': 4},
                               {'IsGem': False, 'Text': '약점 포착', 'Value': 5},
                               {'IsGem': False, 'Text': '화력 팽창', 'Value': 7},
                               {'IsGem': False, 'Text': '화력 보충', 'Value': 8},
                               {'IsGem': True,
                                'Text': '스킬 공격력 증가',
                                'Value': 500},
                               {'IsGem': True,
                                'Text': '스킬 쿨타임 감소',
                                'Value': 2700}],
                   'Value': 37230},
                  {'Class': '호크아이',
                   'IsSkillGroup': False,
                   'Text': '일렉트릭 노바',
                   'Tripods': [{'IsGem': False, 'Text': '재빠른 손놀림', 'Value': 1},
                               {'IsGem': False, 'Text': '마력 조절', 'Value': 2},
                               {'IsGem': False, 'Text': '원거리 사격', 'Value': 3},
                               {'IsGem': False, 'Text': '과부하', 'Value': 5},
                               {'IsGem': False, 'Text': '전하 충격', 'Value': 6},
                               {'IsGem': True,
                                'Text': '스킬 공격력 증가',
                                'Value': 500},
                               {'IsGem': True,
                                'Text': '스킬 쿨타임 감소',
                                'Value': 2700}],
                   'Value': 28050},
                  {'Class': '인파이터',
                   'IsSkillGroup': False,
                   'Text': '일망 타진',
                   'Tripods': [{'IsGem': False, 'Text': '신속한 준비', 'Value': 1},
                               {'IsGem': False, 'Text': '단일 타격', 'Value': 2},
                               {'IsGem': False, 'Text': '피의 갈증', 'Value': 3},
                               {'IsGem': False, 'Text': '광인', 'Value': 4},
                               {'IsGem': False, 'Text': '상황 판단', 'Value': 5},
                               {'IsGem': False, 'Text': '보강된 타격', 'Value': 7},
                               {'IsGem': False, 'Text': '묵직한 한방', 'Value': 8},
                               {'IsGem': True,
                                'Text': '스킬 공격력 증가',
                                'Value': 500},
                               {'IsGem': True,
                                'Text': '스킬 쿨타임 감소',
                                'Value': 2700}],
                   'Value': 23160},
                  {'Class': '창술사',
                   'IsSkillGroup': False,
                   'Text': '일섬각',
                   'Tripods': [{'IsGem': False, 'Text': '탁월한 기동성', 'Value': 1},
                               {'IsGem': False, 'Text': '마력 조절', 'Value': 3},
                               {'IsGem': False, 'Text': '기절 효과', 'Value': 4},
                               {'IsGem': False, 'Text': '약점 포착', 'Value': 5},
                               {'IsGem': False, 'Text': '최후의 판단', 'Value': 6},
                               {'IsGem': False, 'Text': '강회전', 'Value': 7},
                               {'IsGem': True,
                                'Text': '스킬 공격력 증가',
                                'Value': 500},
                               {'IsGem': True,
                                'Text': '스킬 쿨타임 감소',
                                'Value': 2700}],
                   'Value': 34080},
                  {'Class': '호크아이',
                   'IsSkillGroup': False,
                   'Text': '일제 사격',
                   'Tripods': [{'IsGem': False, 'Text': '약육강식', 'Value': 1},
                               {'IsGem': False, 'Text': '마력 조절', 'Value': 2},
                               {'IsGem': False, 'Text': '가벼운 발걸음', 'Value': 3},
                               {'IsGem': False, 'Text': '냉기 화살', 'Value': 5},
                               {'IsGem': False, 'Text': '은밀한 움직임', 'Value': 7},
                               {'IsGem': False, 'Text': '밀집 사격', 'Value': 8},
                               {'IsGem': True,
                                'Text': '스킬 공격력 증가',
                                'Value': 500},
                               {'IsGem': True,
                                'Text': '스킬 쿨타임 감소',
                                'Value': 2700}],
                   'Value': 28030},
                  {'Class': '데빌헌터',
                   'IsSkillGroup': False,
                   'Text': '잔혹한 추적자',
                   'Tripods': [{'IsGem': False, 'Text': '재빠른 손놀림', 'Value': 1},
                               {'IsGem': False, 'Text': '마력 조절', 'Value': 2},
                               {'IsGem': False, 'Text': '급소 사격', 'Value': 4},
                               {'IsGem': False, 'Text': '연사력 강화', 'Value': 5},
                               {'IsGem': False, 'Text': '빠른 총 뽑기', 'Value': 7},
                               {'IsGem': False, 'Text': '폭발성 탄환', 'Value': 8},
                               {'IsGem': True,
                                'Text': '스킬 공격력 증가',
                                'Value': 500},
                               {'IsGem': True,
                                'Text': '스킬 쿨타임 감소',
                                'Value': 2700}],
                   'Value': 29190},
                  {'Class': '배틀마스터',
                   'IsSkillGroup': False,
                   'Text': '잠룡승천축',
                   'Tripods': [{'IsGem': False, 'Text': '나선각', 'Value': 1},
                               {'IsGem': False, 'Text': '급소 타격', 'Value': 3},
                               {'IsGem': False, 'Text': '빠른 준비', 'Value': 4},
                               {'IsGem': False, 'Text': '강화된 일격', 'Value': 5},
                               {'IsGem': False, 'Text': '공격 준비', 'Value': 6},
                               {'IsGem': False, 'Text': '수주승천각', 'Value': 8},
                               {'IsGem': True,
                                'Text': '스킬 공격력 증가',
                                'Value': 500},
                               {'IsGem': True,
                                'Text': '스킬 쿨타임 감소',
                                'Value': 2700}],
                   'Value': 22070},
                  {'Class': '스트라이커',
                   'IsSkillGroup': False,
                   'Text': '잠룡승천축',
                   'Tripods': [{'IsGem': False, 'Text': '나선각', 'Value': 1},
                               {'IsGem': False, 'Text': '급소 타격', 'Value': 3},
                               {'IsGem': False, 'Text': '빠른 준비', 'Value': 4},
                               {'IsGem': False, 'Text': '강화된 일격', 'Value': 5},
                               {'IsGem': False, 'Text': '바람의 축복', 'Value': 6},
                               {'IsGem': False, 'Text': '수주승천각', 'Value': 8},
                               {'IsGem': True,
                                'Text': '스킬 공격력 증가',
                                'Value': 500},
                               {'IsGem': True,
                                'Text': '스킬 쿨타임 감소',
                                'Value': 2700}],
                   'Value': 39070},
                  {'Class': '창술사',
                   'IsSkillGroup': False,
                   'Text': '적룡포',
                   'Tripods': [{'IsGem': False, 'Text': '화력 조절', 'Value': 2},
                               {'IsGem': False, 'Text': '빠른 준비', 'Value': 3},
                               {'IsGem': False, 'Text': '단호한 의지', 'Value': 4},
                               {'IsGem': False, 'Text': '진화하는 창술', 'Value': 5},
                               {'IsGem': False, 'Text': '파괴하는 창', 'Value': 6},
                               {'IsGem': False, 'Text': '약점 포착', 'Value': 7},
                               {'IsGem': False, 'Text': '치명적인 조준', 'Value': 8},
                               {'IsGem': True,
                                'Text': '스킬 공격력 증가',
                                'Value': 500},
                               {'IsGem': True,
                                'Text': '스킬 쿨타임 감소',
                                'Value': 2700}],
                   'Value': 34590},
                  {'Class': '서머너',
                   'IsSkillGroup': False,
                   'Text': '전기 폭풍',
                   'Tripods': [{'IsGem': False, 'Text': '마력 조절', 'Value': 1},
                               {'IsGem': False, 'Text': '재빠른 시전', 'Value': 2},
                               {'IsGem': False, 'Text': '급소 공격', 'Value': 3},
                               {'IsGem': False, 'Text': '성장 공격', 'Value': 4},
                               {'IsGem': False, 'Text': '지속력 강화', 'Value': 6},
                               {'IsGem': False, 'Text': '붉은 폭풍', 'Value': 7},
                               {'IsGem': False, 'Text': '유도 폭풍', 'Value': 8},
                               {'IsGem': True,
                                'Text': '스킬 공격력 증가',
                                'Value': 500},
                               {'IsGem': True,
                                'Text': '스킬 쿨타임 감소',
                                'Value': 2700}],
                   'Value': 20270},
                  {'Class': '서머너',
                   'IsSkillGroup': False,
                   'Text': '전류 방출',
                   'Tripods': [{'IsGem': False, 'Text': '체인 방출', 'Value': 1},
                               {'IsGem': False, 'Text': '재빠른 시전', 'Value': 2},
                               {'IsGem': False, 'Text': '고속 방출', 'Value': 3},
                               {'IsGem': False, 'Text': '전류 강화', 'Value': 4},
                               {'IsGem': False, 'Text': '약육강식', 'Value': 5},
                               {'IsGem': False, 'Text': '약점 포착', 'Value': 6},
                               {'IsGem': False, 'Text': '초전류 지대', 'Value': 7},
                               {'IsGem': False, 'Text': '고전압', 'Value': 8},
                               {'IsGem': True,
                                'Text': '스킬 공격력 증가',
                                'Value': 500},
                               {'IsGem': True,
                                'Text': '스킬 쿨타임 감소',
                                'Value': 2700}],
                   'Value': 20230},
                  {'Class': '블래스터',
                   'IsSkillGroup': False,
                   'Text': '전방 포격',
                   'Tripods': [{'IsGem': False, 'Text': '장전', 'Value': 2},
                               {'IsGem': False, 'Text': '빠른 준비', 'Value': 4},
                               {'IsGem': False, 'Text': '강화된 포격', 'Value': 5},
                               {'IsGem': False, 'Text': '예리한 일격', 'Value': 6},
                               {'IsGem': False, 'Text': '춤추는 폭발', 'Value': 7},
                               {'IsGem': False, 'Text': '집중 포격', 'Value': 8},
                               {'IsGem': True,
                                'Text': '스킬 공격력 증가',
                                'Value': 500},
                               {'IsGem': True,
                                'Text': '스킬 쿨타임 감소',
                                'Value': 2700}],
                   'Value': 30190},
                  {'Class': '스카우터',
                   'IsSkillGroup': False,
                   'Text': '전술 사격',
                   'Tripods': [{'IsGem': False, 'Text': '약점 포착 ', 'Value': 1},
                               {'IsGem': False, 'Text': '빠른 준비', 'Value': 2},
                               {'IsGem': False, 'Text': '배터리 충전', 'Value': 3},
                               {'IsGem': False, 'Text': '예열 사격', 'Value': 4},
                               {'IsGem': False, 'Text': '추가 사격', 'Value': 6},
                               {'IsGem': False, 'Text': '진화 사격', 'Value': 8},
                               {'IsGem': True,
                                'Text': '스킬 공격력 증가',
                                'Value': 500},
                               {'IsGem': True,
                                'Text': '스킬 쿨타임 감소',
                                'Value': 2700}],
                   'Value': 35170},
                  {'Class': '인파이터',
                   'IsSkillGroup': False,
                   'Text': '전진의 일격',
                   'Tripods': [{'IsGem': False, 'Text': '집중', 'Value': 1},
                               {'IsGem': False, 'Text': '탁월한 기동성', 'Value': 2},
                               {'IsGem': False, 'Text': '분노의 타격', 'Value': 3},
                               {'IsGem': False, 'Text': '무자비한 전진', 'Value': 4},
                               {'IsGem': False, 'Text': '파괴자', 'Value': 6},
                               {'IsGem': False, 'Text': '강력한 주먹', 'Value': 7},
                               {'IsGem': False, 'Text': '돌격대', 'Value': 8},
                               {'IsGem': True,
                                'Text': '스킬 공격력 증가',
                                'Value': 500},
                               {'IsGem': True,
                                'Text': '스킬 쿨타임 감소',
                                'Value': 2700}],
                   'Value': 23020},
                  {'Class': '창술사',
                   'IsSkillGroup': False,
                   'Text': '절룡세',
                   'Tripods': [{'IsGem': False, 'Text': '마력 조절', 'Value': 1},
                               {'IsGem': False, 'Text': '화력 조절', 'Value': 3},
                               {'IsGem': False, 'Text': '정신 파괴', 'Value': 4},
                               {'IsGem': False, 'Text': '절대 방어', 'Value': 6},
                               {'IsGem': False, 'Text': '정확한 공격', 'Value': 8},
                               {'IsGem': True,
                                'Text': '스킬 공격력 증가',
                                'Value': 500},
                               {'IsGem': True,
                                'Text': '스킬 쿨타임 감소',
                                'Value': 2700}],
                   'Value': 34580},
                  {'Class': '건슬링어',
                   'IsSkillGroup': False,
                   'Text': '절멸의 탄환',
                   'Tripods': [{'IsGem': False, 'Text': '사면초가', 'Value': 1},
                               {'IsGem': False, 'Text': '재빠른 손놀림', 'Value': 2},
                               {'IsGem': False, 'Text': '강화 사격', 'Value': 5},
                               {'IsGem': False, 'Text': '최후의 일격', 'Value': 7},
                               {'IsGem': False, 'Text': '반동 회피', 'Value': 8},
                               {'IsGem': True,
                                'Text': '스킬 공격력 증가',
                                'Value': 500},
                               {'IsGem': True,
                                'Text': '스킬 쿨타임 감소',
                                'Value': 2700}],
                   'Value': 38040},
                  {'Class': '블래스터',
                   'IsSkillGroup': False,
                   'Text': '점프 포격',
                   'Tripods': [{'IsGem': False, 'Text': '재빠른 점프', 'Value': 1},
                               {'IsGem': False, 'Text': '마력 조절', 'Value': 2},
                               {'IsGem': False, 'Text': '강화된 포격', 'Value': 5},
                               {'IsGem': False, 'Text': '약점 포착', 'Value': 6},
                               {'IsGem': False, 'Text': '3단 포격', 'Value': 7},
                               {'IsGem': True,
                                'Text': '스킬 공격력 증가',
                                'Value': 500},
                               {'IsGem': True,
                                'Text': '스킬 쿨타임 감소',
                                'Value': 2700}],
                   'Value': 30150},
                  {'Class': '디스트로이어',
                   'IsSkillGroup': False,
                   'Text': '점핑 스매쉬',
                   'Tripods': [{'IsGem': False, 'Text': '어둠의 불꽃', 'Value': 1},
                               {'IsGem': False, 'Text': '대지의 해머', 'Value': 2},
                               {'IsGem': False, 'Text': '탁월한 변화', 'Value': 3},
                               {'IsGem': False, 'Text': '시간의 뒤틀림', 'Value': 4},
                               {'IsGem': False, 'Text': '중력반전', 'Value': 7},
                               {'IsGem': False, 'Text': '분쇄', 'Value': 8},
                               {'IsGem': True,
                                'Text': '스킬 공격력 증가',
                                'Value': 500},
                               {'IsGem': True,
                                'Text': '스킬 쿨타임 감소',
                                'Value': 2700}],
                   'Value': 18160},
                  {'Class': '홀리나이트',
                   'IsSkillGroup': False,
                   'Text': '정의 집행',
                   'Tripods': [{'IsGem': False, 'Text': '수호 방벽', 'Value': 1},
                               {'IsGem': False, 'Text': '마지막 일격', 'Value': 4},
                               {'IsGem': False, 'Text': '힘의 방출', 'Value': 5},
                               {'IsGem': False, 'Text': '날카로운 일격', 'Value': 6},
                               {'IsGem': False, 'Text': '분노 표출', 'Value': 7},
                               {'IsGem': False, 'Text': '빛의 폭발', 'Value': 8},
                               {'IsGem': True,
                                'Text': '스킬 공격력 증가',
                                'Value': 500},
                               {'IsGem': True,
                                'Text': '스킬 쿨타임 감소',
                                'Value': 2700}],
                   'Value': 36180},
                  {'Class': '홀리나이트',
                   'IsSkillGroup': False,
                   'Text': '정의의 검',
                   'Tripods': [{'IsGem': False, 'Text': '통찰력', 'Value': 1},
                               {'IsGem': False, 'Text': '빛의 길', 'Value': 2},
                               {'IsGem': False, 'Text': '강화된 일격', 'Value': 3},
                               {'IsGem': False, 'Text': '뇌검 소환', 'Value': 5},
                               {'IsGem': False, 'Text': '폭발의 검', 'Value': 6},
                               {'IsGem': False, 'Text': '눈부신 빛의 검', 'Value': 7},
                               {'IsGem': False, 'Text': '거대한 빛의 검', 'Value': 8},
                               {'IsGem': True,
                                'Text': '스킬 공격력 증가',
                                'Value': 500},
                               {'IsGem': True,
                                'Text': '스킬 쿨타임 감소',
                                'Value': 2700}],
                   'Value': 36080},
                  {'Class': '데모닉',
                   'IsSkillGroup': False,
                   'Text': '제노사이드',
                   'Tripods': [{'IsGem': False, 'Text': '잔인한 일격', 'Value': 1},
                               {'IsGem': False, 'Text': '급소 타격', 'Value': 2},
                               {'IsGem': False, 'Text': '연속 공격', 'Value': 4},
                               {'IsGem': False, 'Text': '파멸의 주먹', 'Value': 6},
                               {'IsGem': False, 'Text': '잠식 강화', 'Value': 7},
                               {'IsGem': False, 'Text': '잠식 방출', 'Value': 8},
                               {'IsGem': True,
                                'Text': '스킬 공격력 증가',
                                'Value': 500},
                               {'IsGem': True,
                                'Text': '스킬 쿨타임 감소',
                                'Value': 2700}],
                   'Value': 27210},
                  {'Class': '데빌헌터',
                   'IsSkillGroup': False,
                   'Text': '조준 사격',
                   'Tripods': [{'IsGem': False, 'Text': '고속 탄환', 'Value': 1},
                               {'IsGem': False, 'Text': '최후의 한발', 'Value': 3},
                               {'IsGem': False, 'Text': '강화된 사격', 'Value': 4},
                               {'IsGem': False, 'Text': '기절 효과', 'Value': 6},
                               {'IsGem': False, 'Text': '고속 사격', 'Value': 7},
                               {'IsGem': True,
                                'Text': '스킬 공격력 증가',
                                'Value': 500},
                               {'IsGem': True,
                                'Text': '스킬 쿨타임 감소',
                                'Value': 2700}],
                   'Value': 29240},
                  {'Class': '소서리스',
                   'IsSkillGroup': False,
                   'Text': '종말의 날',
                   'Tripods': [{'IsGem': False, 'Text': '발화', 'Value': 1},
                               {'IsGem': False, 'Text': '정신 강화', 'Value': 2},
                               {'IsGem': False, 'Text': '통찰력', 'Value': 3},
                               {'IsGem': False, 'Text': '화염 지대', 'Value': 4},
                               {'IsGem': False, 'Text': '소행성', 'Value': 5},
                               {'IsGem': False, 'Text': '과열된 운석', 'Value': 6},
                               {'IsGem': False, 'Text': '마력 증폭', 'Value': 7},
                               {'IsGem': False, 'Text': '최후의 일격', 'Value': 8},
                               {'IsGem': True,
                                'Text': '스킬 공격력 증가',
                                'Value': 500},
                               {'IsGem': True,
                                'Text': '스킬 쿨타임 감소',
                                'Value': 2700}],
                   'Value': 37350},
                  {'Class': '데빌헌터',
                   'IsSkillGroup': False,
                   'Text': '종말의 전조',
                   'Tripods': [{'IsGem': False, 'Text': '근접 사격', 'Value': 1},
                               {'IsGem': False, 'Text': '풀레인지', 'Value': 2},
                               {'IsGem': False, 'Text': '기절 효과', 'Value': 3},
                               {'IsGem': False, 'Text': '강화된 사격', 'Value': 4},
                               {'IsGem': False, 'Text': '빠른 준비', 'Value': 6},
                               {'IsGem': False, 'Text': '재앙의 여파', 'Value': 7},
                               {'IsGem': False, 'Text': '다가온 종말', 'Value': 8},
                               {'IsGem': True,
                                'Text': '스킬 공격력 증가',
                                'Value': 500},
                               {'IsGem': True,
                                'Text': '스킬 쿨타임 감소',
                                'Value': 2700}],
                   'Value': 29040},
                  {'Class': '인파이터',
                   'IsSkillGroup': False,
                   'Text': '죽음의 선고',
                   'Tripods': [{'IsGem': False, 'Text': '빠른 준비', 'Value': 1},
                               {'IsGem': False, 'Text': '마음의 눈', 'Value': 3},
                               {'IsGem': False, 'Text': '단일 타격', 'Value': 5},
                               {'IsGem': False, 'Text': '마무리 공격', 'Value': 6},
                               {'IsGem': False, 'Text': '충격 폭발', 'Value': 7},
                               {'IsGem': False, 'Text': '뇌호흡', 'Value': 8},
                               {'IsGem': True,
                                'Text': '스킬 공격력 증가',
                                'Value': 500},
                               {'IsGem': True,
                                'Text': '스킬 쿨타임 감소',
                                'Value': 2700}],
                   'Value': 23110},
                  {'Class': '바드',
                   'IsSkillGroup': False,
                   'Text': '죽음의 전주곡',
                   'Tripods': [{'IsGem': False, 'Text': '열렬한 환호', 'Value': 1},
                               {'IsGem': False, 'Text': '빠른 준비', 'Value': 2},
                               {'IsGem': False, 'Text': '정신 강화', 'Value': 3},
                               {'IsGem': False, 'Text': '죽음의 증폭', 'Value': 4},
                               {'IsGem': False, 'Text': '엄습한 죽음', 'Value': 5},
                               {'IsGem': False, 'Text': '죽음의 아리아', 'Value': 7},
                               {'IsGem': False, 'Text': '고통의 울부짖음', 'Value': 8},
                               {'IsGem': True,
                                'Text': '스킬 공격력 증가',
                                'Value': 500},
                               {'IsGem': True,
                                'Text': '스킬 쿨타임 감소',
                                'Value': 2700}],
                   'Value': 21240},
                  {'Class': '블래스터',
                   'IsSkillGroup': False,
                   'Text': '중력 폭발',
                   'Tripods': [{'IsGem': False, 'Text': '급소 포격', 'Value': 1},
                               {'IsGem': False, 'Text': '집단 공격', 'Value': 2},
                               {'IsGem': False, 'Text': '기절 효과', 'Value': 3},
                               {'IsGem': False, 'Text': '단단한 갑옷', 'Value': 4},
                               {'IsGem': False, 'Text': '중력 회오리', 'Value': 6},
                               {'IsGem': False, 'Text': '행성 중력', 'Value': 8},
                               {'IsGem': True,
                                'Text': '스킬 공격력 증가',
                                'Value': 500},
                               {'IsGem': True,
                                'Text': '스킬 쿨타임 감소',
                                'Value': 2700}],
                   'Value': 30200},
                  {'Class': '워로드',
                   'IsSkillGroup': False,
                   'Text': '증오의 함성',
                   'Tripods': [{'IsGem': False, 'Text': '빠른 준비', 'Value': 1},
                               {'IsGem': False, 'Text': '방어 준비', 'Value': 3},
                               {'IsGem': False, 'Text': '도발 유지', 'Value': 4},
                               {'IsGem': False, 'Text': '약육강식', 'Value': 5},
                               {'IsGem': False, 'Text': '보호막', 'Value': 6},
                               {'IsGem': False, 'Text': '고함', 'Value': 8},
                               {'IsGem': True,
                                'Text': '스킬 공격력 증가',
                                'Value': 500},
                               {'IsGem': True,
                                'Text': '스킬 쿨타임 감소',
                                'Value': 2700}],
                   'Value': 17180},
                  {'Class': '배틀마스터',
                   'IsSkillGroup': False,
                   'Text': '지뢰진',
                   'Tripods': [{'IsGem': False, 'Text': '무방비 표적', 'Value': 2},
                               {'IsGem': False, 'Text': '약육강식', 'Value': 4},
                               {'IsGem': False, 'Text': '약점 포착', 'Value': 5},
                               {'IsGem': False, 'Text': '지각 변동', 'Value': 7},
                               {'IsGem': True,
                                'Text': '스킬 공격력 증가',
                                'Value': 500},
                               {'IsGem': True,
                                'Text': '스킬 쿨타임 감소',
                                'Value': 2700}],
                   'Value': 22090},
                  {'Class': '인파이터',
                   'IsSkillGroup': False,
                   'Text': '지진쇄',
                   'Tripods': [{'IsGem': False, 'Text': '대지의 힘', 'Value': 1},
                               {'IsGem': False, 'Text': '불굴의 힘', 'Value': 2},
                               {'IsGem': False, 'Text': '기습 강타', 'Value': 5},
                               {'IsGem': False, 'Text': '강격', 'Value': 6},
                               {'IsGem': False, 'Text': '강력한 지진', 'Value': 7},
                               {'IsGem': False, 'Text': '거인의 진격', 'Value': 8},
                               {'IsGem': True,
                                'Text': '스킬 공격력 증가',
                                'Value': 500},
                               {'IsGem': True,
                                'Text': '스킬 쿨타임 감소',
                                'Value': 2700}],
                   'Value': 23070},
                  {'Class': '인파이터',
                   'IsSkillGroup': False,
                   'Text': '진 용출권',
                   'Tripods': [{'IsGem': False, 'Text': '기술 연마', 'Value': 1},
                               {'IsGem': False, 'Text': '번개 주먹', 'Value': 2},
                               {'IsGem': False, 'Text': '냉정한 타격', 'Value': 4},
                               {'IsGem': False, 'Text': '분노의 타격', 'Value': 5},
                               {'IsGem': False, 'Text': '공중 폭격', 'Value': 6},
                               {'IsGem': False, 'Text': '용의 분노', 'Value': 7},
                               {'IsGem': False, 'Text': '작렬하는 주먹', 'Value': 8},
                               {'IsGem': True,
                                'Text': '스킬 공격력 증가',
                                'Value': 500},
                               {'IsGem': True,
                                'Text': '스킬 쿨타임 감소',
                                'Value': 2700}],
                   'Value': 23240},
                  {'Class': '홀리나이트',
                   'IsSkillGroup': False,
                   'Text': '질주 베기',
                   'Tripods': [{'IsGem': False, 'Text': '단단한 갑옷', 'Value': 1},
                               {'IsGem': False, 'Text': '가벼운 발걸음', 'Value': 2},
                               {'IsGem': False, 'Text': '빠른 준비', 'Value': 3},
                               {'IsGem': False, 'Text': '강력한 일격', 'Value': 4},
                               {'IsGem': False, 'Text': '번개 베기', 'Value': 6},
                               {'IsGem': False, 'Text': '무자비한 질주', 'Value': 7},
                               {'IsGem': False, 'Text': '마무리 일격', 'Value': 8},
                               {'IsGem': True,
                                'Text': '스킬 공격력 증가',
                                'Value': 500},
                               {'IsGem': True,
                                'Text': '스킬 쿨타임 감소',
                                'Value': 2700}],
                   'Value': 36130},
                  {'Class': '창술사',
                   'IsSkillGroup': False,
                   'Text': '질풍참',
                   'Tripods': [{'IsGem': False, 'Text': '빠른 준비', 'Value': 1},
                               {'IsGem': False, 'Text': '화력 조절', 'Value': 2},
                               {'IsGem': False, 'Text': '단단한 갑옷', 'Value': 3},
                               {'IsGem': False, 'Text': '용맹한 행동', 'Value': 5},
                               {'IsGem': False, 'Text': '강화된 일격', 'Value': 7},
                               {'IsGem': False, 'Text': '약점 포착', 'Value': 8},
                               {'IsGem': True,
                                'Text': '스킬 공격력 증가',
                                'Value': 500},
                               {'IsGem': True,
                                'Text': '스킬 쿨타임 감소',
                                'Value': 2700}],
                   'Value': 34130},
                  {'Class': '호크아이',
                   'IsSkillGroup': False,
                   'Text': '집요한 추적',
                   'Tripods': [{'IsGem': False, 'Text': '빠른 준비', 'Value': 2},
                               {'IsGem': False, 'Text': '탁월한 기동성', 'Value': 3},
                               {'IsGem': False, 'Text': '가벼운 발걸음', 'Value': 4},
                               {'IsGem': False, 'Text': '약점 포착', 'Value': 6},
                               {'IsGem': False, 'Text': '깔끔한 한방', 'Value': 7},
                               {'IsGem': True,
                                'Text': '스킬 공격력 증가',
                                'Value': 500},
                               {'IsGem': True,
                                'Text': '스킬 쿨타임 감소',
                                'Value': 2700}],
                   'Value': 28210},
                  {'Class': '홀리나이트',
                   'IsSkillGroup': False,
                   'Text': '집행자의 검',
                   'Tripods': [{'IsGem': False, 'Text': '가벼운 발걸음', 'Value': 1},
                               {'IsGem': False, 'Text': '성흔', 'Value': 2},
                               {'IsGem': False, 'Text': '도전자의 의지', 'Value': 5},
                               {'IsGem': False, 'Text': '넓게 베기', 'Value': 7},
                               {'IsGem': False, 'Text': '집행자의 일격', 'Value': 8},
                               {'IsGem': True,
                                'Text': '스킬 공격력 증가',
                                'Value': 500},
                               {'IsGem': True,
                                'Text': '스킬 쿨타임 감소',
                                'Value': 2700}],
                   'Value': 36160},
                  {'Class': '기상술사',
                   'IsSkillGroup': False,
                   'Text': '짙은 안개',
                   'Tripods': [{'IsGem': False, 'Text': '날렵한 움직임', 'Value': 1},
                               {'IsGem': False, 'Text': '재빠른 손놀림', 'Value': 2},
                               {'IsGem': False, 'Text': '마력 조절', 'Value': 3},
                               {'IsGem': False, 'Text': '전투의 달인', 'Value': 5},
                               {'IsGem': False, 'Text': '질식', 'Value': 7},
                               {'IsGem': False, 'Text': '증기 조절', 'Value': 8},
                               {'IsGem': True,
                                'Text': '스킬 공격력 증가',
                                'Value': 500},
                               {'IsGem': True,
                                'Text': '스킬 쿨타임 감소',
                                'Value': 2700}],
                   'Value': 32140},
                  {'Class': '워로드',
                   'IsSkillGroup': False,
                   'Text': '차지 스팅거',
                   'Tripods': [{'IsGem': False, 'Text': '상처', 'Value': 1},
                               {'IsGem': False, 'Text': '약점 포착', 'Value': 2},
                               {'IsGem': False, 'Text': '단단한 갑옷', 'Value': 3},
                               {'IsGem': False, 'Text': '차지 강화', 'Value': 5},
                               {'IsGem': False, 'Text': '라이트닝 차지', 'Value': 7},
                               {'IsGem': False, 'Text': '라스트 차지', 'Value': 8},
                               {'IsGem': True,
                                'Text': '스킬 공격력 증가',
                                'Value': 500},
                               {'IsGem': True,
                                'Text': '스킬 쿨타임 감소',
                                'Value': 2700}],
                   'Value': 17210},
                  {'Class': '호크아이',
                   'IsSkillGroup': False,
                   'Text': '차징 샷',
                   'Tripods': [{'IsGem': False, 'Text': '카모플라쥬', 'Value': 2},
                               {'IsGem': False, 'Text': '빠른 준비', 'Value': 3},
                               {'IsGem': False, 'Text': '더블 샷', 'Value': 4},
                               {'IsGem': False, 'Text': '오버 페인', 'Value': 5},
                               {'IsGem': False, 'Text': '재빠른 손놀림', 'Value': 6},
                               {'IsGem': False, 'Text': '즉발', 'Value': 7},
                               {'IsGem': False, 'Text': '정조준', 'Value': 8},
                               {'IsGem': True,
                                'Text': '스킬 공격력 증가',
                                'Value': 500},
                               {'IsGem': True,
                                'Text': '스킬 쿨타임 감소',
                                'Value': 2700}],
                   'Value': 28090},
                  {'Class': '홀리나이트',
                   'IsSkillGroup': False,
                   'Text': '처단',
                   'Tripods': [{'IsGem': False, 'Text': '재빠른 손놀림', 'Value': 1},
                               {'IsGem': False, 'Text': '마력 조절', 'Value': 3},
                               {'IsGem': False, 'Text': '신성한 처벌', 'Value': 4},
                               {'IsGem': False, 'Text': '관통하는 검 ', 'Value': 5},
                               {'IsGem': False, 'Text': '약육강식', 'Value': 6},
                               {'IsGem': False, 'Text': '도약 공격', 'Value': 8},
                               {'IsGem': True,
                                'Text': '스킬 공격력 증가',
                                'Value': 500},
                               {'IsGem': True,
                                'Text': '스킬 쿨타임 감소',
                                'Value': 2700}],
                   'Value': 36110},
                  {'Class': '소서리스',
                   'IsSkillGroup': False,
                   'Text': '천벌',
                   'Tripods': [{'IsGem': False, 'Text': '마비', 'Value': 1},
                               {'IsGem': False, 'Text': '정신 강화', 'Value': 2},
                               {'IsGem': False,
                                'Text': '피할 수 없는 운명',
                                'Value': 4},
                               {'IsGem': False, 'Text': '방전', 'Value': 5},
                               {'IsGem': False, 'Text': '파멸', 'Value': 6},
                               {'IsGem': False, 'Text': '마력 증폭', 'Value': 7},
                               {'IsGem': False, 'Text': '최후의 일격', 'Value': 8},
                               {'IsGem': True,
                                'Text': '스킬 공격력 증가',
                                'Value': 500},
                               {'IsGem': True,
                                'Text': '스킬 쿨타임 감소',
                                'Value': 2700}],
                   'Value': 37270},
                  {'Class': '바드',
                   'IsSkillGroup': False,
                   'Text': '천상의 연주',
                   'Tripods': [{'IsGem': False, 'Text': '빠른 준비', 'Value': 1},
                               {'IsGem': False, 'Text': '날렵한 시전', 'Value': 2},
                               {'IsGem': False, 'Text': '정신 강화', 'Value': 3},
                               {'IsGem': False, 'Text': '용맹의 연주', 'Value': 5},
                               {'IsGem': False, 'Text': '나를 위한 연주', 'Value': 8},
                               {'IsGem': True,
                                'Text': '스킬 공격력 증가',
                                'Value': 500},
                               {'IsGem': True,
                                'Text': '스킬 쿨타임 감소',
                                'Value': 2700}],
                   'Value': 21160},
                  {'Class': '홀리나이트',
                   'IsSkillGroup': False,
                   'Text': '천상의 축복',
                   'Tripods': [{'IsGem': False, 'Text': '정신 강화', 'Value': 1},
                               {'IsGem': False, 'Text': '날렵한 시전', 'Value': 2},
                               {'IsGem': False, 'Text': '신앙심', 'Value': 3},
                               {'IsGem': False, 'Text': '인내심', 'Value': 4},
                               {'IsGem': False, 'Text': '가벼움 ', 'Value': 5},
                               {'IsGem': False, 'Text': '완전한 축복', 'Value': 7},
                               {'IsGem': False, 'Text': '천상의 진혼곡', 'Value': 8},
                               {'IsGem': True,
                                'Text': '스킬 공격력 증가',
                                'Value': 500},
                               {'IsGem': True,
                                'Text': '스킬 쿨타임 감소',
                                'Value': 2700}],
                   'Value': 36200},
                  {'Class': '창술사',
                   'IsSkillGroup': False,
                   'Text': '철량추',
                   'Tripods': [{'IsGem': False, 'Text': '빠른 준비', 'Value': 1},
                               {'IsGem': False, 'Text': '화력 조절', 'Value': 3},
                               {'IsGem': False, 'Text': '퍼올리기', 'Value': 7},
                               {'IsGem': True,
                                'Text': '스킬 공격력 증가',
                                'Value': 500},
                               {'IsGem': True,
                                'Text': '스킬 쿨타임 감소',
                                'Value': 2700}],
                   'Value': 34090},
                  {'Class': '인파이터',
                   'IsSkillGroup': False,
                   'Text': '철포난격',
                   'Tripods': [{'IsGem': False, 'Text': '넘치는 힘', 'Value': 3},
                               {'IsGem': False, 'Text': '충격 생성', 'Value': 4},
                               {'IsGem': False, 'Text': '빠른 준비', 'Value': 6},
                               {'IsGem': False, 'Text': '진격 강화', 'Value': 7},
                               {'IsGem': False, 'Text': '강화된 주먹', 'Value': 8},
                               {'IsGem': True,
                                'Text': '스킬 공격력 증가',
                                'Value': 500},
                               {'IsGem': True,
                                'Text': '스킬 쿨타임 감소',
                                'Value': 2700}],
                   'Value': 23230},
                  {'Class': '창술사',
                   'IsSkillGroup': False,
                   'Text': '청룡진',
                   'Tripods': [{'IsGem': False, 'Text': '빠른 준비', 'Value': 3},
                               {'IsGem': False, 'Text': '대지 파괴', 'Value': 5},
                               {'IsGem': False, 'Text': '최후의 판단', 'Value': 8},
                               {'IsGem': True,
                                'Text': '스킬 공격력 증가',
                                'Value': 500},
                               {'IsGem': True,
                                'Text': '스킬 쿨타임 감소',
                                'Value': 2700}],
                   'Value': 34170},
                  {'Class': '창술사',
                   'IsSkillGroup': False,
                   'Text': '청룡출수',
                   'Tripods': [{'IsGem': False, 'Text': '방어 준비', 'Value': 1},
                               {'IsGem': False, 'Text': '마력 조절', 'Value': 2},
                               {'IsGem': False, 'Text': '무방비 표적', 'Value': 3},
                               {'IsGem': False, 'Text': '화력 조절', 'Value': 4},
                               {'IsGem': False, 'Text': '난무 특화', 'Value': 6},
                               {'IsGem': False, 'Text': '번개 회전', 'Value': 7},
                               {'IsGem': False, 'Text': '돌진 공격', 'Value': 8},
                               {'IsGem': True,
                                'Text': '스킬 공격력 증가',
                                'Value': 500},
                               {'IsGem': True,
                                'Text': '스킬 쿨타임 감소',
                                'Value': 2700}],
                   'Value': 34100},
                  {'Class': '버서커',
                   'IsSkillGroup': False,
                   'Text': '체인 소드',
                   'Tripods': [{'IsGem': False, 'Text': '급소 타격', 'Value': 1},
                               {'IsGem': False, 'Text': '섬멸', 'Value': 4},
                               {'IsGem': False, 'Text': '검상', 'Value': 5},
                               {'IsGem': False, 'Text': '속공 준비', 'Value': 6},
                               {'IsGem': False, 'Text': '빠른 준비', 'Value': 7},
                               {'IsGem': False, 'Text': '강화된 일격', 'Value': 8},
                               {'IsGem': True,
                                'Text': '스킬 공격력 증가',
                                'Value': 500},
                               {'IsGem': True,
                                'Text': '스킬 쿨타임 감소',
                                'Value': 2700}],
                   'Value': 16500},
                  {'Class': '아르카나',
                   'IsSkillGroup': False,
                   'Text': '체크메이트',
                   'Tripods': [{'IsGem': False, 'Text': '꿰뚫는 일격', 'Value': 1},
                               {'IsGem': False, 'Text': '급소 타격', 'Value': 2},
                               {'IsGem': False, 'Text': '썬더 메이트', 'Value': 4},
                               {'IsGem': False, 'Text': '집중된 어둠', 'Value': 5},
                               {'IsGem': False, 'Text': '약점 포착', 'Value': 6},
                               {'IsGem': False, 'Text': '데드라인', 'Value': 8},
                               {'IsGem': True,
                                'Text': '스킬 공격력 증가',
                                'Value': 500},
                               {'IsGem': True,
                                'Text': '스킬 쿨타임 감소',
                                'Value': 2700}],
                   'Value': 19040},
                  {'Class': '인파이터',
                   'IsSkillGroup': False,
                   'Text': '초신성 폭발',
                   'Tripods': [{'IsGem': False, 'Text': '재빠른 손놀림', 'Value': 1},
                               {'IsGem': False, 'Text': '정의로운 약탈', 'Value': 2},
                               {'IsGem': False, 'Text': '빠른 준비', 'Value': 3},
                               {'IsGem': False, 'Text': '꿰뚫는 일격', 'Value': 4},
                               {'IsGem': False, 'Text': '격투가의 긍지', 'Value': 7},
                               {'IsGem': False, 'Text': '무회전 타격', 'Value': 8},
                               {'IsGem': True,
                                'Text': '스킬 공격력 증가',
                                'Value': 500},
                               {'IsGem': True,
                                'Text': '스킬 쿨타임 감소',
                                'Value': 2700}],
                   'Value': 23130},
                  {'Class': '배틀마스터',
                   'IsSkillGroup': False,
                   'Text': '초풍각',
                   'Tripods': [{'IsGem': False, 'Text': '뇌풍각', 'Value': 1},
                               {'IsGem': False, 'Text': '수풍각', 'Value': 2},
                               {'IsGem': False, 'Text': '화풍각', 'Value': 3},
                               {'IsGem': False, 'Text': '빠른 준비', 'Value': 5},
                               {'IsGem': False, 'Text': '재빠른 발놀림', 'Value': 6},
                               {'IsGem': False, 'Text': '분노의 회축', 'Value': 7},
                               {'IsGem': False, 'Text': '극강의 수련', 'Value': 8},
                               {'IsGem': True,
                                'Text': '스킬 공격력 증가',
                                'Value': 500},
                               {'IsGem': True,
                                'Text': '스킬 쿨타임 감소',
                                'Value': 2700}],
                   'Value': 22280},
                  {'Class': '스트라이커',
                   'IsSkillGroup': False,
                   'Text': '초풍각',
                   'Tripods': [{'IsGem': False, 'Text': '뇌풍각', 'Value': 1},
                               {'IsGem': False, 'Text': '수풍각', 'Value': 2},
                               {'IsGem': False, 'Text': '화풍각', 'Value': 3},
                               {'IsGem': False, 'Text': '빠른 준비', 'Value': 5},
                               {'IsGem': False, 'Text': '재빠른 발놀림', 'Value': 6},
                               {'IsGem': False, 'Text': '분노의 회축', 'Value': 7},
                               {'IsGem': False, 'Text': '극강의 수련', 'Value': 8},
                               {'IsGem': True,
                                'Text': '스킬 공격력 증가',
                                'Value': 500},
                               {'IsGem': True,
                                'Text': '스킬 쿨타임 감소',
                                'Value': 2700}],
                   'Value': 39280},
                  {'Class': '데빌헌터',
                   'IsSkillGroup': False,
                   'Text': '최후의 만찬',
                   'Tripods': [{'IsGem': False, 'Text': '빠른 준비', 'Value': 1},
                               {'IsGem': False, 'Text': '화염탄', 'Value': 2},
                               {'IsGem': False, 'Text': '냉기탄', 'Value': 3},
                               {'IsGem': False, 'Text': '뜨거운 열기', 'Value': 4},
                               {'IsGem': False, 'Text': '강한 폭발', 'Value': 5},
                               {'IsGem': False, 'Text': '집행', 'Value': 6},
                               {'IsGem': False, 'Text': '더블 샷', 'Value': 7},
                               {'IsGem': False, 'Text': '연발 사격', 'Value': 8},
                               {'IsGem': True,
                                'Text': '스킬 공격력 증가',
                                'Value': 500},
                               {'IsGem': True,
                                'Text': '스킬 쿨타임 감소',
                                'Value': 2700}],
                   'Value': 29230},
                  {'Class': '건슬링어',
                   'IsSkillGroup': False,
                   'Text': '최후의 만찬',
                   'Tripods': [{'IsGem': False, 'Text': '빠른 준비', 'Value': 1},
                               {'IsGem': False, 'Text': '화염탄', 'Value': 2},
                               {'IsGem': False, 'Text': '냉기탄', 'Value': 3},
                               {'IsGem': False, 'Text': '뜨거운 열기', 'Value': 4},
                               {'IsGem': False, 'Text': '강한 폭발', 'Value': 5},
                               {'IsGem': False, 'Text': '집행', 'Value': 6},
                               {'IsGem': False, 'Text': '더블 샷', 'Value': 7},
                               {'IsGem': False, 'Text': '연발 사격', 'Value': 8},
                               {'IsGem': True,
                                'Text': '스킬 공격력 증가',
                                'Value': 500},
                               {'IsGem': True,
                                'Text': '스킬 쿨타임 감소',
                                'Value': 2700}],
                   'Value': 38230},
                  {'Class': '워로드',
                   'IsSkillGroup': False,
                   'Text': '카운터 스피어',
                   'Tripods': [{'IsGem': False, 'Text': '공격 준비', 'Value': 1},
                               {'IsGem': False, 'Text': '단단한 갑옷', 'Value': 2},
                               {'IsGem': False, 'Text': '빠른 준비', 'Value': 4},
                               {'IsGem': False, 'Text': '강화된 일격', 'Value': 5},
                               {'IsGem': False, 'Text': '약점 포착', 'Value': 6},
                               {'IsGem': False, 'Text': '폭격창', 'Value': 7},
                               {'IsGem': True,
                                'Text': '스킬 공격력 증가',
                                'Value': 500},
                               {'IsGem': True,
                                'Text': '스킬 쿨타임 감소',
                                'Value': 2700}],
                   'Value': 17190},
                  {'Class': '기상술사',
                   'IsSkillGroup': False,
                   'Text': '칼바람',
                   'Tripods': [{'IsGem': False, 'Text': '질풍검', 'Value': 1},
                               {'IsGem': False, 'Text': '거대 돌풍', 'Value': 2},
                               {'IsGem': False, 'Text': '화려한 움직임', 'Value': 3},
                               {'IsGem': False, 'Text': '약육강식', 'Value': 4},
                               {'IsGem': False, 'Text': '절단', 'Value': 5},
                               {'IsGem': False, 'Text': '역류', 'Value': 6},
                               {'IsGem': False, 'Text': '벼락', 'Value': 7},
                               {'IsGem': False, 'Text': '결빙', 'Value': 8},
                               {'IsGem': True,
                                'Text': '스킬 공격력 증가',
                                'Value': 500},
                               {'IsGem': True,
                                'Text': '스킬 쿨타임 감소',
                                'Value': 2700}],
                   'Value': 32260},
                  {'Class': '바드',
                   'IsSkillGroup': False,
                   'Text': '컨빅션 코어',
                   'Tripods': [{'IsGem': False, 'Text': '코어 유지', 'Value': 1},
                               {'IsGem': False, 'Text': '빠른 준비', 'Value': 2},
                               {'IsGem': False, 'Text': '강화된 코어', 'Value': 3},
                               {'IsGem': False, 'Text': '냉기 코어', 'Value': 4},
                               {'IsGem': False, 'Text': '결집 코어', 'Value': 5},
                               {'IsGem': False, 'Text': '파생 효과', 'Value': 6},
                               {'IsGem': False, 'Text': '코어 폭발', 'Value': 7},
                               {'IsGem': True,
                                'Text': '스킬 공격력 증가',
                                'Value': 500},
                               {'IsGem': True,
                                'Text': '스킬 쿨타임 감소',
                                'Value': 2700}],
                   'Value': 21040},
                  {'Class': '리퍼',
                   'IsSkillGroup': False,
                   'Text': '콜 오브 나이프',
                   'Tripods': [{'IsGem': False, 'Text': '그림자 충전', 'Value': 1},
                               {'IsGem': False, 'Text': '약육강식', 'Value': 2},
                               {'IsGem': False, 'Text': '그림자 강탈', 'Value': 3},
                               {'IsGem': False, 'Text': '성장하는 어둠', 'Value': 5},
                               {'IsGem': False, 'Text': '치명적인 그림자', 'Value': 6},
                               {'IsGem': False, 'Text': '절망의 부름', 'Value': 7},
                               {'IsGem': True,
                                'Text': '스킬 공격력 증가',
                                'Value': 500},
                               {'IsGem': True,
                                'Text': '스킬 쿨타임 감소',
                                'Value': 2700}],
                   'Value': 26550},
                  {'Class': '아르카나',
                   'IsSkillGroup': False,
                   'Text': '쿼드라 엑셀레이트',
                   'Tripods': [{'IsGem': False, 'Text': '날렵한 움직임', 'Value': 2},
                               {'IsGem': False, 'Text': '탁월한 기동성', 'Value': 4},
                               {'IsGem': False, 'Text': '카드 증가', 'Value': 6},
                               {'IsGem': False, 'Text': '헥사곤 강화', 'Value': 7},
                               {'IsGem': False, 'Text': '엑셀레이트 집중', 'Value': 8},
                               {'IsGem': True,
                                'Text': '스킬 공격력 증가',
                                'Value': 500},
                               {'IsGem': True,
                                'Text': '스킬 쿨타임 감소',
                                'Value': 2700}],
                   'Value': 19170},
                  {'Class': '데빌헌터',
                   'IsSkillGroup': False,
                   'Text': '퀵 샷',
                   'Tripods': [{'IsGem': False, 'Text': '집중력 강화', 'Value': 3},
                               {'IsGem': False, 'Text': '가벼운 발걸음', 'Value': 4},
                               {'IsGem': False, 'Text': '사격 개시', 'Value': 5},
                               {'IsGem': False, 'Text': '성장 사격', 'Value': 6},
                               {'IsGem': False, 'Text': '마지막 빛', 'Value': 7},
                               {'IsGem': True,
                                'Text': '스킬 공격력 증가',
                                'Value': 500},
                               {'IsGem': True,
                                'Text': '스킬 쿨타임 감소',
                                'Value': 2700}],
                   'Value': 29260},
                  {'Class': '건슬링어',
                   'IsSkillGroup': False,
                   'Text': '퀵 스텝',
                   'Tripods': [{'IsGem': False, 'Text': '생기 흡수', 'Value': 1},
                               {'IsGem': False, 'Text': '빠른 준비', 'Value': 3},
                               {'IsGem': False, 'Text': '연사', 'Value': 5},
                               {'IsGem': False, 'Text': '환영 사격', 'Value': 7},
                               {'IsGem': False, 'Text': '급소 사격', 'Value': 8},
                               {'IsGem': True,
                                'Text': '스킬 공격력 증가',
                                'Value': 500},
                               {'IsGem': True,
                                'Text': '스킬 쿨타임 감소',
                                'Value': 2700}],
                   'Value': 38020},
                  {'Class': '버서커',
                   'IsSkillGroup': False,
                   'Text': '크라임 해저드',
                   'Tripods': [{'IsGem': False, 'Text': '강화된 일격', 'Value': 2},
                               {'IsGem': False, 'Text': '예리한 일격', 'Value': 3},
                               {'IsGem': False, 'Text': '약점 포착', 'Value': 4},
                               {'IsGem': False, 'Text': '집중', 'Value': 5},
                               {'IsGem': False, 'Text': '폭주 강화', 'Value': 6},
                               {'IsGem': False, 'Text': '플레임 러쉬', 'Value': 7},
                               {'IsGem': False, 'Text': '레드 라이트닝', 'Value': 8},
                               {'IsGem': True,
                                'Text': '스킬 공격력 증가',
                                'Value': 500},
                               {'IsGem': True,
                                'Text': '스킬 쿨타임 감소',
                                'Value': 2700}],
                   'Value': 16050},
                  {'Class': '호크아이',
                   'IsSkillGroup': False,
                   'Text': '크레모아 지뢰',
                   'Tripods': [{'IsGem': False, 'Text': '재빠른 손놀림', 'Value': 1},
                               {'IsGem': False, 'Text': '무기 파괴', 'Value': 2},
                               {'IsGem': False, 'Text': '밀쳐내기', 'Value': 3},
                               {'IsGem': False, 'Text': '천둥벼락', 'Value': 5},
                               {'IsGem': False, 'Text': '불벼락', 'Value': 6},
                               {'IsGem': False, 'Text': '폭풍의 전율', 'Value': 7},
                               {'IsGem': False, 'Text': '집중된 폭풍', 'Value': 8},
                               {'IsGem': True,
                                'Text': '스킬 공격력 증가',
                                'Value': 500},
                               {'IsGem': True,
                                'Text': '스킬 쿨타임 감소',
                                'Value': 2700}],
                   'Value': 28190},
                  {'Class': '데모닉',
                   'IsSkillGroup': False,
                   'Text': '크루얼 커터',
                   'Tripods': [{'IsGem': False, 'Text': '날렵한 움직임', 'Value': 1},
                               {'IsGem': False, 'Text': '마력 조절', 'Value': 2},
                               {'IsGem': False, 'Text': '출혈 효과', 'Value': 3},
                               {'IsGem': False, 'Text': '전기 공격', 'Value': 4},
                               {'IsGem': False, 'Text': '대지 공격', 'Value': 5},
                               {'IsGem': False, 'Text': '원거리 공격', 'Value': 6},
                               {'IsGem': False, 'Text': '부메랑', 'Value': 7},
                               {'IsGem': False, 'Text': '잠식 해방', 'Value': 8},
                               {'IsGem': True,
                                'Text': '스킬 공격력 증가',
                                'Value': 500},
                               {'IsGem': True,
                                'Text': '스킬 쿨타임 감소',
                                'Value': 2700}],
                   'Value': 27180},
                  {'Class': '건슬링어',
                   'IsSkillGroup': False,
                   'Text': '타겟 다운',
                   'Tripods': [{'IsGem': False, 'Text': '대용량 탄창', 'Value': 4},
                               {'IsGem': False, 'Text': '작렬철강탄', 'Value': 5},
                               {'IsGem': False, 'Text': '반자동 라이플', 'Value': 6},
                               {'IsGem': False, 'Text': '정조준', 'Value': 7},
                               {'IsGem': False, 'Text': '천국의 계단', 'Value': 8},
                               {'IsGem': True,
                                'Text': '스킬 공격력 증가',
                                'Value': 500},
                               {'IsGem': True,
                                'Text': '스킬 쿨타임 감소',
                                'Value': 2700}],
                   'Value': 38070},
                  {'Class': '기공사',
                   'IsSkillGroup': False,
                   'Text': '탄지공',
                   'Tripods': [{'IsGem': False, 'Text': '빠른 준비', 'Value': 1},
                               {'IsGem': False, 'Text': '재빠른 손놀림', 'Value': 3},
                               {'IsGem': False, 'Text': '기동성 약화', 'Value': 4},
                               {'IsGem': False, 'Text': '화염 공격', 'Value': 5},
                               {'IsGem': False, 'Text': '무방비 표적', 'Value': 6},
                               {'IsGem': False, 'Text': '초신속 타격', 'Value': 8},
                               {'IsGem': True,
                                'Text': '스킬 공격력 증가',
                                'Value': 500},
                               {'IsGem': True,
                                'Text': '스킬 쿨타임 감소',
                                'Value': 2700}],
                   'Value': 24260},
                  {'Class': '블레이드',
                   'IsSkillGroup': False,
                   'Text': '터닝 슬래쉬',
                   'Tripods': [{'IsGem': False, 'Text': '탁월한 기동성', 'Value': 2},
                               {'IsGem': False, 'Text': '강화된 일격', 'Value': 3},
                               {'IsGem': False, 'Text': '집중 공격', 'Value': 7},
                               {'IsGem': False, 'Text': '트리플 턴', 'Value': 8},
                               {'IsGem': True,
                                'Text': '스킬 공격력 증가',
                                'Value': 500},
                               {'IsGem': True,
                                'Text': '스킬 쿨타임 감소',
                                'Value': 2700}],
                   'Value': 25130},
                  {'Class': '버서커',
                   'IsSkillGroup': False,
                   'Text': '템페스트 슬래쉬',
                   'Tripods': [{'IsGem': False, 'Text': '집중', 'Value': 1},
                               {'IsGem': False, 'Text': '날렵한 움직임', 'Value': 2},
                               {'IsGem': False, 'Text': '빠른 준비', 'Value': 3},
                               {'IsGem': False, 'Text': '급소 타격', 'Value': 4},
                               {'IsGem': False, 'Text': '강화된 일격', 'Value': 5},
                               {'IsGem': False, 'Text': '약점 포착', 'Value': 6},
                               {'IsGem': False, 'Text': '휘몰아치기', 'Value': 7},
                               {'IsGem': False, 'Text': '폭풍 베기', 'Value': 8},
                               {'IsGem': True,
                                'Text': '스킬 공격력 증가',
                                'Value': 500},
                               {'IsGem': True,
                                'Text': '스킬 쿨타임 감소',
                                'Value': 2700}],
                   'Value': 16190},
                  {'Class': '데빌헌터',
                   'IsSkillGroup': False,
                   'Text': '트리플 익스플로젼',
                   'Tripods': [{'IsGem': False, 'Text': '마무리 사격', 'Value': 2},
                               {'IsGem': False, 'Text': '집중력 강화', 'Value': 3},
                               {'IsGem': False, 'Text': '재빠른 손놀림', 'Value': 4},
                               {'IsGem': False, 'Text': '불꽃 탄환', 'Value': 6},
                               {'IsGem': False, 'Text': '쿼드 익스플로젼', 'Value': 7},
                               {'IsGem': False, 'Text': '슈퍼 익스플로젼', 'Value': 8},
                               {'IsGem': True,
                                'Text': '스킬 공격력 증가',
                                'Value': 500},
                               {'IsGem': True,
                                'Text': '스킬 쿨타임 감소',
                                'Value': 2700}],
                   'Value': 29070},
                  {'Class': '블레이드',
                   'IsSkillGroup': False,
                   'Text': '트윈 쉐도우',
                   'Tripods': [{'IsGem': False, 'Text': '마력 조절', 'Value': 1},
                               {'IsGem': False, 'Text': '오브 조절', 'Value': 2},
                               {'IsGem': False, 'Text': '빠른 준비', 'Value': 3},
                               {'IsGem': False, 'Text': '백어택 강화', 'Value': 4},
                               {'IsGem': False, 'Text': '급소 타격', 'Value': 6},
                               {'IsGem': False, 'Text': '십자 공격', 'Value': 7},
                               {'IsGem': False, 'Text': '전진 후퇴', 'Value': 8},
                               {'IsGem': True,
                                'Text': '스킬 공격력 증가',
                                'Value': 500},
                               {'IsGem': True,
                                'Text': '스킬 쿨타임 감소',
                                'Value': 2700}],
                   'Value': 25090},
                  {'Class': '인파이터',
                   'IsSkillGroup': False,
                   'Text': '파쇄격',
                   'Tripods': [{'IsGem': False, 'Text': '과격한 주먹', 'Value': 1},
                               {'IsGem': False, 'Text': '파격적인 행보', 'Value': 3},
                               {'IsGem': False, 'Text': '넘쳐나는 힘', 'Value': 4},
                               {'IsGem': False, 'Text': '충격 조절', 'Value': 5},
                               {'IsGem': False, 'Text': '단단한 갑옷', 'Value': 6},
                               {'IsGem': False, 'Text': '기습 공격', 'Value': 7},
                               {'IsGem': True,
                                'Text': '스킬 공격력 증가',
                                'Value': 500},
                               {'IsGem': True,
                                'Text': '스킬 쿨타임 감소',
                                'Value': 2700}],
                   'Value': 23260},
                  {'Class': '인파이터',
                   'IsSkillGroup': False,
                   'Text': '파쇄의 강타',
                   'Tripods': [{'IsGem': False, 'Text': '피의 갈증', 'Value': 1},
                               {'IsGem': False, 'Text': '삼연살', 'Value': 4},
                               {'IsGem': False, 'Text': '약점 포착', 'Value': 5},
                               {'IsGem': False, 'Text': '집중', 'Value': 6},
                               {'IsGem': False, 'Text': '일격 필살', 'Value': 7},
                               {'IsGem': False, 'Text': '초월의 경지', 'Value': 8},
                               {'IsGem': True,
                                'Text': '스킬 공격력 증가',
                                'Value': 500},
                               {'IsGem': True,
                                'Text': '스킬 쿨타임 감소',
                                'Value': 2700}],
                   'Value': 23090},
                  {'Class': '기공사',
                   'IsSkillGroup': False,
                   'Text': '파쇄장',
                   'Tripods': [{'IsGem': False, 'Text': '인내 강화', 'Value': 1},
                               {'IsGem': False, 'Text': '탁월한 기동성', 'Value': 2},
                               {'IsGem': False, 'Text': '재빠른 손놀림', 'Value': 3},
                               {'IsGem': False, 'Text': '공격 준비', 'Value': 5},
                               {'IsGem': False, 'Text': '달인의 장법', 'Value': 7},
                               {'IsGem': True,
                                'Text': '스킬 공격력 증가',
                                'Value': 500},
                               {'IsGem': True,
                                'Text': '스킬 쿨타임 감소',
                                'Value': 2700}],
                   'Value': 24180},
                  {'Class': '서머너',
                   'IsSkillGroup': False,
                   'Text': '파우루',
                   'Tripods': [{'IsGem': False, 'Text': '황혼의 연소', 'Value': 1},
                               {'IsGem': False, 'Text': '약점 포착', 'Value': 3},
                               {'IsGem': False, 'Text': '공격력 강화', 'Value': 4},
                               {'IsGem': False, 'Text': '타오르는 불꽃', 'Value': 5},
                               {'IsGem': False, 'Text': '소환 유지', 'Value': 6},
                               {'IsGem': False,
                                'Text': '푸른 불꽃 파우루',
                                'Value': 7},
                               {'IsGem': False, 'Text': '화염의 파우루', 'Value': 8},
                               {'IsGem': True,
                                'Text': '스킬 공격력 증가',
                                'Value': 500},
                               {'IsGem': True,
                                'Text': '스킬 쿨타임 감소',
                                'Value': 2700}],
                   'Value': 20110},
                  {'Class': '버서커',
                   'IsSkillGroup': False,
                   'Text': '파워 브레이크',
                   'Tripods': [{'IsGem': False, 'Text': '예리한 일격', 'Value': 1},
                               {'IsGem': False, 'Text': '날렵한 움직임', 'Value': 2},
                               {'IsGem': False, 'Text': '정신 강화', 'Value': 3},
                               {'IsGem': False, 'Text': '강화된 일격', 'Value': 5},
                               {'IsGem': False, 'Text': '무방비 표적', 'Value': 6},
                               {'IsGem': False, 'Text': '위력 축적', 'Value': 7},
                               {'IsGem': False, 'Text': '소용돌이', 'Value': 8},
                               {'IsGem': True,
                                'Text': '스킬 공격력 증가',
                                'Value': 500},
                               {'IsGem': True,
                                'Text': '스킬 쿨타임 감소',
                                'Value': 2700}],
                   'Value': 16030},
                  {'Class': '디스트로이어',
                   'IsSkillGroup': False,
                   'Text': '파워 숄더',
                   'Tripods': [{'IsGem': False, 'Text': '단단한 신체', 'Value': 1},
                               {'IsGem': False, 'Text': '승리의 계약', 'Value': 2},
                               {'IsGem': False, 'Text': '치명적인 힘', 'Value': 3},
                               {'IsGem': False, 'Text': '목표 완료', 'Value': 4},
                               {'IsGem': False, 'Text': '반중력', 'Value': 5},
                               {'IsGem': False, 'Text': '우직한 해머', 'Value': 7},
                               {'IsGem': True,
                                'Text': '스킬 공격력 증가',
                                'Value': 500},
                               {'IsGem': True,
                                'Text': '스킬 쿨타임 감소',
                                'Value': 2700}],
                   'Value': 18220},
                  {'Class': '디스트로이어',
                   'IsSkillGroup': False,
                   'Text': '파워 스트라이크',
                   'Tripods': [{'IsGem': False, 'Text': '무모한 공격', 'Value': 1},
                               {'IsGem': False,
                                'Text': '견딜 수 없는 힘',
                                'Value': 2},
                               {'IsGem': False, 'Text': '재빠른 움직임', 'Value': 3},
                               {'IsGem': False, 'Text': '성장하는 해머', 'Value': 5},
                               {'IsGem': False, 'Text': '끝없는 맹공', 'Value': 7},
                               {'IsGem': False, 'Text': '치밀한 타격', 'Value': 8},
                               {'IsGem': True,
                                'Text': '스킬 공격력 증가',
                                'Value': 500},
                               {'IsGem': True,
                                'Text': '스킬 쿨타임 감소',
                                'Value': 2700}],
                   'Value': 18180},
                  {'Class': '워로드',
                   'IsSkillGroup': False,
                   'Text': '파이어 불릿',
                   'Tripods': [{'IsGem': False, 'Text': '단단한 갑옷', 'Value': 1},
                               {'IsGem': False, 'Text': '행운의 기회', 'Value': 2},
                               {'IsGem': False, 'Text': '마력 조절', 'Value': 3},
                               {'IsGem': False, 'Text': '소이탄', 'Value': 5},
                               {'IsGem': False, 'Text': '강화된 일격', 'Value': 6},
                               {'IsGem': False, 'Text': '공격창출', 'Value': 7},
                               {'IsGem': False, 'Text': '한방포격', 'Value': 8},
                               {'IsGem': True,
                                'Text': '스킬 공격력 증가',
                                'Value': 500},
                               {'IsGem': True,
                                'Text': '스킬 쿨타임 감소',
                                'Value': 2700}],
                   'Value': 17060},
                  {'Class': '리퍼',
                   'IsSkillGroup': False,
                   'Text': '팬텀 댄서',
                   'Tripods': [{'IsGem': False, 'Text': '발목 절단', 'Value': 4},
                               {'IsGem': False, 'Text': '날카로운 단검', 'Value': 6},
                               {'IsGem': False, 'Text': '마무리 동작', 'Value': 7},
                               {'IsGem': False, 'Text': '폭풍의 춤', 'Value': 8},
                               {'IsGem': True,
                                'Text': '스킬 공격력 증가',
                                'Value': 500},
                               {'IsGem': True,
                                'Text': '스킬 쿨타임 감소',
                                'Value': 2700}],
                   'Value': 26140},
                  {'Class': '데빌헌터',
                   'IsSkillGroup': False,
                   'Text': '퍼펙트 샷',
                   'Tripods': [{'IsGem': False, 'Text': '출혈 효과', 'Value': 1},
                               {'IsGem': False, 'Text': '정밀 사격', 'Value': 4},
                               {'IsGem': False, 'Text': '마무리 사격', 'Value': 6},
                               {'IsGem': False, 'Text': '강화된 사격', 'Value': 8},
                               {'IsGem': True,
                                'Text': '스킬 공격력 증가',
                                'Value': 500},
                               {'IsGem': True,
                                'Text': '스킬 쿨타임 감소',
                                'Value': 2700}],
                   'Value': 29270},
                  {'Class': '건슬링어',
                   'IsSkillGroup': False,
                   'Text': '퍼펙트 샷',
                   'Tripods': [{'IsGem': False, 'Text': '출혈 효과', 'Value': 1},
                               {'IsGem': False, 'Text': '정밀 사격', 'Value': 4},
                               {'IsGem': False, 'Text': '마무리 사격', 'Value': 6},
                               {'IsGem': False, 'Text': '강화된 사격', 'Value': 8},
                               {'IsGem': True,
                                'Text': '스킬 공격력 증가',
                                'Value': 500},
                               {'IsGem': True,
                                'Text': '스킬 쿨타임 감소',
                                'Value': 2700}],
                   'Value': 38270},
                  {'Class': '디스트로이어',
                   'IsSkillGroup': False,
                   'Text': '퍼펙트 스윙',
                   'Tripods': [{'IsGem': False, 'Text': '약점 포착', 'Value': 1},
                               {'IsGem': False, 'Text': '중력 충전', 'Value': 2},
                               {'IsGem': False, 'Text': '뇌진탕', 'Value': 4},
                               {'IsGem': False, 'Text': '절대적인 힘', 'Value': 5},
                               {'IsGem': False, 'Text': '학살의 시간', 'Value': 7},
                               {'IsGem': False, 'Text': '무절제', 'Value': 8},
                               {'IsGem': True,
                                'Text': '스킬 공격력 증가',
                                'Value': 500},
                               {'IsGem': True,
                                'Text': '스킬 쿨타임 감소',
                                'Value': 2700}],
                   'Value': 18170},
                  {'Class': '스카우터',
                   'IsSkillGroup': False,
                   'Text': '펄스 파이어',
                   'Tripods': [{'IsGem': False, 'Text': '충격 펄스', 'Value': 4},
                               {'IsGem': False, 'Text': '섬광 펄스', 'Value': 5},
                               {'IsGem': False, 'Text': '배터리 충전', 'Value': 6},
                               {'IsGem': False, 'Text': '명사수', 'Value': 7},
                               {'IsGem': False, 'Text': '펄스 차지', 'Value': 8},
                               {'IsGem': True,
                                'Text': '스킬 공격력 증가',
                                'Value': 500},
                               {'IsGem': True,
                                'Text': '스킬 쿨타임 감소',
                                'Value': 2700}],
                   'Value': 35200},
                  {'Class': '블레이드',
                   'IsSkillGroup': False,
                   'Text': '페이탈 웨이브',
                   'Tripods': [{'IsGem': False, 'Text': '오브 조절', 'Value': 1},
                               {'IsGem': False, 'Text': '재빠른 손놀림', 'Value': 2},
                               {'IsGem': False, 'Text': '약육강식', 'Value': 3},
                               {'IsGem': False, 'Text': '급소 타격', 'Value': 5},
                               {'IsGem': False, 'Text': '냉기 공격', 'Value': 6},
                               {'IsGem': False, 'Text': '더블 웨이브', 'Value': 7},
                               {'IsGem': False, 'Text': '데스 웨이브', 'Value': 8},
                               {'IsGem': True,
                                'Text': '스킬 공격력 증가',
                                'Value': 500},
                               {'IsGem': True,
                                'Text': '스킬 쿨타임 감소',
                                'Value': 2700}],
                   'Value': 25190},
                  {'Class': '기상술사',
                   'IsSkillGroup': False,
                   'Text': '펼치기',
                   'Tripods': [{'IsGem': False, 'Text': '증기 획득', 'Value': 3},
                               {'IsGem': False, 'Text': '외부 충격', 'Value': 4},
                               {'IsGem': False, 'Text': '가벼운 발걸음', 'Value': 5},
                               {'IsGem': False, 'Text': '마나 순환', 'Value': 6},
                               {'IsGem': False, 'Text': '날카로운 장막', 'Value': 7},
                               {'IsGem': False, 'Text': '거대 장막', 'Value': 8},
                               {'IsGem': True,
                                'Text': '스킬 공격력 증가',
                                'Value': 500},
                               {'IsGem': True,
                                'Text': '스킬 쿨타임 감소',
                                'Value': 2700}],
                   'Value': 32110},
                  {'Class': '아르카나',
                   'IsSkillGroup': False,
                   'Text': '포 카드',
                   'Tripods': [{'IsGem': False, 'Text': '신속한 준비', 'Value': 1},
                               {'IsGem': False, 'Text': '정신 강화', 'Value': 2},
                               {'IsGem': False, 'Text': '눈속임', 'Value': 4},
                               {'IsGem': False, 'Text': '카드 강화', 'Value': 6},
                               {'IsGem': False, 'Text': '풀 하우스', 'Value': 7},
                               {'IsGem': True,
                                'Text': '스킬 공격력 증가',
                                'Value': 500},
                               {'IsGem': True,
                                'Text': '스킬 쿨타임 감소',
                                'Value': 2700}],
                   'Value': 19160},
                  {'Class': '건슬링어',
                   'IsSkillGroup': False,
                   'Text': '포커스 샷',
                   'Tripods': [{'IsGem': False, 'Text': '강화 탄환', 'Value': 4},
                               {'IsGem': False, 'Text': '섬광', 'Value': 5},
                               {'IsGem': False, 'Text': '더블탭', 'Value': 6},
                               {'IsGem': False, 'Text': '빠른 마무리', 'Value': 7},
                               {'IsGem': False, 'Text': '최후의 일격', 'Value': 8},
                               {'IsGem': True,
                                'Text': '스킬 공격력 증가',
                                'Value': 500},
                               {'IsGem': True,
                                'Text': '스킬 쿨타임 감소',
                                'Value': 2700}],
                   'Value': 38240},
                  {'Class': '블래스터',
                   'IsSkillGroup': False,
                   'Text': '포탑 소환',
                   'Tripods': [{'IsGem': False, 'Text': '고속 충전', 'Value': 1},
                               {'IsGem': False, 'Text': '보조 배터리', 'Value': 2},
                               {'IsGem': False, 'Text': '강화된 포탑', 'Value': 4},
                               {'IsGem': False, 'Text': '빅 팩', 'Value': 7},
                               {'IsGem': False, 'Text': '레이저 포탑', 'Value': 8},
                               {'IsGem': True,
                                'Text': '스킬 공격력 증가',
                                'Value': 500},
                               {'IsGem': True,
                                'Text': '스킬 쿨타임 감소',
                                'Value': 2700}],
                   'Value': 30100},
                  {'Class': '바드',
                   'IsSkillGroup': False,
                   'Text': '폭풍의 서곡',
                   'Tripods': [{'IsGem': False, 'Text': '정신 집중', 'Value': 1},
                               {'IsGem': False, 'Text': '빠른 준비', 'Value': 2},
                               {'IsGem': False, 'Text': '약육강식', 'Value': 3},
                               {'IsGem': False, 'Text': '선율 증가', 'Value': 5},
                               {'IsGem': False, 'Text': '낙뢰 강화', 'Value': 6},
                               {'IsGem': False, 'Text': '강력한 서곡', 'Value': 7},
                               {'IsGem': False, 'Text': '낙뢰 집중', 'Value': 8},
                               {'IsGem': True,
                                'Text': '스킬 공격력 증가',
                                'Value': 500},
                               {'IsGem': True,
                                'Text': '스킬 쿨타임 감소',
                                'Value': 2700}],
                   'Value': 21080},
                  {'Class': '블레이드',
                   'IsSkillGroup': False,
                   'Text': '폴스타',
                   'Tripods': [{'IsGem': False, 'Text': '빠른 준비', 'Value': 1},
                               {'IsGem': False, 'Text': '오브 조절', 'Value': 2},
                               {'IsGem': False, 'Text': '약점 포착', 'Value': 3},
                               {'IsGem': False, 'Text': '급소 타격', 'Value': 5},
                               {'IsGem': False, 'Text': '문 스타', 'Value': 7},
                               {'IsGem': False, 'Text': '스타 더스트', 'Value': 8},
                               {'IsGem': True,
                                'Text': '스킬 공격력 증가',
                                'Value': 500},
                               {'IsGem': True,
                                'Text': '스킬 쿨타임 감소',
                                'Value': 2700}],
                   'Value': 25170},
                  {'Class': '디스트로이어',
                   'IsSkillGroup': False,
                   'Text': '풀 스윙',
                   'Tripods': [{'IsGem': False, 'Text': '단단한 심장', 'Value': 1},
                               {'IsGem': False, 'Text': '재빠른 움직임', 'Value': 2},
                               {'IsGem': False, 'Text': '빠른 준비', 'Value': 3},
                               {'IsGem': False, 'Text': '중력 충전', 'Value': 5},
                               {'IsGem': False, 'Text': '무서운 해머', 'Value': 6},
                               {'IsGem': False, 'Text': '야수의 눈', 'Value': 7},
                               {'IsGem': False, 'Text': '광폭한 공격', 'Value': 8},
                               {'IsGem': True,
                                'Text': '스킬 공격력 증가',
                                'Value': 500},
                               {'IsGem': True,
                                'Text': '스킬 쿨타임 감소',
                                'Value': 2700}],
                   'Value': 18070},
                  {'Class': '기공사',
                   'IsSkillGroup': False,
                   'Text': '풍뢰일광포',
                   'Tripods': [{'IsGem': False, 'Text': '충전 강화', 'Value': 1},
                               {'IsGem': False, 'Text': '본능적인 움직임', 'Value': 2},
                               {'IsGem': False, 'Text': '시간의 노래', 'Value': 3},
                               {'IsGem': False, 'Text': '표적 삭제', 'Value': 5},
                               {'IsGem': False, 'Text': '상황 종료', 'Value': 7},
                               {'IsGem': False, 'Text': '폭발적인 공격', 'Value': 8},
                               {'IsGem': True,
                                'Text': '스킬 공격력 증가',
                                'Value': 500},
                               {'IsGem': True,
                                'Text': '스킬 쿨타임 감소',
                                'Value': 2700}],
                   'Value': 24190},
                  {'Class': '창술사',
                   'IsSkillGroup': False,
                   'Text': '풍진격',
                   'Tripods': [{'IsGem': False, 'Text': '마력 조절', 'Value': 1},
                               {'IsGem': False, 'Text': '발묶기', 'Value': 3},
                               {'IsGem': False, 'Text': '난무 특화', 'Value': 4},
                               {'IsGem': False, 'Text': '약점 포착', 'Value': 5},
                               {'IsGem': False, 'Text': '최후의 판단', 'Value': 6},
                               {'IsGem': False, 'Text': '대회전', 'Value': 7},
                               {'IsGem': False, 'Text': '내려치기', 'Value': 8},
                               {'IsGem': True,
                                'Text': '스킬 공격력 증가',
                                'Value': 500},
                               {'IsGem': True,
                                'Text': '스킬 쿨타임 감소',
                                'Value': 2700}],
                   'Value': 34050},
                  {'Class': '데빌헌터',
                   'IsSkillGroup': False,
                   'Text': '플라즈마 불릿',
                   'Tripods': [{'IsGem': False, 'Text': '원거리 사격', 'Value': 1},
                               {'IsGem': False, 'Text': '재빠른 사격', 'Value': 2},
                               {'IsGem': False, 'Text': '빙결 효과', 'Value': 5},
                               {'IsGem': False, 'Text': '급소 사격', 'Value': 6},
                               {'IsGem': False, 'Text': '초전하 지대', 'Value': 7},
                               {'IsGem': False, 'Text': '플라즈마 분열', 'Value': 8},
                               {'IsGem': True,
                                'Text': '스킬 공격력 증가',
                                'Value': 500},
                               {'IsGem': True,
                                'Text': '스킬 쿨타임 감소',
                                'Value': 2700}],
                   'Value': 29140},
                  {'Class': '건슬링어',
                   'IsSkillGroup': False,
                   'Text': '플라즈마 불릿',
                   'Tripods': [{'IsGem': False, 'Text': '원거리 사격', 'Value': 1},
                               {'IsGem': False, 'Text': '재빠른 사격', 'Value': 2},
                               {'IsGem': False, 'Text': '빙결 효과', 'Value': 5},
                               {'IsGem': False, 'Text': '급소 사격', 'Value': 6},
                               {'IsGem': False, 'Text': '초전하 지대', 'Value': 7},
                               {'IsGem': False, 'Text': '플라즈마 분열', 'Value': 8},
                               {'IsGem': True,
                                'Text': '스킬 공격력 증가',
                                'Value': 500},
                               {'IsGem': True,
                                'Text': '스킬 쿨타임 감소',
                                'Value': 2700}],
                   'Value': 38140},
                  {'Class': '블래스터',
                   'IsSkillGroup': False,
                   'Text': '플라즈마 스톰',
                   'Tripods': [{'IsGem': False, 'Text': '재빠른 손놀림', 'Value': 1},
                               {'IsGem': False, 'Text': '단단한 갑옷', 'Value': 2},
                               {'IsGem': False, 'Text': '기절 효과', 'Value': 3},
                               {'IsGem': False, 'Text': '고속 비행', 'Value': 4},
                               {'IsGem': False, 'Text': '플라즈마 성장', 'Value': 7},
                               {'IsGem': True,
                                'Text': '스킬 공격력 증가',
                                'Value': 500},
                               {'IsGem': True,
                                'Text': '스킬 쿨타임 감소',
                                'Value': 2700}],
                   'Value': 30210},
                  {'Class': '버서커',
                   'IsSkillGroup': False,
                   'Text': '피니쉬 스트라이크',
                   'Tripods': [{'IsGem': False, 'Text': '출혈 효과', 'Value': 2},
                               {'IsGem': False, 'Text': '강화된 일격', 'Value': 3},
                               {'IsGem': False, 'Text': '마무리 공격', 'Value': 4},
                               {'IsGem': False, 'Text': '약점 포착', 'Value': 6},
                               {'IsGem': False, 'Text': '충격파', 'Value': 7},
                               {'IsGem': False, 'Text': '확인사살', 'Value': 8},
                               {'IsGem': True,
                                'Text': '스킬 공격력 증가',
                                'Value': 500},
                               {'IsGem': True,
                                'Text': '스킬 쿨타임 감소',
                                'Value': 2700}],
                   'Value': 16300},
                  {'Class': '건슬링어',
                   'IsSkillGroup': False,
                   'Text': '피스키퍼',
                   'Tripods': [{'IsGem': False, 'Text': '마력 조절', 'Value': 1},
                               {'IsGem': False, 'Text': '대공 사격', 'Value': 4},
                               {'IsGem': False, 'Text': '케나인 CQC', 'Value': 6},
                               {'IsGem': False, 'Text': '기절 효과', 'Value': 7},
                               {'IsGem': False, 'Text': '정화 의식', 'Value': 8},
                               {'IsGem': True,
                                'Text': '스킬 공격력 증가',
                                'Value': 500},
                               {'IsGem': True,
                                'Text': '스킬 쿨타임 감소',
                                'Value': 2700}],
                   'Value': 38260},
                  {'Class': '데모닉',
                   'IsSkillGroup': False,
                   'Text': '피어스 쏜',
                   'Tripods': [{'IsGem': False, 'Text': '마력 조절', 'Value': 1},
                               {'IsGem': False, 'Text': '출혈 효과', 'Value': 2},
                               {'IsGem': False, 'Text': '강화된 일격', 'Value': 3},
                               {'IsGem': False, 'Text': '부패한 지대', 'Value': 4},
                               {'IsGem': False, 'Text': '트리플 쏜', 'Value': 5},
                               {'IsGem': False, 'Text': '빠른 준비', 'Value': 6},
                               {'IsGem': False, 'Text': '전진하는 가시', 'Value': 7},
                               {'IsGem': False, 'Text': '거대한 가시', 'Value': 8},
                               {'IsGem': True,
                                'Text': '스킬 공격력 증가',
                                'Value': 500},
                               {'IsGem': True,
                                'Text': '스킬 쿨타임 감소',
                                'Value': 2700}],
                   'Value': 27110},
                  {'Class': '도화가',
                   'IsSkillGroup': False,
                   'Text': '필법 : 먹물세례',
                   'Tripods': [{'IsGem': False, 'Text': '기운 강화', 'Value': 2},
                               {'IsGem': False, 'Text': '재빠른 손놀림', 'Value': 3},
                               {'IsGem': False, 'Text': '강화된 먹물', 'Value': 5},
                               {'IsGem': False, 'Text': '끈적한 먹물', 'Value': 6},
                               {'IsGem': False, 'Text': '적묵법', 'Value': 7},
                               {'IsGem': True,
                                'Text': '스킬 공격력 증가',
                                'Value': 500},
                               {'IsGem': True,
                                'Text': '스킬 쿨타임 감소',
                                'Value': 2700}],
                   'Value': 31200},
                  {'Class': '도화가',
                   'IsSkillGroup': False,
                   'Text': '필법 : 올려치기',
                   'Tripods': [{'IsGem': False, 'Text': '기운 강화', 'Value': 2},
                               {'IsGem': False, 'Text': '정신 강화', 'Value': 3},
                               {'IsGem': False, 'Text': '빙글빙글', 'Value': 4},
                               {'IsGem': False, 'Text': '공중 회전', 'Value': 5},
                               {'IsGem': False, 'Text': '치명적인 일격', 'Value': 7},
                               {'IsGem': False, 'Text': '강화된 일격', 'Value': 8},
                               {'IsGem': True,
                                'Text': '스킬 공격력 증가',
                                'Value': 500},
                               {'IsGem': True,
                                'Text': '스킬 쿨타임 감소',
                                'Value': 2700}],
                   'Value': 31510},
                  {'Class': '도화가',
                   'IsSkillGroup': False,
                   'Text': '필법 : 콩콩이',
                   'Tripods': [{'IsGem': False, 'Text': '기운 강화', 'Value': 1},
                               {'IsGem': False, 'Text': '단단한 갑옷', 'Value': 2},
                               {'IsGem': False, 'Text': '노란색 먹물', 'Value': 4},
                               {'IsGem': False, 'Text': '검정색 먹물', 'Value': 5},
                               {'IsGem': False, 'Text': '보라색 먹물', 'Value': 6},
                               {'IsGem': False, 'Text': '일점 타격', 'Value': 8},
                               {'IsGem': True,
                                'Text': '스킬 공격력 증가',
                                'Value': 500},
                               {'IsGem': True,
                                'Text': '스킬 쿨타임 감소',
                                'Value': 2700}],
                   'Value': 31210},
                  {'Class': '도화가',
                   'IsSkillGroup': False,
                   'Text': '필법 : 한획긋기',
                   'Tripods': [{'IsGem': False, 'Text': '끈적한 먹물', 'Value': 1},
                               {'IsGem': False, 'Text': '재빠른 손놀림', 'Value': 2},
                               {'IsGem': False, 'Text': '기운 강화', 'Value': 3},
                               {'IsGem': False, 'Text': '급소 타격', 'Value': 4},
                               {'IsGem': False, 'Text': '연속 긋기', 'Value': 5},
                               {'IsGem': False, 'Text': '거대한 붓', 'Value': 6},
                               {'IsGem': False, 'Text': '강화된 일격', 'Value': 7},
                               {'IsGem': False, 'Text': '도화지 생성', 'Value': 8},
                               {'IsGem': True,
                                'Text': '스킬 공격력 증가',
                                'Value': 500},
                               {'IsGem': True,
                                'Text': '스킬 쿨타임 감소',
                                'Value': 2700}],
                   'Value': 31470},
                  {'Class': '도화가',
                   'IsSkillGroup': False,
                   'Text': '필법 : 흩뿌리기',
                   'Tripods': [{'IsGem': False, 'Text': '정신 강화', 'Value': 2},
                               {'IsGem': False, 'Text': '직선 긋기', 'Value': 4},
                               {'IsGem': False, 'Text': '마침표 뿌리기', 'Value': 5},
                               {'IsGem': False, 'Text': '검은 먹물', 'Value': 6},
                               {'IsGem': False, 'Text': '방랑자', 'Value': 7},
                               {'IsGem': False, 'Text': '먹의 비호', 'Value': 8},
                               {'IsGem': True,
                                'Text': '스킬 공격력 증가',
                                'Value': 500},
                               {'IsGem': True,
                                'Text': '스킬 쿨타임 감소',
                                'Value': 2700}],
                   'Value': 31430},
                  {'Class': '데모닉',
                   'IsSkillGroup': False,
                   'Text': '하울링',
                   'Tripods': [{'IsGem': False, 'Text': '재빠른 손놀림', 'Value': 1},
                               {'IsGem': False, 'Text': '공포 유지', 'Value': 2},
                               {'IsGem': False, 'Text': '약육강식', 'Value': 4},
                               {'IsGem': False, 'Text': '잠식하는 힘', 'Value': 5},
                               {'IsGem': False, 'Text': '분노의 괴성', 'Value': 7},
                               {'IsGem': False, 'Text': '마이티 로어', 'Value': 8},
                               {'IsGem': True,
                                'Text': '스킬 공격력 증가',
                                'Value': 500},
                               {'IsGem': True,
                                'Text': '스킬 쿨타임 감소',
                                'Value': 2700}],
                   'Value': 27170},
                  {'Class': '바드',
                   'IsSkillGroup': False,
                   'Text': '행진곡',
                   'Tripods': [{'IsGem': False, 'Text': '시간 감소', 'Value': 1},
                               {'IsGem': False, 'Text': '정신 강화', 'Value': 2},
                               {'IsGem': False, 'Text': '경쾌한 행진곡', 'Value': 3},
                               {'IsGem': False, 'Text': '행진 강화', 'Value': 5},
                               {'IsGem': False, 'Text': '위협적 행진', 'Value': 7},
                               {'IsGem': False, 'Text': '선율의 행진', 'Value': 8},
                               {'IsGem': True,
                                'Text': '스킬 공격력 증가',
                                'Value': 500},
                               {'IsGem': True,
                                'Text': '스킬 쿨타임 감소',
                                'Value': 2700}],
                   'Value': 21270},
                  {'Class': '블레이드',
                   'IsSkillGroup': False,
                   'Text': '헤드 헌트',
                   'Tripods': [{'IsGem': False, 'Text': '빠른 준비', 'Value': 1},
                               {'IsGem': False, 'Text': '마력 조절', 'Value': 2},
                               {'IsGem': False, 'Text': '무기 파괴', 'Value': 3},
                               {'IsGem': False, 'Text': '강화된 일격', 'Value': 6},
                               {'IsGem': False, 'Text': '약점 포착', 'Value': 7},
                               {'IsGem': True,
                                'Text': '스킬 공격력 증가',
                                'Value': 500},
                               {'IsGem': True,
                                'Text': '스킬 쿨타임 감소',
                                'Value': 2700}],
                   'Value': 25210},
                  {'Class': '디스트로이어',
                   'IsSkillGroup': False,
                   'Text': '헤비 크러쉬',
                   'Tripods': [{'IsGem': False, 'Text': '암흑물질', 'Value': 2},
                               {'IsGem': False, 'Text': '대지의 힘', 'Value': 3},
                               {'IsGem': False, 'Text': '분쇄', 'Value': 4},
                               {'IsGem': False, 'Text': '약육강식', 'Value': 5},
                               {'IsGem': False, 'Text': '무방비 표적', 'Value': 6},
                               {'IsGem': False, 'Text': '여진', 'Value': 8},
                               {'IsGem': True,
                                'Text': '스킬 공격력 증가',
                                'Value': 500},
                               {'IsGem': True,
                                'Text': '스킬 쿨타임 감소',
                                'Value': 2700}],
                   'Value': 18050},
                  {'Class': '버서커',
                   'IsSkillGroup': False,
                   'Text': '헬 블레이드',
                   'Tripods': [{'IsGem': False, 'Text': '도약', 'Value': 2},
                               {'IsGem': False, 'Text': '융해', 'Value': 4},
                               {'IsGem': False, 'Text': '용암 분출', 'Value': 5},
                               {'IsGem': False, 'Text': '필사의 일격', 'Value': 6},
                               {'IsGem': False, 'Text': '대지 뒤집기', 'Value': 7},
                               {'IsGem': True,
                                'Text': '스킬 공격력 증가',
                                'Value': 500},
                               {'IsGem': True,
                                'Text': '스킬 쿨타임 감소',
                                'Value': 2700}],
                   'Value': 16080},
                  {'Class': '소서리스',
                   'IsSkillGroup': False,
                   'Text': '혹한의 부름',
                   'Tripods': [{'IsGem': False, 'Text': '오한', 'Value': 1},
                               {'IsGem': False, 'Text': '정신 강화', 'Value': 2},
                               {'IsGem': False, 'Text': '깨달음', 'Value': 3},
                               {'IsGem': False, 'Text': '지배력 강화', 'Value': 4},
                               {'IsGem': False, 'Text': '불완전한 지배', 'Value': 5},
                               {'IsGem': False, 'Text': '통찰력', 'Value': 6},
                               {'IsGem': False, 'Text': '강화된 일격', 'Value': 7},
                               {'IsGem': False, 'Text': '최후의 일격', 'Value': 8},
                               {'IsGem': True,
                                'Text': '스킬 공격력 증가',
                                'Value': 500},
                               {'IsGem': True,
                                'Text': '스킬 쿨타임 감소',
                                'Value': 2700}],
                   'Value': 37340},
                  {'Class': '블래스터',
                   'IsSkillGroup': False,
                   'Text': '화염방사기',
                   'Tripods': [{'IsGem': False, 'Text': '급소 공격', 'Value': 1},
                               {'IsGem': False, 'Text': '빠른 준비', 'Value': 2},
                               {'IsGem': False, 'Text': '장전', 'Value': 3},
                               {'IsGem': False, 'Text': '방어막', 'Value': 6},
                               {'IsGem': False, 'Text': '푸른 불꽃', 'Value': 7},
                               {'IsGem': False, 'Text': '불 태우기', 'Value': 8},
                               {'IsGem': True,
                                'Text': '스킬 공격력 증가',
                                'Value': 500},
                               {'IsGem': True,
                                'Text': '스킬 쿨타임 감소',
                                'Value': 2700}],
                   'Value': 30120},
                  {'Class': '배틀마스터',
                   'IsSkillGroup': False,
                   'Text': '화조강림',
                   'Tripods': [{'IsGem': False, 'Text': '가벼운 표적', 'Value': 2},
                               {'IsGem': False, 'Text': '뜨거운 열기', 'Value': 3},
                               {'IsGem': False, 'Text': '맹렬한 공격', 'Value': 4},
                               {'IsGem': False, 'Text': '약점 포착', 'Value': 5},
                               {'IsGem': False, 'Text': '동결 효과', 'Value': 6},
                               {'IsGem': False,
                                'Text': '멈추지 않는 기습',
                                'Value': 7},
                               {'IsGem': False, 'Text': '날렵한 움직임', 'Value': 8},
                               {'IsGem': True,
                                'Text': '스킬 공격력 증가',
                                'Value': 500},
                               {'IsGem': True,
                                'Text': '스킬 쿨타임 감소',
                                'Value': 2700}],
                   'Value': 22130},
                  {'Class': '스트라이커',
                   'IsSkillGroup': False,
                   'Text': '화조강림',
                   'Tripods': [{'IsGem': False, 'Text': '가벼운 표적', 'Value': 2},
                               {'IsGem': False, 'Text': '뜨거운 열기', 'Value': 3},
                               {'IsGem': False, 'Text': '맹렬한 공격', 'Value': 4},
                               {'IsGem': False, 'Text': '약점 포착', 'Value': 5},
                               {'IsGem': False, 'Text': '동결 효과', 'Value': 6},
                               {'IsGem': False,
                                'Text': '멈추지 않는 기습',
                                'Value': 7},
                               {'IsGem': False, 'Text': '날렵한 움직임', 'Value': 8},
                               {'IsGem': True,
                                'Text': '스킬 공격력 증가',
                                'Value': 500},
                               {'IsGem': True,
                                'Text': '스킬 쿨타임 감소',
                                'Value': 2700}],
                   'Value': 39130},
                  {'Class': '아르카나',
                   'IsSkillGroup': False,
                   'Text': '황제',
                   'Tripods': [{'IsGem': True,
                                'Text': '스킬 공격력 증가',
                                'Value': 500},
                               {'IsGem': True,
                                'Text': '스킬 쿨타임 감소',
                                'Value': 2700}],
                   'Value': 19282},
                  {'Class': '기공사',
                   'IsSkillGroup': False,
                   'Text': '회선격추',
                   'Tripods': [{'IsGem': False, 'Text': '속도 강화', 'Value': 2},
                               {'IsGem': False, 'Text': '무방비 표적', 'Value': 5},
                               {'IsGem': False, 'Text': '무자비', 'Value': 6},
                               {'IsGem': False, 'Text': '적극적인 공격', 'Value': 8},
                               {'IsGem': True,
                                'Text': '스킬 공격력 증가',
                                'Value': 500},
                               {'IsGem': True,
                                'Text': '스킬 쿨타임 감소',
                                'Value': 2700}],
                   'Value': 24220},
                  {'Class': '창술사',
                   'IsSkillGroup': False,
                   'Text': '회선창',
                   'Tripods': [{'IsGem': False, 'Text': '마력 조절', 'Value': 1},
                               {'IsGem': False, 'Text': '약점 포착', 'Value': 4},
                               {'IsGem': False, 'Text': '화력 조절', 'Value': 5},
                               {'IsGem': False, 'Text': '바닥 가르기', 'Value': 7},
                               {'IsGem': False, 'Text': '연속 회전', 'Value': 8},
                               {'IsGem': True,
                                'Text': '스킬 공격력 증가',
                                'Value': 500},
                               {'IsGem': True,
                                'Text': '스킬 쿨타임 감소',
                                'Value': 2700}],
                   'Value': 34070},
                  {'Class': '인파이터',
                   'IsSkillGroup': False,
                   'Text': '회심의 일격',
                   'Tripods': [{'IsGem': False, 'Text': '빠른 준비', 'Value': 1},
                               {'IsGem': False, 'Text': '급소타격', 'Value': 2},
                               {'IsGem': False, 'Text': '단전 강화', 'Value': 3},
                               {'IsGem': False, 'Text': '인대 파열', 'Value': 5},
                               {'IsGem': False, 'Text': '통달', 'Value': 7},
                               {'IsGem': False, 'Text': '초열음파', 'Value': 8},
                               {'IsGem': True,
                                'Text': '스킬 공격력 증가',
                                'Value': 500},
                               {'IsGem': True,
                                'Text': '스킬 쿨타임 감소',
                                'Value': 2700}],
                   'Value': 23210},
                  {'Class': '기상술사',
                   'IsSkillGroup': False,
                   'Text': '회오리 걸음',
                   'Tripods': [{'IsGem': False, 'Text': '재빠른 손놀림', 'Value': 1},
                               {'IsGem': False, 'Text': '예리한 일격', 'Value': 4},
                               {'IsGem': False, 'Text': '약육강식', 'Value': 5},
                               {'IsGem': False, 'Text': '역류', 'Value': 6},
                               {'IsGem': False, 'Text': '마지막 결정타', 'Value': 7},
                               {'IsGem': False, 'Text': '초고속 회전', 'Value': 8},
                               {'IsGem': True,
                                'Text': '스킬 공격력 증가',
                                'Value': 500},
                               {'IsGem': True,
                                'Text': '스킬 쿨타임 감소',
                                'Value': 2700}],
                   'Value': 32180},
                  {'Class': '홀리나이트',
                   'IsSkillGroup': False,
                   'Text': '회전 베기',
                   'Tripods': [{'IsGem': False, 'Text': '급소 타격', 'Value': 2},
                               {'IsGem': False, 'Text': '혼신의 일격', 'Value': 3},
                               {'IsGem': False, 'Text': '약육강식', 'Value': 4},
                               {'IsGem': False, 'Text': '힘의 방출', 'Value': 5},
                               {'IsGem': False, 'Text': '탁월한 기동성', 'Value': 6},
                               {'IsGem': False, 'Text': '연속 공격', 'Value': 7},
                               {'IsGem': False, 'Text': '검의 흔적', 'Value': 8},
                               {'IsGem': True,
                                'Text': '스킬 공격력 증가',
                                'Value': 500},
                               {'IsGem': True,
                                'Text': '스킬 쿨타임 감소',
                                'Value': 2700}],
                   'Value': 36030},
                  {'Class': '호크아이',
                   'IsSkillGroup': False,
                   'Text': '회피 사격',
                   'Tripods': [{'IsGem': False, 'Text': '재빠른 손놀림', 'Value': 1},
                               {'IsGem': False, 'Text': '탁월한 기동성', 'Value': 2},
                               {'IsGem': False, 'Text': '빠른 준비', 'Value': 3},
                               {'IsGem': False, 'Text': '가벼운 발걸음', 'Value': 4},
                               {'IsGem': False, 'Text': '무거운 화살', 'Value': 6},
                               {'IsGem': False, 'Text': '회심의 일격', 'Value': 7},
                               {'IsGem': False, 'Text': '전략적 회피', 'Value': 8},
                               {'IsGem': True,
                                'Text': '스킬 공격력 증가',
                                'Value': 500},
                               {'IsGem': True,
                                'Text': '스킬 쿨타임 감소',
                                'Value': 2700}],
                   'Value': 28100},
                  {'Class': '블래스터',
                   'IsSkillGroup': False,
                   'Text': '휘두르기',
                   'Tripods': [{'IsGem': False, 'Text': '마력 조절', 'Value': 1},
                               {'IsGem': False, 'Text': '마나 갈취', 'Value': 6},
                               {'IsGem': False, 'Text': '강화된 일격', 'Value': 7},
                               {'IsGem': False, 'Text': '기절 유지', 'Value': 8},
                               {'IsGem': True,
                                'Text': '스킬 공격력 증가',
                                'Value': 500},
                               {'IsGem': True,
                                'Text': '스킬 쿨타임 감소',
                                'Value': 2700}],
                   'Value': 30140},
                  {'Class': '버서커',
                   'IsSkillGroup': False,
                   'Text': '휠윈드',
                   'Tripods': [{'IsGem': False, 'Text': '가벼운 발걸음', 'Value': 1},
                               {'IsGem': False, 'Text': '빠른 준비', 'Value': 3},
                               {'IsGem': False, 'Text': '전진 베기', 'Value': 4},
                               {'IsGem': False, 'Text': '대차륜', 'Value': 5},
                               {'IsGem': False, 'Text': '갈라진 칼날', 'Value': 6},
                               {'IsGem': False, 'Text': '진공베기', 'Value': 7},
                               {'IsGem': False, 'Text': '용오름', 'Value': 8},
                               {'IsGem': True,
                                'Text': '스킬 공격력 증가',
                                'Value': 500},
                               {'IsGem': True,
                                'Text': '스킬 쿨타임 감소',
                                'Value': 2700}],
                   'Value': 16070},
                  {'Class': '기공사',
                   'IsSkillGroup': False,
                   'Text': '흡철장',
                   'Tripods': [{'IsGem': False, 'Text': '단단한 갑옷', 'Value': 1},
                               {'IsGem': False, 'Text': '충전 강화', 'Value': 2},
                               {'IsGem': False, 'Text': '운용 집중', 'Value': 3},
                               {'IsGem': False, 'Text': '재빠른 손놀림', 'Value': 5},
                               {'IsGem': False, 'Text': '무자비', 'Value': 6},
                               {'IsGem': False, 'Text': '폭발하는 불꽃', 'Value': 7},
                               {'IsGem': True,
                                'Text': '스킬 공격력 증가',
                                'Value': 500},
                               {'IsGem': True,
                                'Text': '스킬 쿨타임 감소',
                                'Value': 2700}],
                   'Value': 24170},
                  {'Class': '서머너',
                   'IsSkillGroup': True,
                   'Text': '고대의 정령 스킬',
                   'Tripods': [{'IsGem': True,
                                'Text': '스킬 공격력 증가',
                                'Value': 500},
                               {'IsGem': True,
                                'Text': '스킬 쿨타임 감소',
                                'Value': 2700}],
                   'Value': 23000},
                  {'Class': '블레이드',
                   'IsSkillGroup': True,
                   'Text': '버스트 스킬',
                   'Tripods': [{'IsGem': True,
                                'Text': '스킬 공격력 증가',
                                'Value': 500},
                               {'IsGem': True,
                                'Text': '스킬 쿨타임 감소',
                                'Value': 2700}],
                   'Value': 41000},
                  {'Class': '호크아이',
                   'IsSkillGroup': True,
                   'Text': '실버호크 스킬',
                   'Tripods': [{'IsGem': True,
                                'Text': '스킬 공격력 증가',
                                'Value': 500},
                               {'IsGem': True,
                                'Text': '스킬 쿨타임 감소',
                                'Value': 2700}],
                   'Value': 51000},
                  {'Class': '스카우터',
                   'IsSkillGroup': True,
                   'Text': '싱크 스킬',
                   'Tripods': [{'IsGem': True,
                                'Text': '스킬 공격력 증가',
                                'Value': 500},
                               {'IsGem': True,
                                'Text': '스킬 쿨타임 감소',
                                'Value': 2700}],
                   'Value': 54000},
                  {'Class': '데모닉',
                   'IsSkillGroup': True,
                   'Text': '악마 스킬',
                   'Tripods': [{'IsGem': True,
                                'Text': '스킬 공격력 증가',
                                'Value': 500},
                               {'IsGem': True,
                                'Text': '스킬 쿨타임 감소',
                                'Value': 2700}],
                   'Value': 42000},
                  {'Class': '기상술사',
                   'IsSkillGroup': True,
                   'Text': '여우비 스킬',
                   'Tripods': [{'IsGem': True,
                                'Text': '스킬 공격력 증가',
                                'Value': 500},
                               {'IsGem': True,
                                'Text': '스킬 쿨타임 감소',
                                'Value': 2700}],
                   'Value': 62000},
                  {'Class': '디스트로이어',
                   'IsSkillGroup': True,
                   'Text': '중력 가중 스킬',
                   'Tripods': [{'IsGem': True,
                                'Text': '스킬 공격력 증가',
                                'Value': 500},
                               {'IsGem': True,
                                'Text': '스킬 쿨타임 감소',
                                'Value': 2700}],
                   'Value': 13000},
                  {'Class': '블래스터',
                   'IsSkillGroup': True,
                   'Text': '포격 스킬',
                   'Tripods': [{'IsGem': True,
                                'Text': '스킬 공격력 증가',
                                'Value': 500},
                               {'IsGem': True,
                                'Text': '스킬 쿨타임 감소',
                                'Value': 2700}],
                   'Value': 53000}]}
